
 Start         Length     Name                   Class
 0001:00401000 0006F5C4H .text                   CODE
 0002:00471000 00000BE0H .itext                  ICODE
 0003:00472000 00003C10H .data                   DATA
 0004:00476000 00188C74H .bss                    BSS
 0005:00000000 00000000H .tls                    TLS


Detailed map of segments

 0001:00000000 00009051 C=CODE     S=.text    G=(none)   M=System   ACBP=A9
 0001:00009054 000001A8 C=CODE     S=.text    G=(none)   M=SysInit  ACBP=A9
 0001:000091FC 00000FDD C=CODE     S=.text    G=(none)   M=Windows  ACBP=A9
 0001:0000A1DC 00001547 C=CODE     S=.text    G=(none)   M=FastMM4  ACBP=A9
 0001:0000B724 00000348 C=CODE     S=.text    G=(none)   M=SysConst ACBP=A9
 0001:0000BA6C 000000F8 C=CODE     S=.text    G=(none)   M=RTLConsts ACBP=A9
 0001:0000BB64 000001D0 C=CODE     S=.text    G=(none)   M=Character ACBP=A9
 0001:0000BD34 00000131 C=CODE     S=.text    G=(none)   M=StrUtils ACBP=A9
 0001:0000BE68 0000CCDF C=CODE     S=.text    G=(none)   M=SysUtils ACBP=A9
 0001:00018B48 00000172 C=CODE     S=.text    G=(none)   M=ActiveX  ACBP=A9
 0001:00018CBC 000007D3 C=CODE     S=.text    G=(none)   M=VarUtils ACBP=A9
 0001:00019490 0000818C C=CODE     S=.text    G=(none)   M=Variants ACBP=A9
 0001:0002161C 0000180B C=CODE     S=.text    G=(none)   M=TypInfo  ACBP=A9
 0001:00022E28 000166BC C=CODE     S=.text    G=(none)   M=Classes  ACBP=A9
 0001:000394E4 0000062A C=CODE     S=.text    G=(none)   M=Contnrs  ACBP=A9
 0001:00039B10 000008D3 C=CODE     S=.text    G=(none)   M=SyncObjs ACBP=A9
 0001:0003A3E4 000008AF C=CODE     S=.text    G=(none)   M=JclResources ACBP=A9
 0001:0003AC94 000003DF C=CODE     S=.text    G=(none)   M=JclBase  ACBP=A9
 0001:0003B074 000018BF C=CODE     S=.text    G=(none)   M=JclWin32 ACBP=A9
 0001:0003C934 000001B7 C=CODE     S=.text    G=(none)   M=JclLogic ACBP=A9
 0001:0003CAEC 00000024 C=CODE     S=.text    G=(none)   M=AnsiStrings ACBP=A9
 0001:0003CB10 0000107F C=CODE     S=.text    G=(none)   M=JclStringConversions ACBP=A9
 0001:0003DB90 000029C3 C=CODE     S=.text    G=(none)   M=JclCharsets ACBP=A9
 0001:00040554 000001AF C=CODE     S=.text    G=(none)   M=Jcl8087  ACBP=A9
 0001:00040704 0000022A C=CODE     S=.text    G=(none)   M=JclMath  ACBP=A9
 0001:00040930 00000020 C=CODE     S=.text    G=(none)   M=ComConst ACBP=A9
 0001:00040950 00001143 C=CODE     S=.text    G=(none)   M=ComObj   ACBP=A9
 0001:00041A94 000001BC C=CODE     S=.text    G=(none)   M=Snmp     ACBP=A9
 0001:00041C50 00000403 C=CODE     S=.text    G=(none)   M=TlHelp32 ACBP=A9
 0001:00042054 0000056D C=CODE     S=.text    G=(none)   M=PsAPI    ACBP=A9
 0001:000425C4 000011CF C=CODE     S=.text    G=(none)   M=JclStrings ACBP=A9
 0001:00043794 000005B7 C=CODE     S=.text    G=(none)   M=JclRegistry ACBP=A9
 0001:00043D4C 000000FC C=CODE     S=.text    G=(none)   M=IOUtils  ACBP=A9
 0001:00043E48 0000007F C=CODE     S=.text    G=(none)   M=IniFiles ACBP=A9
 0001:00043EC8 000001B7 C=CODE     S=.text    G=(none)   M=JclIniFiles ACBP=A9
 0001:00044080 000011A8 C=CODE     S=.text    G=(none)   M=JclSysInfo ACBP=A9
 0001:00045228 00002D29 C=CODE     S=.text    G=(none)   M=JclUnicode ACBP=A9
 0001:00047F54 000001BB C=CODE     S=.text    G=(none)   M=JclWideStrings ACBP=A9
 0001:00048110 000001C1 C=CODE     S=.text    G=(none)   M=JclShell ACBP=A9
 0001:000482D4 000001BB C=CODE     S=.text    G=(none)   M=JclSecurity ACBP=A9
 0001:00048490 000002DF C=CODE     S=.text    G=(none)   M=JclDateTime ACBP=A9
 0001:00048770 00003273 C=CODE     S=.text    G=(none)   M=JclFileUtils ACBP=A9
 0001:0004B9E4 000001BB C=CODE     S=.text    G=(none)   M=JclConsole ACBP=A9
 0001:0004BBA0 00000F93 C=CODE     S=.text    G=(none)   M=JclSysUtils ACBP=A9
 0001:0004CB34 000001B3 C=CODE     S=.text    G=(none)   M=JclStreams ACBP=A9
 0001:0004CCE8 00000297 C=CODE     S=.text    G=(none)   M=JclAnsiStrings ACBP=A9
 0001:0004CF80 00000C77 C=CODE     S=.text    G=(none)   M=JclSynch ACBP=A9
 0001:0004DBF8 00001EAC C=CODE     S=.text    G=(none)   M=JclUnitVersioning ACBP=A9
 0001:0004FAA4 0000BF3B C=CODE     S=.text    G=(none)   M=JclPeImage ACBP=A9
 0001:0005B9E0 00004EFB C=CODE     S=.text    G=(none)   M=JclTD32  ACBP=A9
 0001:000608DC 00000573 C=CODE     S=.text    G=(none)   M=JclHookExcept ACBP=A9
 0001:00060E50 00009967 C=CODE     S=.text    G=(none)   M=JclDebug ACBP=A9
 0001:0006A7B8 00004E0C C=CODE     S=.text    G=(none)   M=FastMM_FullDebugMode ACBP=A9
 0002:00000000 000000AA C=ICODE    S=.itext   G=(none)   M=System   ACBP=A9
 0002:000000AC 00000016 C=ICODE    S=.itext   G=(none)   M=Windows  ACBP=A9
 0002:000000C4 00000018 C=ICODE    S=.itext   G=(none)   M=FastMM4  ACBP=A9
 0002:000000DC 000000B4 C=ICODE    S=.itext   G=(none)   M=SysUtils ACBP=A9
 0002:00000190 0000000F C=ICODE    S=.itext   G=(none)   M=VarUtils ACBP=A9
 0002:000001A0 000000AA C=ICODE    S=.itext   G=(none)   M=Variants ACBP=A9
 0002:0000024C 00000008 C=ICODE    S=.itext   G=(none)   M=TypInfo  ACBP=A9
 0002:00000254 0000008D C=ICODE    S=.itext   G=(none)   M=Classes  ACBP=A9
 0002:000002E4 0000000F C=ICODE    S=.itext   G=(none)   M=SyncObjs ACBP=A9
 0002:000002F4 00000019 C=ICODE    S=.itext   G=(none)   M=JclResources ACBP=A9
 0002:00000310 0000001E C=ICODE    S=.itext   G=(none)   M=JclBase  ACBP=A9
 0002:00000330 00000019 C=ICODE    S=.itext   G=(none)   M=JclWin32 ACBP=A9
 0002:0000034C 00000019 C=ICODE    S=.itext   G=(none)   M=JclLogic ACBP=A9
 0002:00000368 00000014 C=ICODE    S=.itext   G=(none)   M=AnsiStrings ACBP=A9
 0002:0000037C 00000019 C=ICODE    S=.itext   G=(none)   M=JclStringConversions ACBP=A9
 0002:00000398 00000019 C=ICODE    S=.itext   G=(none)   M=JclCharsets ACBP=A9
 0002:000003B4 00000019 C=ICODE    S=.itext   G=(none)   M=Jcl8087  ACBP=A9
 0002:000003D0 00000019 C=ICODE    S=.itext   G=(none)   M=JclMath  ACBP=A9
 0002:000003EC 00000055 C=ICODE    S=.itext   G=(none)   M=ComObj   ACBP=A9
 0002:00000444 0000001E C=ICODE    S=.itext   G=(none)   M=Snmp     ACBP=A9
 0002:00000464 00000023 C=ICODE    S=.itext   G=(none)   M=JclStrings ACBP=A9
 0002:00000488 00000023 C=ICODE    S=.itext   G=(none)   M=JclRegistry ACBP=A9
 0002:000004AC 00000460 C=ICODE    S=.itext   G=(none)   M=IOUtils  ACBP=A9
 0002:0000090C 00000008 C=ICODE    S=.itext   G=(none)   M=IniFiles ACBP=A9
 0002:00000914 00000019 C=ICODE    S=.itext   G=(none)   M=JclIniFiles ACBP=A9
 0002:00000930 00000028 C=ICODE    S=.itext   G=(none)   M=JclSysInfo ACBP=A9
 0002:00000958 00000045 C=ICODE    S=.itext   G=(none)   M=JclUnicode ACBP=A9
 0002:000009A0 00000019 C=ICODE    S=.itext   G=(none)   M=JclWideStrings ACBP=A9
 0002:000009BC 00000019 C=ICODE    S=.itext   G=(none)   M=JclShell ACBP=A9
 0002:000009D8 00000019 C=ICODE    S=.itext   G=(none)   M=JclSecurity ACBP=A9
 0002:000009F4 00000019 C=ICODE    S=.itext   G=(none)   M=JclDateTime ACBP=A9
 0002:00000A10 00000019 C=ICODE    S=.itext   G=(none)   M=JclFileUtils ACBP=A9
 0002:00000A2C 00000019 C=ICODE    S=.itext   G=(none)   M=JclConsole ACBP=A9
 0002:00000A48 00000020 C=ICODE    S=.itext   G=(none)   M=JclSysUtils ACBP=A9
 0002:00000A68 00000019 C=ICODE    S=.itext   G=(none)   M=JclStreams ACBP=A9
 0002:00000A84 00000023 C=ICODE    S=.itext   G=(none)   M=JclAnsiStrings ACBP=A9
 0002:00000AA8 00000019 C=ICODE    S=.itext   G=(none)   M=JclSynch ACBP=A9
 0002:00000AC4 00000019 C=ICODE    S=.itext   G=(none)   M=JclUnitVersioning ACBP=A9
 0002:00000AE0 00000019 C=ICODE    S=.itext   G=(none)   M=JclPeImage ACBP=A9
 0002:00000AFC 00000019 C=ICODE    S=.itext   G=(none)   M=JclTD32  ACBP=A9
 0002:00000B18 0000003B C=ICODE    S=.itext   G=(none)   M=JclHookExcept ACBP=A9
 0002:00000B54 00000056 C=ICODE    S=.itext   G=(none)   M=JclDebug ACBP=A9
 0002:00000BAC 00000034 C=ICODE    S=.itext   G=(none)   M=FastMM_FullDebugMode ACBP=A9
 0003:00000000 000009E8 C=DATA     S=.data    G=DGROUP   M=System   ACBP=A9
 0003:000009E8 00000034 C=DATA     S=.data    G=DGROUP   M=SysInit  ACBP=A9
 0003:00000A1C 0000000C C=DATA     S=.data    G=DGROUP   M=Windows  ACBP=A9
 0003:00000A28 000006E4 C=DATA     S=.data    G=DGROUP   M=FastMM4  ACBP=A9
 0003:0000110C 00000100 C=DATA     S=.data    G=DGROUP   M=Character ACBP=A9
 0003:0000120C 000002DC C=DATA     S=.data    G=DGROUP   M=SysUtils ACBP=A9
 0003:000014E8 00000010 C=DATA     S=.data    G=DGROUP   M=ActiveX  ACBP=A9
 0003:000014F8 00000008 C=DATA     S=.data    G=DGROUP   M=VarUtils ACBP=A9
 0003:00001500 00000152 C=DATA     S=.data    G=DGROUP   M=Variants ACBP=A9
 0003:00001654 0000000C C=DATA     S=.data    G=DGROUP   M=TypInfo  ACBP=A9
 0003:00001660 00000042 C=DATA     S=.data    G=DGROUP   M=Classes  ACBP=A9
 0003:000016A4 00000018 C=DATA     S=.data    G=DGROUP   M=JclResources ACBP=A9
 0003:000016BC 00000028 C=DATA     S=.data    G=DGROUP   M=JclBase  ACBP=A9
 0003:000016E4 00000038 C=DATA     S=.data    G=DGROUP   M=JclWin32 ACBP=A9
 0003:0000171C 00000018 C=DATA     S=.data    G=DGROUP   M=JclLogic ACBP=A9
 0003:00001734 00000008 C=DATA     S=.data    G=DGROUP   M=AnsiStrings ACBP=A9
 0003:0000173C 00000024 C=DATA     S=.data    G=DGROUP   M=JclStringConversions ACBP=A9
 0003:00001760 000009A8 C=DATA     S=.data    G=DGROUP   M=JclCharsets ACBP=A9
 0003:00002108 00000018 C=DATA     S=.data    G=DGROUP   M=Jcl8087  ACBP=A9
 0003:00002120 00000020 C=DATA     S=.data    G=DGROUP   M=JclMath  ACBP=A9
 0003:00002140 00000030 C=DATA     S=.data    G=DGROUP   M=ComObj   ACBP=A9
 0003:00002170 00000018 C=DATA     S=.data    G=DGROUP   M=Snmp     ACBP=A9
 0003:00002188 00000024 C=DATA     S=.data    G=DGROUP   M=JclStrings ACBP=A9
 0003:000021AC 000000C0 C=DATA     S=.data    G=DGROUP   M=JclRegistry ACBP=A9
 0003:0000226C 00000010 C=DATA     S=.data    G=DGROUP   M=IOUtils  ACBP=A9
 0003:0000227C 0000000C C=DATA     S=.data    G=DGROUP   M=IniFiles ACBP=A9
 0003:00002288 00000018 C=DATA     S=.data    G=DGROUP   M=JclIniFiles ACBP=A9
 0003:000022A0 00000880 C=DATA     S=.data    G=DGROUP   M=JclSysInfo ACBP=A9
 0003:00002B20 0000075C C=DATA     S=.data    G=DGROUP   M=JclUnicode ACBP=A9
 0003:0000327C 00000018 C=DATA     S=.data    G=DGROUP   M=JclWideStrings ACBP=A9
 0003:00003294 0000001C C=DATA     S=.data    G=DGROUP   M=JclShell ACBP=A9
 0003:000032B0 00000018 C=DATA     S=.data    G=DGROUP   M=JclSecurity ACBP=A9
 0003:000032C8 00000022 C=DATA     S=.data    G=DGROUP   M=JclDateTime ACBP=A9
 0003:000032EC 00000048 C=DATA     S=.data    G=DGROUP   M=JclFileUtils ACBP=A9
 0003:00003334 00000018 C=DATA     S=.data    G=DGROUP   M=JclConsole ACBP=A9
 0003:0000334C 0000002C C=DATA     S=.data    G=DGROUP   M=JclSysUtils ACBP=A9
 0003:00003378 00000018 C=DATA     S=.data    G=DGROUP   M=JclStreams ACBP=A9
 0003:00003390 0000001C C=DATA     S=.data    G=DGROUP   M=JclAnsiStrings ACBP=A9
 0003:000033AC 00000018 C=DATA     S=.data    G=DGROUP   M=JclSynch ACBP=A9
 0003:000033C4 00000025 C=DATA     S=.data    G=DGROUP   M=JclUnitVersioning ACBP=A9
 0003:000033EC 000000B9 C=DATA     S=.data    G=DGROUP   M=JclPeImage ACBP=A9
 0003:000034A8 00000018 C=DATA     S=.data    G=DGROUP   M=JclTD32  ACBP=A9
 0003:000034C0 00000018 C=DATA     S=.data    G=DGROUP   M=JclHookExcept ACBP=A9
 0003:000034D8 000000B4 C=DATA     S=.data    G=DGROUP   M=JclDebug ACBP=A9
 0003:0000358C 00000010 C=DATA     S=.data    G=DGROUP   M=FastMM_FullDebugMode ACBP=A9
 0004:00000000 00002C3C C=BSS      S=.bss     G=DGROUP   M=System   ACBP=A9
 0004:00002C3C 00000010 C=BSS      S=.bss     G=DGROUP   M=SysInit  ACBP=A9
 0004:00002C4C 00000008 C=BSS      S=.bss     G=DGROUP   M=Windows  ACBP=A9
 0004:00002C54 00002237 C=BSS      S=.bss     G=DGROUP   M=FastMM4  ACBP=A9
 0004:00004E8C 0000001C C=BSS      S=.bss     G=DGROUP   M=Character ACBP=A9
 0004:00004EA8 00002240 C=BSS      S=.bss     G=DGROUP   M=SysUtils ACBP=A9
 0004:000070E8 0000005C C=BSS      S=.bss     G=DGROUP   M=VarUtils ACBP=A9
 0004:00007144 00000040 C=BSS      S=.bss     G=DGROUP   M=Variants ACBP=A9
 0004:00007184 00000004 C=BSS      S=.bss     G=DGROUP   M=TypInfo  ACBP=A9
 0004:00007188 00000024 C=BSS      S=.bss     G=DGROUP   M=Classes  ACBP=A9
 0004:000071AC 00000014 C=BSS      S=.bss     G=DGROUP   M=SyncObjs ACBP=A9
 0004:000071C0 00000004 C=BSS      S=.bss     G=DGROUP   M=JclResources ACBP=A9
 0004:000071C4 00000008 C=BSS      S=.bss     G=DGROUP   M=JclBase  ACBP=A9
 0004:000071CC 00000004 C=BSS      S=.bss     G=DGROUP   M=JclWin32 ACBP=A9
 0004:000071D0 00000004 C=BSS      S=.bss     G=DGROUP   M=JclLogic ACBP=A9
 0004:000071D4 00000004 C=BSS      S=.bss     G=DGROUP   M=AnsiStrings ACBP=A9
 0004:000071D8 00000004 C=BSS      S=.bss     G=DGROUP   M=JclStringConversions ACBP=A9
 0004:000071DC 00000004 C=BSS      S=.bss     G=DGROUP   M=JclCharsets ACBP=A9
 0004:000071E0 00000004 C=BSS      S=.bss     G=DGROUP   M=Jcl8087  ACBP=A9
 0004:000071E4 00000004 C=BSS      S=.bss     G=DGROUP   M=JclMath  ACBP=A9
 0004:000071E8 00000011 C=BSS      S=.bss     G=DGROUP   M=ComObj   ACBP=A9
 0004:000071FC 00000004 C=BSS      S=.bss     G=DGROUP   M=Snmp     ACBP=A9
 0004:00007200 00000054 C=BSS      S=.bss     G=DGROUP   M=TlHelp32 ACBP=A9
 0004:00007254 00000060 C=BSS      S=.bss     G=DGROUP   M=PsAPI    ACBP=A9
 0004:000072B4 00080004 C=BSS      S=.bss     G=DGROUP   M=JclStrings ACBP=A9
 0004:000872B8 00000004 C=BSS      S=.bss     G=DGROUP   M=JclRegistry ACBP=A9
 0004:000872BC 00000024 C=BSS      S=.bss     G=DGROUP   M=IOUtils  ACBP=A9
 0004:000872E0 00000004 C=BSS      S=.bss     G=DGROUP   M=IniFiles ACBP=A9
 0004:000872E4 00000004 C=BSS      S=.bss     G=DGROUP   M=JclIniFiles ACBP=A9
 0004:000872E8 00000010 C=BSS      S=.bss     G=DGROUP   M=JclSysInfo ACBP=A9
 0004:000872F8 00001418 C=BSS      S=.bss     G=DGROUP   M=JclUnicode ACBP=A9
 0004:00088710 00000004 C=BSS      S=.bss     G=DGROUP   M=JclWideStrings ACBP=A9
 0004:00088714 00000004 C=BSS      S=.bss     G=DGROUP   M=JclShell ACBP=A9
 0004:00088718 00000004 C=BSS      S=.bss     G=DGROUP   M=JclSecurity ACBP=A9
 0004:0008871C 00000004 C=BSS      S=.bss     G=DGROUP   M=JclDateTime ACBP=A9
 0004:00088720 00000004 C=BSS      S=.bss     G=DGROUP   M=JclFileUtils ACBP=A9
 0004:00088724 00000004 C=BSS      S=.bss     G=DGROUP   M=JclConsole ACBP=A9
 0004:00088728 00000008 C=BSS      S=.bss     G=DGROUP   M=JclSysUtils ACBP=A9
 0004:00088730 00000004 C=BSS      S=.bss     G=DGROUP   M=JclStreams ACBP=A9
 0004:00088734 00000504 C=BSS      S=.bss     G=DGROUP   M=JclAnsiStrings ACBP=A9
 0004:00088C38 00000004 C=BSS      S=.bss     G=DGROUP   M=JclSynch ACBP=A9
 0004:00088C3C 00000008 C=BSS      S=.bss     G=DGROUP   M=JclUnitVersioning ACBP=A9
 0004:00088C44 00000004 C=BSS      S=.bss     G=DGROUP   M=JclPeImage ACBP=A9
 0004:00088C48 00000004 C=BSS      S=.bss     G=DGROUP   M=JclTD32  ACBP=A9
 0004:00088C4C 00000010 C=BSS      S=.bss     G=DGROUP   M=JclHookExcept ACBP=A9
 0004:00088C5C 00000018 C=BSS      S=.bss     G=DGROUP   M=JclDebug ACBP=A9
 0004:00088C74 00100000 C=BSS      S=.bss     G=DGROUP   M=FastMM_FullDebugMode ACBP=A9
 0005:00000000 00000008 C=TLS      S=.tls     G=(none)   M=System   ACBP=A9
 0005:00000008 00000008 C=TLS      S=.tls     G=(none)   M=Classes  ACBP=A9
 0005:00000010 00000008 C=TLS      S=.tls     G=(none)   M=JclHookExcept ACBP=A9


  Address             Publics by Name

 0001:00018C9C       ActiveX.CoInitialize
 0001:00018CA4       ActiveX.CoUninitialize
 0001:00018CB4       ActiveX.GetErrorInfo
 0003:000014E8       ActiveX.GUID_NULL
 0001:00018CAC       ActiveX.SysFreeString
 0004:000071D4       AnsiStrings..1
 0002:00000368       AnsiStrings.AnsiStrings
 0001:0003CAEC       AnsiStrings.Finalization
 0003:00001734       AnsiStrings.FormatErrorStrs
 0004:00004E98       Character.CategoryTable
 0004:00004E90       Character.CatIndexPrimary
 0004:00004E94       Character.CatIndexSecondary
 0004:00004E8C       Character.DataTable
 0003:0000110C       Character.Latin1Categories
 0004:00004EA4       Character.NumericValueTable
 0004:00004E9C       Character.NumIndexPrimary
 0004:00004EA0       Character.NumIndexSecondary
 0001:0000BB64       Character.TCharacter.CheckLetter
 0001:0000BB70       Character.TCharacter.CheckLetterOrDigit
 0001:0000BC8C       Character.TCharacter.Initialize
 0001:0000BC80       Character.TCharacter.IsAscii
 0001:0000BB80       Character.TCharacter.IsLatin1
 0001:0000BB8C       Character.TCharacter.IsLetter
 0001:0000BC18       Character.TCharacter.IsLetterOrDigit
 0004:00007190       Classes..66
 0001:00023340       Classes..EClassNotFound
 0001:000235B0       Classes..EComponentError
 0001:00023048       Classes..EFCreateError
 0001:0002317C       Classes..EFilerError
 0001:00022F4C       Classes..EFileStreamError
 0001:000230E4       Classes..EFOpenError
 0001:000233DC       Classes..EInvalidImage
 0001:00023478       Classes..EListError
 0001:00023214       Classes..EReadError
 0001:00022EB0       Classes..EStreamError
 0001:0002350C       Classes..EStringListError
 0001:000232A8       Classes..EWriteError
 0001:0002A7F0       Classes..TBasicAction
 0001:0002A5D4       Classes..TBasicActionLink
 0001:000271B4       Classes..TClassFinder
 0001:000248DC       Classes..TCollection
 0001:00024738       Classes..TCollectionEnumerator
 0001:000244CC       Classes..TCollectionItem
 0001:00029C8C       Classes..TComponent
 0001:000387F0       Classes..TComponent.FindComponent$ActRec
 0001:000298B4       Classes..TComponentEnumerator
 0001:00026CD8       Classes..TCustomMemoryStream
 0001:00027588       Classes..TFiler
 0001:00026AF4       Classes..TFileStream
 0001:000268DC       Classes..THandleStream
 0001:00023988       Classes..TList
 0001:0002CD34       Classes..TList.Sort$ActRec
 0001:000237B4       Classes..TListEnumerator
 0001:00026F20       Classes..TMemoryStream
 0001:00024354       Classes..TPersistent
 0001:00030CA0       Classes..TPropFixup
 0001:00030ECC       Classes..TPropIntfFixup
 0001:00027FA0       Classes..TReader
 0001:0002ABFC       Classes..TRegGroup
 0001:0002B05C       Classes..TRegGroups
 0001:000262D0       Classes..TStream
 0001:00025C54       Classes..TStringList
 0001:00024FDC       Classes..TStrings
 0001:00024E34       Classes..TStringsEnumerator
 0001:0002409C       Classes..TThreadList
 0001:00028EA8       Classes..TWriter
 0001:000311F8       Classes.AddFinished
 0001:00031230       Classes.AddNotFinished
 0001:00031E9C       Classes.AddSubComponentsToLoaded
 0001:00035438       Classes.AncestorIsValid
 0001:00036E84       Classes.BinToHex
 0003:000016A0       Classes.Blanks
 0001:00031ED8       Classes.CheckSubComponents
 0002:00000254       Classes.Classes
 0001:0002C1EC       Classes.ClassNotFound
 0001:00039294       Classes.CleanupInstFreeList
 0001:0002C514       Classes.CollectionsEqual
 0001:00031FB8       Classes.ComponentCreated
 0003:00001690       Classes.Convert
 0001:00037288       Classes.ConvertBinary
 0001:00037084       Classes.ConvertHeader
 0001:00037F18       Classes.ConvertObject
 0001:00037E64       Classes.ConvertProperty
 0001:00037360       Classes.ConvertValue
 0001:00033ED8       Classes.CopyBinary
 0001:00033E48       Classes.CopyBytes
 0001:00033DFC       Classes.CopyList
 0001:00033D74       Classes.CopySetBody
 0001:00032038       Classes.CreateComponent
 0003:00001660       Classes.CreateVCLComObjectProc
 0001:0002E124       Classes.DoWrite
 0003:00001668       Classes.Dummy32bitResHeader
 0001:00039364       Classes.EFileStreamError.Create
 0001:0002BC90       Classes.Error
 0003:00001664       Classes.FilerSignature
 0001:00039414       Classes.Finalization
 0001:00034B28       Classes.FindAncestor
 0001:0002C2C4       Classes.FindClass
 0001:000321E8       Classes.FindExistingComponent
 0001:0002C444       Classes.FindGlobalComponent
 0004:0000719C       Classes.FindGlobalComponentProcs
 0001:0002C3C8       Classes.FindIdentToInt
 0001:0002C34C       Classes.FindIntToIdent
 0001:000358AC       Classes.FindMethodName
 0001:00031100       Classes.FindNestedComponent
 0001:00033264       Classes.FindUniqueName
 0001:00039214       Classes.FreeIntConstList
 0001:0002C258       Classes.GetClass
 0001:00035FA0       Classes.GetComponentValue
 0001:0002D580       Classes.GetDesigner
 0001:0002C1E0       Classes.GetFieldClassTable
 0001:000392D0       Classes.GetFreeInstBlockItemCount
 0004:000071A0       Classes.GlobalFixupList
 0001:00031278       Classes.GlobalFixupReferences
 0005:0000000C       Classes.GlobalLists
 0005:00000008       Classes.GlobalLoaded
 0004:00007188       Classes.GlobalNameSpace
 0001:000329F8       Classes.HandleException
 0004:000071A4       Classes.InstBlockList
 0004:000071A8       Classes.InstFreeList
 0004:00007194       Classes.IntConstList
 0001:0003562C       Classes.IsDefault
 0001:000354A8       Classes.IsDefaultFloatProp
 0001:00035504       Classes.IsDefaultInt64Prop
 0001:000357D0       Classes.IsDefaultInterfaceProp
 0001:00035904       Classes.IsDefaultMethodProp
 0001:00035684       Classes.IsDefaultObjectProp
 0001:00035450       Classes.IsDefaultOrdProp
 0001:00035A3C       Classes.IsDefaultPropertyValue
 0001:0003555C       Classes.IsDefaultStrProp
 0001:00035704       Classes.IsDefaultValue
 0001:000359A4       Classes.IsDefaultVariantProp
 0001:0002C484       Classes.IsUniqueGlobalComponentName
 0004:0000718C       Classes.IsUniqueGlobalComponentNameProc
 0001:0003928C       Classes.ModuleUnload
 0001:00037054       Classes.NewLine
 0003:00001688       Classes.NilMethod
 0001:0002D624       Classes.NotifyDesigner
 0001:000355EC       Classes.ObjectAncestorMatch
 0001:00037FA8       Classes.ObjectBinaryToText
 0001:00035F88       Classes.OwnedBy
 0001:000315B8       Classes.PropertyNotFound
 0001:00032AC8       Classes.PropPathError
 0001:000315AC       Classes.PropValueError
 0001:0002CBFC       Classes.QuickSort
 0001:0002FE90       Classes.RaiseException
 0001:000343C0       Classes.ReadCustomVariant
 0001:00031594       Classes.ReadError
 0001:00031FD8       Classes.Recover
 0004:00007198       Classes.RegGroups
 0001:00039300       Classes.ReleaseObjectInstanceBlocks
 0001:0003144C       Classes.RemoveFixupReferences
 0001:00031500       Classes.RemoveFixups
 0001:000318FC       Classes.RemoveGlobalFixup
 0001:0002E290       Classes.ReturnAddr
 0001:0002C778       Classes.ReturnAddr
 0001:00032148       Classes.SetCompName
 0001:000315E4       Classes.SetElementValue
 0001:00032E40       Classes.SetInterfaceReference
 0001:00032D5C       Classes.SetIntIdent
 0001:00032DA4       Classes.SetObjectIdent
 0001:00031F50       Classes.SetSubComponentState
 0001:00032DE4       Classes.SetVariantReference
 0001:00033B30       Classes.SkipBinary
 0001:00033B60       Classes.SkipCollection
 0001:00033B04       Classes.SkipList
 0001:0002FC7C       Classes.StringListCompareStrings
 0001:00039188       Classes.TBasicAction.Change
 0001:00039014       Classes.TBasicAction.Create
 0001:00039058       Classes.TBasicAction.Destroy
 0001:000390F4       Classes.TBasicAction.Execute
 0001:000390C4       Classes.TBasicAction.ExecuteTarget
 0001:000390C0       Classes.TBasicAction.HandlesTarget
 0001:000390C8       Classes.TBasicAction.Notification
 0001:0003919C       Classes.TBasicAction.RegisterChanges
 0001:000391E8       Classes.TBasicAction.SetActionComponent
 0001:0003912C       Classes.TBasicAction.SetOnExecute
 0001:000391A8       Classes.TBasicAction.UnRegisterChanges
 0001:00039110       Classes.TBasicAction.Update
 0001:000390F0       Classes.TBasicAction.UpdateTarget
 0001:00038F64       Classes.TBasicActionLink.AssignClient
 0001:00038F9C       Classes.TBasicActionLink.Change
 0001:00038F20       Classes.TBasicActionLink.Create
 0001:00038F68       Classes.TBasicActionLink.Destroy
 0001:00038FB4       Classes.TBasicActionLink.Execute
 0001:00038FFC       Classes.TBasicActionLink.IsOnExecuteLinked
 0001:00038FD0       Classes.TBasicActionLink.SetAction
 0001:00039000       Classes.TBasicActionLink.SetOnExecute
 0001:00039008       Classes.TBasicActionLink.Update
 0001:0002BF4C       Classes.TClassFinder.Create
 0001:0002C08C       Classes.TClassFinder.Destroy
 0001:0002C0BC       Classes.TClassFinder.GetClass
 0001:0002C158       Classes.TClassFinder.GetClasses
 0001:0002D954       Classes.TCollection.Add
 0001:0002DE70       Classes.TCollection.Added
 0001:0002D974       Classes.TCollection.Assign
 0001:0002DA1C       Classes.TCollection.BeginUpdate
 0001:0002DA20       Classes.TCollection.Changed
 0001:0002DA30       Classes.TCollection.Clear
 0001:0002D8BC       Classes.TCollection.Create
 0001:0002DE34       Classes.TCollection.Delete
 0001:0002DE74       Classes.TCollection.Deleting
 0001:0002D908       Classes.TCollection.Destroy
 0001:0002DA98       Classes.TCollection.EndUpdate
 0001:0002DAA4       Classes.TCollection.FindItemID
 0001:0002DAD8       Classes.TCollection.GetAttr
 0001:0002DAD4       Classes.TCollection.GetAttrCount
 0001:0002DAF8       Classes.TCollection.GetCapacity
 0001:0002DB20       Classes.TCollection.GetCount
 0001:0002DAE8       Classes.TCollection.GetEnumerator
 0001:0002DB28       Classes.TCollection.GetItem
 0001:0002DB00       Classes.TCollection.GetItemAttr
 0001:0002DB3C       Classes.TCollection.GetNamePath
 0001:0002DBF0       Classes.TCollection.GetPropName
 0001:0002DD44       Classes.TCollection.Insert
 0001:0002DD60       Classes.TCollection.InsertItem
 0001:0002DE78       Classes.TCollection.Notify
 0001:0002DE64       Classes.TCollection.Owner
 0001:0002DDC8       Classes.TCollection.RemoveItem
 0001:0002DE1C       Classes.TCollection.SetCapacity
 0001:0002DE2C       Classes.TCollection.SetItemName
 0001:0002DE30       Classes.TCollection.Update
 0001:0002D850       Classes.TCollectionEnumerator.Create
 0001:0002D894       Classes.TCollectionEnumerator.GetCurrent
 0001:0002D8A0       Classes.TCollectionEnumerator.MoveNext
 0001:0002D6F0       Classes.TCollectionItem.Changed
 0001:0002D688       Classes.TCollectionItem.Create
 0001:0002D6C0       Classes.TCollectionItem.Destroy
 0001:0002D72C       Classes.TCollectionItem.GetDisplayName
 0001:0002D714       Classes.TCollectionItem.GetIndex
 0001:0002D740       Classes.TCollectionItem.GetNamePath
 0001:0002D7EC       Classes.TCollectionItem.GetOwner
 0001:0002D7F0       Classes.TCollectionItem.SetCollection
 0001:0002D818       Classes.TCollectionItem.SetDisplayName
 0001:0002D820       Classes.TCollectionItem.SetIndex
 0001:00038A18       Classes.TComponent.AddSortedComponent
 0001:00038234       Classes.TComponent.BeforeDestruction
 0001:00038ACC       Classes.TComponent.ChangeName
 0001:000381A0       Classes.TComponent.Create
 0001:000385E0       Classes.TComponent.DefineProperties
 0001:000381EC       Classes.TComponent.Destroy
 0001:00038464       Classes.TComponent.DestroyComponents
 0001:000384D0       Classes.TComponent.Destroying
 0001:00038C28       Classes.TComponent.ExecuteAction
 0001:000388B4       Classes.TComponent.FindComponent
 0001:000388A8       Classes.TComponent.FindComponent$ActRec.$0$Body
 0001:000389A0       Classes.TComponent.FindSortedComponent
 0001:00038280       Classes.TComponent.FreeNotification
 0001:00038D5C       Classes.TComponent.FreeOnRelease
 0001:00038684       Classes.TComponent.GetChildOwner
 0001:00038688       Classes.TComponent.GetChildParent
 0001:0003867C       Classes.TComponent.GetChildren
 0001:00038C8C       Classes.TComponent.GetComObject
 0001:00038B20       Classes.TComponent.GetComponent
 0001:00038B4C       Classes.TComponent.GetComponentCount
 0001:00038B04       Classes.TComponent.GetComponentIndex
 0001:0003868C       Classes.TComponent.GetEnumerator
 0001:0003869C       Classes.TComponent.GetNamePath
 0001:000386B0       Classes.TComponent.GetOwner
 0001:000386B8       Classes.TComponent.GetParentComponent
 0001:00038678       Classes.TComponent.HasParent
 0001:00038314       Classes.TComponent.Insert
 0001:000383C8       Classes.TComponent.InsertComponent
 0001:00038DF4       Classes.TComponent.IntfGetComponent
 0001:00038DF8       Classes.TComponent.IsImplementorOf
 0001:000386D8       Classes.TComponent.Loaded
 0001:00038580       Classes.TComponent.Notification
 0001:000386E4       Classes.TComponent.PaletteCreated
 0001:00038D74       Classes.TComponent.QueryInterface
 0001:000382D4       Classes.TComponent.ReadLeft
 0001:000386E8       Classes.TComponent.ReadState
 0001:000382E8       Classes.TComponent.ReadTop
 0001:00038E78       Classes.TComponent.ReferenceInterface
 0001:00038350       Classes.TComponent.Remove
 0001:0003842C       Classes.TComponent.RemoveComponent
 0001:00038564       Classes.TComponent.RemoveFreeNotification
 0001:00038240       Classes.TComponent.RemoveFreeNotifications
 0001:0003850C       Classes.TComponent.RemoveNotification
 0001:00038D44       Classes.TComponent.SafeCallException
 0001:000386B4       Classes.TComponent.SetChildOrder
 0001:00038B5C       Classes.TComponent.SetComponentIndex
 0001:00038BB0       Classes.TComponent.SetDesigning
 0001:00038A3C       Classes.TComponent.SetName
 0001:000386BC       Classes.TComponent.SetParentComponent
 0001:00038C00       Classes.TComponent.SetReference
 0001:00038C78       Classes.TComponent.SetSubComponent
 0001:00038C50       Classes.TComponent.UpdateAction
 0001:000386CC       Classes.TComponent.Updated
 0001:00038D6C       Classes.TComponent.UpdateRegistry
 0001:000386C0       Classes.TComponent.Updating
 0001:00038780       Classes.TComponent.ValidateContainer
 0001:00038794       Classes.TComponent.ValidateInsert
 0001:000386F8       Classes.TComponent.ValidateRename
 0001:000382FC       Classes.TComponent.WriteLeft
 0001:000386F0       Classes.TComponent.WriteState
 0001:00038308       Classes.TComponent.WriteTop
 0001:00038DB4       Classes.TComponent._AddRef
 0001:00038DD4       Classes.TComponent._Release
 0001:00038134       Classes.TComponentEnumerator.Create
 0001:00038178       Classes.TComponentEnumerator.GetCurrent
 0001:00038184       Classes.TComponentEnumerator.MoveNext
 0001:0003096C       Classes.TCustomMemoryStream.Read
 0001:000309E0       Classes.TCustomMemoryStream.SaveToFile
 0001:000309C8       Classes.TCustomMemoryStream.SaveToStream
 0001:000309A4       Classes.TCustomMemoryStream.Seek
 0001:00030964       Classes.TCustomMemoryStream.SetPointer
 0001:00030C2C       Classes.TFiler.Create
 0001:00027940       Classes.TFiler.DefineBinaryProperty
 0001:00027938       Classes.TFiler.DefineProperty
 0001:00030C74       Classes.TFiler.Destroy
 0001:00027948       Classes.TFiler.FlushBuffer
 0001:00030C9C       Classes.TFiler.SetRoot
 0001:000307BC       Classes.TFileStream.Create
 0001:00030778       Classes.TFileStream.Create
 0001:00030930       Classes.TFileStream.Destroy
 0001:000306B4       Classes.THandleStream.Create
 0001:000306F0       Classes.THandleStream.Read
 0001:00030710       Classes.THandleStream.Seek
 0001:00030750       Classes.THandleStream.SetSize
 0001:0003073C       Classes.THandleStream.SetSize
 0001:00030700       Classes.THandleStream.Write
 0001:0002C6B8       Classes.TList.Add
 0001:0002CEF4       Classes.TList.Assign
 0001:0002C6F8       Classes.TList.Clear
 0001:0002C710       Classes.TList.Delete
 0001:0002C698       Classes.TList.Destroy
 0001:0002C77C       Classes.TList.Error
 0001:0002C7B4       Classes.TList.Error
 0001:0002C808       Classes.TList.Exchange
 0001:0002C858       Classes.TList.Expand
 0001:0002CE98       Classes.TList.Extract
 0001:0002CEA0       Classes.TList.ExtractItem
 0001:0002C870       Classes.TList.First
 0001:0002C878       Classes.TList.Get
 0001:0002C89C       Classes.TList.GetEnumerator
 0001:0002C8AC       Classes.TList.Grow
 0001:0002C8E0       Classes.TList.IndexOf
 0001:0002C904       Classes.TList.IndexOfItem
 0001:0002C930       Classes.TList.Insert
 0001:0002C9A8       Classes.TList.Last
 0001:0002C9CC       Classes.TList.Move
 0001:0002CEF0       Classes.TList.Notify
 0001:0002CAA8       Classes.TList.Pack
 0001:0002CA24       Classes.TList.Put
 0001:0002CA80       Classes.TList.Remove
 0001:0002CA88       Classes.TList.RemoveItem
 0001:0002CB1C       Classes.TList.SetCapacity
 0001:0002CB58       Classes.TList.SetCount
 0001:0002CDF8       Classes.TList.Sort
 0001:0002CDEC       Classes.TList.Sort$ActRec.$0$Body
 0001:0002CE78       Classes.TList.SortList
 0001:0002C630       Classes.TListEnumerator.Create
 0001:0002C674       Classes.TListEnumerator.GetCurrent
 0001:0002C680       Classes.TListEnumerator.MoveNext
 0001:00030A64       Classes.TMemoryStream.Clear
 0001:00030A38       Classes.TMemoryStream.Destroy
 0001:00030AB4       Classes.TMemoryStream.LoadFromFile
 0001:00030A7C       Classes.TMemoryStream.LoadFromStream
 0001:00030B5C       Classes.TMemoryStream.Realloc
 0001:00030B08       Classes.TMemoryStream.SetCapacity
 0001:00030B30       Classes.TMemoryStream.SetSize
 0001:00030BDC       Classes.TMemoryStream.Write
 0001:0002D408       Classes.TPersistent.Assign
 0001:0002D41C       Classes.TPersistent.AssignError
 0001:0002D4D8       Classes.TPersistent.AssignTo
 0001:0002D4E0       Classes.TPersistent.DefineProperties
 0001:0002D3DC       Classes.TPersistent.Destroy
 0001:0002D4E4       Classes.TPersistent.GetNamePath
 0001:0002D57C       Classes.TPersistent.GetOwner
 0001:00030FB4       Classes.TPropFixup.Create
 0001:0003100C       Classes.TPropFixup.MakeGlobalReference
 0001:0003106C       Classes.TPropFixup.ResolveReference
 0001:0003107C       Classes.TPropIntfFixup.ResolveReference
 0001:00031638       Classes.TReader.BeginReferences
 0001:000316A0       Classes.TReader.CheckValue
 0001:00033F30       Classes.TReader.CopyValue
 0001:00031700       Classes.TReader.DefineBinaryProperty
 0001:000316C4       Classes.TReader.DefineProperty
 0001:000315FC       Classes.TReader.Destroy
 0001:00031984       Classes.TReader.DoFixupReferences
 0001:000317E8       Classes.TReader.EndOfList
 0001:000317FC       Classes.TReader.EndReferences
 0001:00031818       Classes.TReader.Error
 0001:0003420C       Classes.TReader.FindAncestorComponent
 0001:00034304       Classes.TReader.FindComponentClass
 0001:000318AC       Classes.TReader.FindMethod
 0001:0003183C       Classes.TReader.FindMethodInstance
 0001:00031AC8       Classes.TReader.FixupReferences
 0001:00031B00       Classes.TReader.FlushBuffer
 0001:00031B24       Classes.TReader.FreeFixups
 0001:00031B60       Classes.TReader.GetFieldClass
 0001:00031BF4       Classes.TReader.GetPosition
 0001:00031C0C       Classes.TReader.NextValue
 0001:00031C1C       Classes.TReader.PropertyError
 0001:00031C30       Classes.TReader.Read
 0001:00031CB8       Classes.TReader.ReadBoolean
 0001:00031C7C       Classes.TReader.ReadBuffer
 0001:00031CCC       Classes.TReader.ReadChar
 0001:00031DC0       Classes.TReader.ReadCollection
 0001:0003228C       Classes.TReader.ReadComponent
 0001:00033600       Classes.TReader.ReadComponents
 0001:000326CC       Classes.TReader.ReadCurrency
 0001:000324CC       Classes.TReader.ReadData
 0001:0003253C       Classes.TReader.ReadDataInner
 0001:0003271C       Classes.TReader.ReadDate
 0001:00032644       Classes.TReader.ReadDouble
 0001:0003260C       Classes.TReader.ReadFloat
 0001:00032760       Classes.TReader.ReadIdent
 0001:00032964       Classes.TReader.ReadInt64
 0001:000328F8       Classes.TReader.ReadInteger
 0001:000329A8       Classes.TReader.ReadListBegin
 0001:000329B0       Classes.TReader.ReadListEnd
 0001:000329B8       Classes.TReader.ReadPrefix
 0001:00032AE4       Classes.TReader.ReadProperty
 0001:00032F00       Classes.TReader.ReadPropValue
 0001:000332CC       Classes.TReader.ReadRootComponent
 0001:000336F0       Classes.TReader.ReadSet
 0001:000337AC       Classes.TReader.ReadSignature
 0001:00032688       Classes.TReader.ReadSingle
 0001:000337D0       Classes.TReader.ReadStr
 0001:00033860       Classes.TReader.ReadString
 0001:00033A88       Classes.TReader.ReadValue
 0001:00034588       Classes.TReader.ReadVariant
 0001:00031D60       Classes.TReader.ReadWideChar
 0001:00033948       Classes.TReader.ReadWideString
 0001:000342C4       Classes.TReader.ReferenceName
 0001:000342DC       Classes.TReader.SetName
 0001:00033A9C       Classes.TReader.SetPosition
 0001:00034378       Classes.TReader.SkipBytes
 0001:00034160       Classes.TReader.SkipComponent
 0001:00034118       Classes.TReader.SkipProperty
 0001:00033ABC       Classes.TReader.SkipSetBody
 0001:00033BC4       Classes.TReader.SkipValue
 0001:0002B538       Classes.TRegGroup.AddClass
 0001:0002B544       Classes.TRegGroup.BestClass
 0001:0002B5A4       Classes.TRegGroup.BestGroup
 0001:0002B614       Classes.TRegGroup.Create
 0001:0002B670       Classes.TRegGroup.Destroy
 0001:0002B6B0       Classes.TRegGroup.GetClass
 0001:0002B700       Classes.TRegGroup.GetClasses
 0001:0002B748       Classes.TRegGroup.IndexOfClass
 0001:0002B7C0       Classes.TRegGroup.InGroup
 0001:0002B804       Classes.TRegGroup.RegisterClass
 0001:0002B8B8       Classes.TRegGroup.RegisterClassAlias
 0001:0002B8F0       Classes.TRegGroup.Registered
 0001:0002B908       Classes.TRegGroup.UnregisterClass
 0001:0002B968       Classes.TRegGroup.UnregisterModuleClasses
 0001:0002BAA8       Classes.TRegGroups.Activate
 0001:0002BAF4       Classes.TRegGroups.AddClass
 0001:0002BB14       Classes.TRegGroups.Create
 0001:0002BB88       Classes.TRegGroups.Destroy
 0001:0002BBE8       Classes.TRegGroups.FindGroup
 0001:0002BC2C       Classes.TRegGroups.GetClass
 0001:0002BC70       Classes.TRegGroups.GroupedWith
 0001:0002BD14       Classes.TRegGroups.GroupWith
 0001:0002BDE8       Classes.TRegGroups.Lock
 0001:0002BDF4       Classes.TRegGroups.RegisterClass
 0001:0002BE0C       Classes.TRegGroups.RegisterClassAlias
 0001:0002BE2C       Classes.TRegGroups.Registered
 0001:0002BE70       Classes.TRegGroups.StartGroup
 0001:0002BEC0       Classes.TRegGroups.Unlock
 0001:0002BECC       Classes.TRegGroups.UnregisterClass
 0001:0002BEFC       Classes.TRegGroups.UnregisterModuleClasses
 0001:00030068       Classes.TStream.CopyFrom
 0001:000304D0       Classes.TStream.FixupResourceHeader
 0001:0002FDA4       Classes.TStream.GetPosition
 0001:0002FDD8       Classes.TStream.GetSize
 0001:000268CC       Classes.TStream.Read
 0001:0002FFF8       Classes.TStream.ReadBuffer
 0001:0003015C       Classes.TStream.ReadComponent
 0001:00030220       Classes.TStream.ReadComponentRes
 0001:000305C8       Classes.TStream.ReadResHeader
 0001:0002FF04       Classes.TStream.Seek
 0001:0002FF88       Classes.TStream.Seek
 0001:0002FDC4       Classes.TStream.SetPosition
 0001:0002FE24       Classes.TStream.SetSize
 0001:0002FE3C       Classes.TStream.SetSize
 0001:0002FE28       Classes.TStream.SetSize64
 0001:000268D4       Classes.TStream.Write
 0001:00030030       Classes.TStream.WriteBuffer
 0001:000301BC       Classes.TStream.WriteComponent
 0001:0003023C       Classes.TStream.WriteComponentRes
 0001:000301C4       Classes.TStream.WriteDescendent
 0001:00030594       Classes.TStream.WriteDescendentRes
 0001:00030244       Classes.TStream.WriteResourceHeader
 0001:0002F68C       Classes.TStringList.Add
 0001:0002F69C       Classes.TStringList.AddObject
 0001:0002F700       Classes.TStringList.Changed
 0001:0002F71C       Classes.TStringList.Changing
 0001:0002F738       Classes.TStringList.Clear
 0001:0002FCE4       Classes.TStringList.CompareStrings
 0001:0002FD00       Classes.TStringList.Create
 0001:0002FD38       Classes.TStringList.Create
 0001:0002FCAC       Classes.TStringList.CustomSort
 0001:0002F7A0       Classes.TStringList.Delete
 0001:0002F608       Classes.TStringList.Destroy
 0001:0002F820       Classes.TStringList.Exchange
 0001:0002F87C       Classes.TStringList.ExchangeItems
 0001:0002F8A0       Classes.TStringList.Find
 0001:0002F924       Classes.TStringList.Get
 0001:0002F954       Classes.TStringList.GetCapacity
 0001:0002F958       Classes.TStringList.GetCount
 0001:0002F95C       Classes.TStringList.GetObject
 0001:0002F980       Classes.TStringList.Grow
 0001:0002F9B4       Classes.TStringList.IndexOf
 0001:0002F9F0       Classes.TStringList.Insert
 0001:0002FA54       Classes.TStringList.InsertItem
 0001:0002FA00       Classes.TStringList.InsertObject
 0001:0002FAD0       Classes.TStringList.Put
 0001:0002FB28       Classes.TStringList.PutObject
 0001:0002FB64       Classes.TStringList.QuickSort
 0001:0002FBFC       Classes.TStringList.SetCapacity
 0001:0002FD7C       Classes.TStringList.SetCaseSensitive
 0001:0002FC3C       Classes.TStringList.SetSorted
 0001:0002FC5C       Classes.TStringList.SetUpdateState
 0001:0002FC9C       Classes.TStringList.Sort
 0001:0002DF44       Classes.TStrings.Add
 0001:0002DF68       Classes.TStrings.AddObject
 0001:0002DF98       Classes.TStrings.AddStrings
 0001:0002DF8C       Classes.TStrings.Append
 0001:0002E050       Classes.TStrings.Assign
 0001:0002E10C       Classes.TStrings.BeginUpdate
 0001:00025B54       Classes.TStrings.Clear
 0001:0002F5C0       Classes.TStrings.CompareStrings
 0001:0002E17C       Classes.TStrings.DefineProperties
 0001:00025B5C       Classes.TStrings.Delete
 0001:0002DF14       Classes.TStrings.Destroy
 0001:0002E1D4       Classes.TStrings.EndUpdate
 0001:0002E1E8       Classes.TStrings.Equals
 0001:0002E294       Classes.TStrings.Error
 0001:0002E2CC       Classes.TStrings.Error
 0001:0002E324       Classes.TStrings.Exchange
 0001:0002E410       Classes.TStrings.GetCapacity
 0001:0002E418       Classes.TStrings.GetCommaText
 0001:0002E4B0       Classes.TStrings.GetDelimitedText
 0001:0002F4AC       Classes.TStrings.GetDelimiter
 0001:0002E720       Classes.TStrings.GetEnumerator
 0001:0002F4C8       Classes.TStrings.GetLineBreak
 0001:0002F5CC       Classes.TStrings.GetNameValueSeparator
 0001:0002E730       Classes.TStrings.GetObject
 0001:0002F504       Classes.TStrings.GetQuoteChar
 0001:0002F520       Classes.TStrings.GetStrictDelimiter
 0001:0002E734       Classes.TStrings.GetText
 0001:0002E788       Classes.TStrings.GetTextStr
 0001:0002E920       Classes.TStrings.GetValue
 0001:0002E9D8       Classes.TStrings.IndexOf
 0001:0002EA64       Classes.TStrings.IndexOfName
 0001:0002EB38       Classes.TStrings.IndexOfObject
 0001:00025B64       Classes.TStrings.Insert
 0001:0002EB6C       Classes.TStrings.InsertObject
 0001:0002EB9C       Classes.TStrings.LoadFromFile
 0001:0002EBF0       Classes.TStrings.LoadFromFile
 0001:0002EC58       Classes.TStrings.LoadFromStream
 0001:0002EC4C       Classes.TStrings.LoadFromStream
 0001:0002ED4C       Classes.TStrings.Move
 0001:0002EDFC       Classes.TStrings.Put
 0001:0002EE2C       Classes.TStrings.PutObject
 0001:0002EE30       Classes.TStrings.ReadData
 0001:0002EEE0       Classes.TStrings.SaveToFile
 0001:0002EEF0       Classes.TStrings.SaveToFile
 0001:0002EF50       Classes.TStrings.SaveToStream
 0001:0002EF60       Classes.TStrings.SaveToStream
 0001:0002F018       Classes.TStrings.SetCapacity
 0001:0002F01C       Classes.TStrings.SetCommaText
 0001:0002F2FC       Classes.TStrings.SetDelimitedText
 0001:0002F538       Classes.TStrings.SetDelimiter
 0001:0002F558       Classes.TStrings.SetLineBreak
 0001:0002F5E8       Classes.TStrings.SetNameValueSeparator
 0001:0002F584       Classes.TStrings.SetQuoteChar
 0001:0002F5A4       Classes.TStrings.SetStrictDelimiter
 0001:0002F044       Classes.TStrings.SetStringsAdapter
 0001:0002F078       Classes.TStrings.SetText
 0001:0002F0C8       Classes.TStrings.SetTextStr
 0001:0002F274       Classes.TStrings.SetUpdateState
 0001:0002F278       Classes.TStrings.WriteData
 0001:0002DE9C       Classes.TStringsEnumerator.Create
 0001:0002DEE0       Classes.TStringsEnumerator.GetCurrent
 0001:0002DEF8       Classes.TStringsEnumerator.MoveNext
 0001:0002D290       Classes.TThreadList.Add
 0001:0002D318       Classes.TThreadList.Clear
 0001:0002D1C0       Classes.TThreadList.Create
 0001:0002D214       Classes.TThreadList.Destroy
 0001:0002D360       Classes.TThreadList.LockList
 0001:0002D374       Classes.TThreadList.Remove
 0001:0002D37C       Classes.TThreadList.RemoveItem
 0001:0002D3D0       Classes.TThreadList.UnlockList
 0001:000347D4       Classes.TWriter.AddAncestor
 0001:00034808       Classes.TWriter.DefineBinaryProperty
 0001:000347E0       Classes.TWriter.DefineProperty
 0001:000347A8       Classes.TWriter.Destroy
 0001:00034844       Classes.TWriter.FindMethodName
 0001:0003488C       Classes.TWriter.FlushBuffer
 0001:00036E60       Classes.TWriter.GetLookupInfo
 0001:00034834       Classes.TWriter.GetPosition
 0001:00034894       Classes.TWriter.SetPosition
 0001:000348D0       Classes.TWriter.SetRoot
 0001:000348E8       Classes.TWriter.Write
 0001:00034934       Classes.TWriter.WriteBinary
 0001:000349D4       Classes.TWriter.WriteBoolean
 0001:000349BC       Classes.TWriter.WriteBuffer
 0001:000349E8       Classes.TWriter.WriteChar
 0001:00034A88       Classes.TWriter.WriteCollection
 0001:00034B78       Classes.TWriter.WriteComponent
 0001:00035120       Classes.TWriter.WriteCurrency
 0001:00034CCC       Classes.TWriter.WriteData
 0001:00035144       Classes.TWriter.WriteDate
 0001:0003508C       Classes.TWriter.WriteDescendent
 0001:000350FC       Classes.TWriter.WriteDouble
 0001:000350B4       Classes.TWriter.WriteFloat
 0001:00035168       Classes.TWriter.WriteIdent
 0001:000352C0       Classes.TWriter.WriteInteger
 0001:0003524C       Classes.TWriter.WriteInteger
 0001:00035318       Classes.TWriter.WriteListBegin
 0001:00035320       Classes.TWriter.WriteListEnd
 0001:00036B24       Classes.TWriter.WriteMinStr
 0001:00035328       Classes.TWriter.WritePrefix
 0001:00035370       Classes.TWriter.WriteProperties
 0001:000364C8       Classes.TWriter.WriteProperty
 0001:000369FC       Classes.TWriter.WritePropName
 0001:00036A50       Classes.TWriter.WriteRootComponent
 0001:00036A58       Classes.TWriter.WriteSignature
 0001:000350D8       Classes.TWriter.WriteSingle
 0001:00036A68       Classes.TWriter.WriteStr
 0001:00036C58       Classes.TWriter.WriteString
 0001:00036D70       Classes.TWriter.WriteUTF8Str
 0001:00036E4C       Classes.TWriter.WriteValue
 0001:0003661C       Classes.TWriter.WriteVariant
 0001:00034A38       Classes.TWriter.WriteWideChar
 0001:00036E44       Classes.TWriter.WriteWideString
 0001:0002C2E4       Classes.UnRegisterModuleClasses
 0001:0002C4A8       Classes.WriteCollection
 0001:00035CF8       Classes.WriteCollectionProp
 0001:00035E94       Classes.WriteFloatProp
 0001:00036EC0       Classes.WriteIndent
 0001:00035ED4       Classes.WriteInt64Prop
 0001:000362F8       Classes.WriteInterfaceProp
 0001:00035C8C       Classes.WriteIntProp
 0001:000363D4       Classes.WriteMethodProp
 0001:000360E4       Classes.WriteObjectProp
 0001:00035D9C       Classes.WriteOrdProp
 0001:00035BA0       Classes.WritePropPath
 0001:00035BF8       Classes.WriteSet
 0001:00036EEC       Classes.WriteStr
 0001:00035F10       Classes.WriteStrProp
 0001:00036F84       Classes.WriteUTF8Str
 0001:00036464       Classes.WriteVariantProp
 0004:000071E8       ComObj..41
 0001:00040950       ComObj..EOleError
 0001:00040B30       ComObj..EOleException
 0001:000409E4       ComObj..EOleSysError
 0001:000417C8       ComObj.ClearExcepInfo
 0003:00002148       ComObj.CoAddRefServerProcess
 0003:00002140       ComObj.CoCreateInstanceEx
 0003:00002158       ComObj.CoInitFlags
 0003:00002144       ComObj.CoInitializeEx
 0004:000071F0       ComObj.ComClassManagerVar
 0002:000003EC       ComObj.ComObj
 0003:0000214C       ComObj.CoReleaseServerProcess
 0003:00002150       ComObj.CoResumeClassObjects
 0003:00002154       ComObj.CoSuspendClassObjects
 0001:000410D8       ComObj.CreateSafeCallErrorExceptionObject
 0001:000411E0       ComObj.DispatchInvoke
 0001:000417BC       ComObj.DispatchInvokeError
 0001:000417D8       ComObj.DispCall
 0001:000418BC       ComObj.DispCallByID
 0001:000416E8       ComObj.DispCallError
 0001:00040E90       ComObj.EOleException.Create
 0001:00040DBC       ComObj.EOleSysError.Create
 0001:00041A14       ComObj.Finalization
 0001:00041550       ComObj.GetIDsOfNames
 0001:00041998       ComObj.InitComObj
 0001:00040F54       ComObj.LoadComExProcs
 0004:000071F8       ComObj.NeedToUninitialize
 0001:00040F44       ComObj.OleCheck
 0001:00040F28       ComObj.OleError
 0004:000071EC       ComObj.OleUninitializing
 0001:00041634       ComObj.RaiseException
 0001:0004151C       ComObj.RaiseNameException
 0001:000411D0       ComObj.SafeCallError
 0004:000071F4       ComObj.SaveInitProc
 0003:0000215C       ComObj.ThreadStrs
 0001:00040D60       ComObj.TrimPunctuation
 0001:0004164C       ComObj.VarDispInvoke
 0001:000394E4       Contnrs..TObjectList
 0001:00039950       Contnrs.TObjectList.Add
 0001:00039994       Contnrs.TObjectList.Create
 0001:00039958       Contnrs.TObjectList.Create
 0001:000399D8       Contnrs.TObjectList.Extract
 0001:000399EC       Contnrs.TObjectList.ExtractItem
 0001:00039A04       Contnrs.TObjectList.FindInstanceOf
 0001:00039A8C       Contnrs.TObjectList.First
 0001:00039A9C       Contnrs.TObjectList.GetItem
 0001:00039AB0       Contnrs.TObjectList.IndexOf
 0001:00039AB8       Contnrs.TObjectList.IndexOfItem
 0001:00039AC0       Contnrs.TObjectList.Insert
 0001:00039AC8       Contnrs.TObjectList.Last
 0001:00039AD4       Contnrs.TObjectList.Notify
 0001:00039B00       Contnrs.TObjectList.Remove
 0001:00039B08       Contnrs.TObjectList.RemoveItem
 0004:00002C58       FastMM4..1
 0001:0000A4F4       FastMM4.AllocateLargeBlock
 0001:0000A43C       FastMM4.AllocNewSequentialFeedMediumPool
 0004:00002C5C       FastMM4.AllocSize2SmallBlockTypeIndX4
 0001:0000A240       FastMM4.AppendModuleFileName
 0001:0000A264       FastMM4.AppendStringToModuleName
 0001:0000A3D4       FastMM4.BinMediumSequentialFeedRemainder
 0001:0000B224       FastMM4.CheckCanInstallMemoryManager
 0003:00000A28       FastMM4.Copyright
 0001:0000B160       FastMM4.FastAllocMem
 0001:0000AC00       FastMM4.FastFreeMem
 0001:0000A748       FastMM4.FastGetMem
 0002:000000C4       FastMM4.FastMM4
 0004:00004E88       FastMM4.FastMMIsInstalled
 0001:0000AEE8       FastMM4.FastReallocMem
 0001:0000B6E4       FastMM4.Finalization
 0001:0000B6C4       FastMM4.FinalizeMemoryManager
 0001:0000A23C       FastMM4.FindFirstSetBit
 0001:0000B194       FastMM4.FreeAllMemory
 0001:0000A558       FastMM4.FreeLargeBlock
 0001:0000AAF4       FastMM4.FreeMediumBlock
 0001:0000A378       FastMM4.InsertMediumBlockIntoBin
 0001:0000B640       FastMM4.InstallMemoryManager
 0004:00004E89       FastMM4.IsMemoryManagerOwner
 0004:00004E48       FastMM4.LargeBlocksCircularList
 0004:00004E44       FastMM4.LargeBlocksLocked
 0004:00002DB8       FastMM4.LastSequentiallyFedMediumBlock
 0001:0000A234       FastMM4.LockCmpxchg
 0001:0000A4B4       FastMM4.LockLargeBlocks
 0001:0000A2E8       FastMM4.LockMediumBlocks
 0004:00002DC4       FastMM4.MediumBlockBinBitmaps
 0004:00002DC0       FastMM4.MediumBlockBinGroupBitmap
 0004:00002E44       FastMM4.MediumBlockBins
 0001:0000ADF8       FastMM4.MediumBlockInPlaceDownsize
 0001:0000ACCC       FastMM4.MediumBlockInPlaceUpsize
 0004:00002DA4       FastMM4.MediumBlockPoolsCircularList
 0004:00002DB4       FastMM4.MediumBlocksLocked
 0004:00002DBC       FastMM4.MediumSequentialFeedBytesLeft
 0004:00004E70       FastMM4.NewMemoryManager
 0001:0000B18C       FastMM4.NoOpRegisterExpectedMemoryLeak
 0001:0000B190       FastMM4.NoOpUnregisterExpectedMemoryLeak
 0004:00004E58       FastMM4.OldMemoryManager
 0001:0000A5FC       FastMM4.ReallocateLargeBlock
 0001:0000A328       FastMM4.RemoveMediumFreeBlock
 0004:00004E8A       FastMM4.ShowingMessageBox
 0001:0000A2B8       FastMM4.ShowMessageBox
 0003:00000A2C       FastMM4.SmallBlockTypes
 0004:00002C54       FastMM4.SuppressMessageBoxes
 0001:0000B6A8       FastMM4.UninstallMemoryManager
 0001:0006AC54       FastMM_FullDebugMode.AppendInfoToString
 0001:0006AB9C       FastMM_FullDebugMode.CardinalToHexBuf
 0002:00000BAC       FastMM_FullDebugMode.FastMM_FullDebugMode
 0001:0006AE90       FastMM_FullDebugMode.Finalization
 0001:0006A7B8       FastMM_FullDebugMode.GetFrameBasedStackTrace
 0001:0006AA68       FastMM_FullDebugMode.GetRawStackTrace
 0003:0000358C       FastMM_FullDebugMode.HexTable
 0001:0006A87C       FastMM_FullDebugMode.IsValidCallSite
 0001:0006ACE8       FastMM_FullDebugMode.LogStackTrace
 0004:00088C74       FastMM_FullDebugMode.MemoryPageAccessMap
 0001:0006A810       FastMM_FullDebugMode.UpdateMemoryPageAccessMap
 0004:000872E0       IniFiles..7
 0001:00043E78       IniFiles.Finalization
 0002:0000090C       IniFiles.IniFiles
 0003:0000227C       IniFiles.TCustomIniFile.SectionNameSeparator
 0003:00002280       IniFiles.Values
 0004:000872DC       IOUtils..1
 0001:00043DB0       IOUtils.Finalization
 0002:00000904       IOUtils.IOUtils
 0004:000872D8       IOUtils.TPath.$ClassInitFlag
 0002:000004AC       IOUtils.TPath.Create@
 0001:00043DA8       IOUtils.TPath.Destroy@
 0004:000872BC       IOUtils.TPath.FAltDirectorySeparatorChar
 0003:0000226C       IOUtils.TPath.FCCurrentDir
 0003:00002274       IOUtils.TPath.FCExtendedPrefix
 0003:00002278       IOUtils.TPath.FCExtendedUNCPrefix
 0003:00002270       IOUtils.TPath.FCParentDir
 0004:000872BE       IOUtils.TPath.FDirectorySeparatorChar
 0004:000872C4       IOUtils.TPath.FExtensionSeparatorChar
 0004:000872D4       IOUtils.TPath.FFileNameWildCardChars
 0004:000872CC       IOUtils.TPath.FInvalidFileNameChars
 0004:000872C8       IOUtils.TPath.FInvalidPathChars
 0004:000872C0       IOUtils.TPath.FPathSeparator
 0004:000872D0       IOUtils.TPath.FPathWildcardChars
 0004:000872C2       IOUtils.TPath.FVolumeSeparatorChar
 0004:000071E0       Jcl8087..1
 0001:000406F0       Jcl8087.Finalization
 0002:000003B4       Jcl8087.Jcl8087
 0003:00002108       Jcl8087.UnitVersioning
 0004:00088C34       JclAnsiStrings..5
 0004:00088734       JclAnsiStrings.AnsiCaseMap
 0003:00003390       JclAnsiStrings.AnsiCaseMapReady
 0004:00088A34       JclAnsiStrings.AnsiCharTypes
 0001:0004CF4C       JclAnsiStrings.CharIsLower
 0001:0004CF5C       JclAnsiStrings.CharIsUpper
 0001:0004CF6C       JclAnsiStrings.Finalization
 0002:00000A84       JclAnsiStrings.JclAnsiStrings
 0001:0004CECC       JclAnsiStrings.LoadCaseMap
 0001:0004CE90       JclAnsiStrings.LoadCharTypes
 0003:00003394       JclAnsiStrings.UnitVersioning
 0004:000071C8       JclBase..5
 0001:0003AC94       JclBase..EJclError
 0001:0003AD28       JclBase..EJclInternalError
 0004:000071C4       JclBase.AnsiReplacementCharacter
 0001:0003B060       JclBase.Finalization
 0002:00000310       JclBase.JclBase
 0001:0003B024       JclBase.LoadAnsiReplacementCharacter
 0003:000016C0       JclBase.MaximumUCS2
 0003:000016C8       JclBase.MaximumUCS4
 0003:000016C4       JclBase.MaximumUTF16
 0003:000016BC       JclBase.UCS4ReplacementCharacter
 0003:000016CC       JclBase.UnitVersioning
 0004:000071DC       JclCharsets..3
 0001:00040504       JclCharsets.Finalization
 0003:00001760       JclCharsets.JclCharsetInfos
 0002:00000398       JclCharsets.JclCharsets
 0003:000020F0       JclCharsets.UnitVersioning
 0004:00088724       JclConsole..01
 0001:0004BB8C       JclConsole.Finalization
 0002:00000A2C       JclConsole.JclConsole
 0003:00003334       JclConsole.UnitVersioning
 0004:0008871C       JclDateTime..2
 0001:00048490       JclDateTime..EJclDateTimeError
 0003:000032E0       JclDateTime.FileTimeStep
 0001:000486F8       JclDateTime.FileTimeToDateTime
 0001:00048724       JclDateTime.FileTimeToLocalDateTime
 0001:0004875C       JclDateTime.Finalization
 0002:000009F4       JclDateTime.JclDateTime
 0001:000486DC       JclDateTime.ResultCheck
 0003:000032C8       JclDateTime.UnitVersioning
 0004:00088C5C       JclDebug..23
 0001:00061258       JclDebug..TJclAbstractMapParser
 0001:0006206C       JclDebug..TJclBinDebugScanner
 0001:00062BE8       JclDebug..TJclDebugInfoBinary
 0001:00062D88       JclDebug..TJclDebugInfoExports
 0001:00062814       JclDebug..TJclDebugInfoList
 0001:00062A64       JclDebug..TJclDebugInfoMap
 0001:000625F4       JclDebug..TJclDebugInfoSource
 0001:00063098       JclDebug..TJclDebugInfoSymbols
 0001:00062F14       JclDebug..TJclDebugInfoTD32
 0001:00063EB0       JclDebug..TJclExceptFrame
 0001:00064140       JclDebug..TJclExceptFrameList
 0001:00068DA8       JclDebug..TJclGlobalModulesList
 0001:00068804       JclDebug..TJclGlobalStackList
 0001:000619B4       JclDebug..TJclMapScanner
 0001:00060E50       JclDebug..TJclModuleInfo
 0001:00060FEC       JclDebug..TJclModuleInfoList
 0001:000632C8       JclDebug..TJclStackBaseList
 0001:000635E4       JclDebug..TJclStackInfoItem
 0001:00063724       JclDebug..TJclStackInfoList
 0001:0006A348       JclDebug.AddIgnoredException
 0001:000693D0       JclDebug.CorrectExceptStackListTop
 0004:00088C60       JclDebug.DebugInfoCritSect
 0003:0000353C       JclDebug.DebugInfoList
 0003:00003544       JclDebug.DebugSymbolsInitialized
 0003:00003548       JclDebug.DebugSymbolsLoadFailed
 0001:00065C08       JclDebug.DecodeNameString
 0001:00069DC8       JclDebug.DoExceptFrameTrace
 0001:00069440       JclDebug.DoExceptionStackTrace
 0001:0006A508       JclDebug.DoExceptNotify
 0001:00064B40       JclDebug.Eof
 0001:0006A660       JclDebug.Finalization
 0001:00064D38       JclDebug.FindParam
 0001:00064470       JclDebug.GetExceptionPointer
 0001:00064468       JclDebug.GetFramePointer
 0001:00069DD4       JclDebug.GetJmpDest
 0001:0006814C       JclDebug.GetLocationInfo
 0001:00068094       JclDebug.GetLocationInfo
 0001:000681F4       JclDebug.GetLocationInfoStr
 0001:0006446C       JclDebug.GetStackPointer
 0001:00064478       JclDebug.GetStackTop
 0004:00088C68       JclDebug.GlobalModulesList
 0004:00088C64       JclDebug.GlobalStackList
 0003:00003584       JclDebug.IgnoredExceptionClassNames
 0003:00003588       JclDebug.IgnoredExceptionClassNamesCritSect
 0003:00003580       JclDebug.IgnoredExceptions
 0003:0000354C       JclDebug.ImageHlpDllHandle
 0003:00003540       JclDebug.InfoSourceClassList
 0001:0006A5C4       JclDebug.IsDebuggerAttached
 0001:00064BBC       JclDebug.IsDecDigit
 0001:0006A378       JclDebug.IsIgnoredException
 0001:00069DA4       JclDebug.JclCreateExceptFrameList
 0001:000694B8       JclDebug.JclCreateStackList
 0002:00000B54       JclDebug.JclDebug
 0003:000034DC       JclDebug.JclDebugInfoSymbolPaths
 0003:000034D8       JclDebug.JclStackTrackingOptions
 0001:0006A594       JclDebug.JclStopExceptionTracking
 0003:00003538       JclDebug.LineNumbersPrefix
 0001:0006668C       JclDebug.NeedDebugInfoList
 0003:00003518       JclDebug.PublicsByNameHeader
 0003:00003528       JclDebug.PublicsByValueHeader
 0001:00064CCC       JclDebug.ReadAddress
 0001:00064C20       JclDebug.ReadDecValue
 0001:00064C58       JclDebug.ReadHexValue
 0001:00064D08       JclDebug.ReadString
 0001:00064BDC       JclDebug.ReadTextLine
 0004:00088C70       JclDebug.RegisteredThreadList
 0001:00065460       JclDebug.Search_MapLineNumber
 0001:00065720       JclDebug.Search_MapProcName
 0003:00003508       JclDebug.SegmentsHeader
 0001:00065B48       JclDebug.SimpleCryptString
 0001:00064B84       JclDebug.SkipEndLine
 0001:00064B54       JclDebug.SkipWhiteSpace
 0001:000658B0       JclDebug.Sort_MapLineNumber
 0001:000658B8       JclDebug.Sort_MapProcName
 0001:000658C0       JclDebug.Sort_MapSegment
 0001:00067354       JclDebug.StrRemoveEmptyPaths
 0003:00003560       JclDebug.SymCleanupFunc
 0003:00003578       JclDebug.SymGetLineFromAddrAFunc
 0003:0000357C       JclDebug.SymGetLineFromAddrWFunc
 0003:0000356C       JclDebug.SymGetModuleInfoAFunc
 0003:00003570       JclDebug.SymGetModuleInfoWFunc
 0003:00003558       JclDebug.SymGetOptionsFunc
 0003:00003564       JclDebug.SymGetSymFromAddrAFunc
 0003:00003568       JclDebug.SymGetSymFromAddrWFunc
 0003:00003550       JclDebug.SymInitializeAFunc
 0003:00003554       JclDebug.SymInitializeWFunc
 0003:00003574       JclDebug.SymLoadModuleFunc
 0003:0000355C       JclDebug.SymSetOptionsFunc
 0001:00064D58       JclDebug.SyncToHeader
 0001:00064E34       JclDebug.SyncToPrefix
 0003:000034F8       JclDebug.TableHeader
 0001:000646CC       JclDebug.TJclAbstractMapParser.Create
 0001:00064730       JclDebug.TJclAbstractMapParser.Create
 0001:00064770       JclDebug.TJclAbstractMapParser.Destroy
 0001:000647A8       JclDebug.TJclAbstractMapParser.GetLinkerBugUnitName
 0001:000647C0       JclDebug.TJclAbstractMapParser.MapStringToFileName
 0001:00064824       JclDebug.TJclAbstractMapParser.MapStringToModuleName
 0001:000648F8       JclDebug.TJclAbstractMapParser.MapStringToStr
 0001:00064F50       JclDebug.TJclAbstractMapParser.Parse
 0001:00065E44       JclDebug.TJclBinDebugScanner.CacheLineNumbers
 0001:00065F18       JclDebug.TJclBinDebugScanner.CacheProcNames
 0001:00066020       JclDebug.TJclBinDebugScanner.CheckFormat
 0001:00065DF4       JclDebug.TJclBinDebugScanner.Create
 0001:000660BC       JclDebug.TJclBinDebugScanner.DataToStr
 0001:000660EC       JclDebug.TJclBinDebugScanner.GetModuleName
 0001:00066108       JclDebug.TJclBinDebugScanner.IsModuleNameValid
 0001:00066194       JclDebug.TJclBinDebugScanner.LineNumberFromAddr
 0001:00066188       JclDebug.TJclBinDebugScanner.LineNumberFromAddr
 0001:0006629C       JclDebug.TJclBinDebugScanner.MakePtr
 0001:000662A8       JclDebug.TJclBinDebugScanner.ModuleNameFromAddr
 0001:0006631C       JclDebug.TJclBinDebugScanner.ModuleStartFromAddr
 0001:0006637C       JclDebug.TJclBinDebugScanner.ProcNameFromAddr
 0001:0006639C       JclDebug.TJclBinDebugScanner.ProcNameFromAddr
 0001:00066554       JclDebug.TJclBinDebugScanner.ReadValue
 0001:0006658C       JclDebug.TJclBinDebugScanner.SourceNameFromAddr
 0001:00066AD0       JclDebug.TJclDebugInfoBinary.Destroy
 0001:00066B18       JclDebug.TJclDebugInfoBinary.GetLocationInfo
 0001:00066C34       JclDebug.TJclDebugInfoBinary.InitializeSource
 0001:00066D74       JclDebug.TJclDebugInfoExports.Destroy
 0001:00066E8C       JclDebug.TJclDebugInfoExports.GetLocationInfo
 0001:00067144       JclDebug.TJclDebugInfoExports.InitializeSource
 0001:00066DAC       JclDebug.TJclDebugInfoExports.IsAddressInThisExportedFunction
 0001:000666A8       JclDebug.TJclDebugInfoList.CreateDebugInfo
 0001:00066748       JclDebug.TJclDebugInfoList.GetItemFromModule
 0001:000667A8       JclDebug.TJclDebugInfoList.GetItems
 0001:000667BC       JclDebug.TJclDebugInfoList.GetLocationInfo
 0001:0006682C       JclDebug.TJclDebugInfoList.NeedInfoSourceClassList
 0001:00066898       JclDebug.TJclDebugInfoList.RegisterDebugInfoSource
 0001:000668B0       JclDebug.TJclDebugInfoList.RegisterDebugInfoSourceFirst
 0001:000668C8       JclDebug.TJclDebugInfoList.UnRegisterDebugInfoSource
 0001:000668E0       JclDebug.TJclDebugInfoMap.Destroy
 0001:00066918       JclDebug.TJclDebugInfoMap.GetLocationInfo
 0001:00066A34       JclDebug.TJclDebugInfoMap.InitializeSource
 0001:00066648       JclDebug.TJclDebugInfoSource.Create
 0001:0006666C       JclDebug.TJclDebugInfoSource.GetFileName
 0001:000627E8       JclDebug.TJclDebugInfoSource.GetLocationInfo
 0001:000627E0       JclDebug.TJclDebugInfoSource.InitializeSource
 0001:00066680       JclDebug.TJclDebugInfoSource.VAFromAddr
 0001:00067724       JclDebug.TJclDebugInfoSymbols.CleanupDebugSymbols
 0001:00067754       JclDebug.TJclDebugInfoSymbols.GetLocationInfo
 0001:00067450       JclDebug.TJclDebugInfoSymbols.InitializeDebugSymbols
 0001:00067AB0       JclDebug.TJclDebugInfoSymbols.InitializeSource
 0001:00067D04       JclDebug.TJclDebugInfoSymbols.LoadDebugFunctions
 0001:00068018       JclDebug.TJclDebugInfoSymbols.UnloadDebugFunctions
 0001:0006718C       JclDebug.TJclDebugInfoTD32.Destroy
 0001:000671C4       JclDebug.TJclDebugInfoTD32.GetLocationInfo
 0001:000672F8       JclDebug.TJclDebugInfoTD32.InitializeSource
 0001:00069E78       JclDebug.TJclExceptFrame.AnalyseExceptFrame
 0001:00069E20       JclDebug.TJclExceptFrame.Create
 0001:0006A164       JclDebug.TJclExceptFrame.HandlerInfo
 0001:0006A158       JclDebug.TJclExceptFrame.Handles
 0001:0006A29C       JclDebug.TJclExceptFrameList.AddFrame
 0001:0006A258       JclDebug.TJclExceptFrameList.Create
 0001:0006A2C4       JclDebug.TJclExceptFrameList.TraceExceptionFrames
 0001:000690C4       JclDebug.TJclGlobalModulesList.AddModule
 0001:00069030       JclDebug.TJclGlobalModulesList.Create
 0001:00069164       JclDebug.TJclGlobalModulesList.CreateModulesList
 0001:0006906C       JclDebug.TJclGlobalModulesList.Destroy
 0001:000692E4       JclDebug.TJclGlobalModulesList.FreeModulesList
 0001:0006935C       JclDebug.TJclGlobalModulesList.ValidateAddress
 0001:00068ACC       JclDebug.TJclGlobalStackList.AddObject
 0001:00068B60       JclDebug.TJclGlobalStackList.Clear
 0001:00068A40       JclDebug.TJclGlobalStackList.Destroy
 0001:00068BCC       JclDebug.TJclGlobalStackList.FindObject
 0001:00068C88       JclDebug.TJclGlobalStackList.ItemDestroyed
 0001:00068CE0       JclDebug.TJclGlobalStackList.LockThreadID
 0001:00068D54       JclDebug.TJclGlobalStackList.UnlockThreadID
 0001:000652FC       JclDebug.TJclMapScanner.ClassTableItem
 0001:000651DC       JclDebug.TJclMapScanner.Create
 0001:00065454       JclDebug.TJclMapScanner.LineNumberFromAddr
 0001:00065468       JclDebug.TJclMapScanner.LineNumberFromAddr
 0001:000654D8       JclDebug.TJclMapScanner.LineNumbersItem
 0001:00065658       JclDebug.TJclMapScanner.LineNumberUnitItem
 0001:00065224       JclDebug.TJclMapScanner.MAPAddrToVA
 0001:0006525C       JclDebug.TJclMapScanner.MapStringCacheToFileName
 0001:0006528C       JclDebug.TJclMapScanner.MapStringCacheToModuleName
 0001:000652BC       JclDebug.TJclMapScanner.MapStringCacheToStr
 0001:0006565C       JclDebug.TJclMapScanner.ModuleNameFromAddr
 0001:000656B8       JclDebug.TJclMapScanner.ModuleStartFromAddr
 0001:00065700       JclDebug.TJclMapScanner.ProcNameFromAddr
 0001:00065728       JclDebug.TJclMapScanner.ProcNameFromAddr
 0001:000657B4       JclDebug.TJclMapScanner.PublicsByNameItem
 0001:000657B8       JclDebug.TJclMapScanner.PublicsByValueItem
 0001:000658C8       JclDebug.TJclMapScanner.Scan
 0001:0006597C       JclDebug.TJclMapScanner.SegmentItem
 0001:00065A98       JclDebug.TJclMapScanner.SourceNameFromAddr
 0001:000644DC       JclDebug.TJclModuleInfoList.AddModule
 0001:00064510       JclDebug.TJclModuleInfoList.BuildModulesList
 0001:00064480       JclDebug.TJclModuleInfoList.Create
 0001:000645C0       JclDebug.TJclModuleInfoList.CreateItemForAddress
 0001:0006462C       JclDebug.TJclModuleInfoList.GetItems
 0001:00064640       JclDebug.TJclModuleInfoList.GetModuleFromAddress
 0001:0006469C       JclDebug.TJclModuleInfoList.IsSystemModuleAddress
 0001:000646B4       JclDebug.TJclModuleInfoList.IsValidModuleAddress
 0001:00068764       JclDebug.TJclStackBaseList.Create
 0001:000687AC       JclDebug.TJclStackBaseList.Destroy
 0001:000694F0       JclDebug.TJclStackInfoItem.GetCallerAddr
 0001:000694F4       JclDebug.TJclStackInfoItem.GetLogicalAddress
 0001:000697C0       JclDebug.TJclStackInfoList.AddToStrings
 0001:000697B8       JclDebug.TJclStackInfoList.CorrectOnAccess
 0001:0006955C       JclDebug.TJclStackInfoList.Create
 0001:000695A8       JclDebug.TJclStackInfoList.Create
 0001:00069510       JclDebug.TJclStackInfoList.Create
 0001:000695F8       JclDebug.TJclStackInfoList.Create
 0001:00069B48       JclDebug.TJclStackInfoList.DelayStoreStack
 0001:000696D0       JclDebug.TJclStackInfoList.Destroy
 0001:00069714       JclDebug.TJclStackInfoList.ForceStackTracing
 0001:000697A4       JclDebug.TJclStackInfoList.GetCount
 0001:00069890       JclDebug.TJclStackInfoList.GetItems
 0001:000698B0       JclDebug.TJclStackInfoList.NextStackFrame
 0001:000699D0       JclDebug.TJclStackInfoList.StoreToList
 0001:00069A14       JclDebug.TJclStackInfoList.TraceStackFrames
 0001:00069A88       JclDebug.TJclStackInfoList.TraceStackRaw
 0001:00069BD0       JclDebug.TJclStackInfoList.ValidCallSite
 0001:00069D94       JclDebug.TJclStackInfoList.ValidStackAddr
 0004:00088C6C       JclDebug.TrackingActiveCount
 0003:000034E0       JclDebug.UnitVersioning
 0001:000693B8       JclDebug.ValidCodeAddr
 0004:00088720       JclFileUtils..12
 0001:0004957C       JclFileUtils..EJclFileMappingError
 0001:0004962C       JclFileUtils..EJclFileMappingViewError
 0001:00048858       JclFileUtils..EJclFileVersionInfoError
 0001:000493B4       JclFileUtils..TJclFileMappingStream
 0001:00048990       JclFileUtils..TJclFileVersionInfo
 0001:00049C78       JclFileUtils.FileExists
 0001:0004B994       JclFileUtils.Finalization
 0001:0004A880       JclFileUtils.FixKeyValue
 0001:0004A2C4       JclFileUtils.FormatVersionString
 0001:0004A788       JclFileUtils.GetHeader
 0001:00049C9C       JclFileUtils.GetModulePath
 0002:00000A10       JclFileUtils.JclFileUtils
 0001:0004A77C       JclFileUtils.Padding
 0001:00049AA8       JclFileUtils.PathAddSeparator
 0001:00049B70       JclFileUtils.PathExtractFileNameNoExt
 0001:00049BC0       JclFileUtils.PathRemoveExtension
 0001:0004A91C       JclFileUtils.ProcessStringInfo
 0001:0004AC6C       JclFileUtils.ProcessVarInfo
 0001:000499E8       JclFileUtils.TJclFileMappingStream.Close
 0001:00049888       JclFileUtils.TJclFileMappingStream.Create
 0001:000499BC       JclFileUtils.TJclFileMappingStream.Destroy
 0001:00049A2C       JclFileUtils.TJclFileMappingStream.Write
 0001:0004A3EC       JclFileUtils.TJclFileVersionInfo.Attach
 0001:0004A6AC       JclFileUtils.TJclFileVersionInfo.CheckLanguageIndex
 0001:0004A450       JclFileUtils.TJclFileVersionInfo.Create
 0001:0004A524       JclFileUtils.TJclFileVersionInfo.Create
 0001:0004A59C       JclFileUtils.TJclFileVersionInfo.Create
 0001:0004A6DC       JclFileUtils.TJclFileVersionInfo.CreateItemsForLanguage
 0001:0004A648       JclFileUtils.TJclFileVersionInfo.Destroy
 0001:0004AD14       JclFileUtils.TJclFileVersionInfo.ExtractData
 0001:0004B01C       JclFileUtils.TJclFileVersionInfo.ExtractFlags
 0001:0004A690       JclFileUtils.TJclFileVersionInfo.FileHasVersionInfo
 0001:0004B084       JclFileUtils.TJclFileVersionInfo.GetBinFileVersion
 0001:0004B110       JclFileUtils.TJclFileVersionInfo.GetBinProductVersion
 0001:0004B19C       JclFileUtils.TJclFileVersionInfo.GetCustomFieldValue
 0001:0004B208       JclFileUtils.TJclFileVersionInfo.GetFileOS
 0001:0004B210       JclFileUtils.TJclFileVersionInfo.GetFileSubType
 0001:0004B218       JclFileUtils.TJclFileVersionInfo.GetFileType
 0001:0004B220       JclFileUtils.TJclFileVersionInfo.GetFileVersionBuild
 0001:0004B2E4       JclFileUtils.TJclFileVersionInfo.GetFileVersionMajor
 0001:0004B388       JclFileUtils.TJclFileVersionInfo.GetFileVersionMinor
 0001:0004B444       JclFileUtils.TJclFileVersionInfo.GetFileVersionRelease
 0001:0004B510       JclFileUtils.TJclFileVersionInfo.GetFixedInfo
 0001:0004B524       JclFileUtils.TJclFileVersionInfo.GetItems
 0001:0004B528       JclFileUtils.TJclFileVersionInfo.GetLanguageCount
 0001:0004B540       JclFileUtils.TJclFileVersionInfo.GetProductVersionBuild
 0001:0004B604       JclFileUtils.TJclFileVersionInfo.GetProductVersionMajor
 0001:0004B6A8       JclFileUtils.TJclFileVersionInfo.GetProductVersionMinor
 0001:0004B764       JclFileUtils.TJclFileVersionInfo.GetProductVersionRelease
 0001:0004B534       JclFileUtils.TJclFileVersionInfo.GetTranslationCount
 0001:0004B830       JclFileUtils.TJclFileVersionInfo.GetVersionKeyValue
 0001:0004B854       JclFileUtils.TJclFileVersionInfo.SetLanguageIndex
 0001:0004B878       JclFileUtils.TJclFileVersionInfo.TranslationMatchesLanguages
 0001:0004B900       JclFileUtils.TJclFileVersionInfo.VersionLanguageId
 0001:0004B960       JclFileUtils.TJclFileVersionInfo.VersionLanguageName
 0003:000032EC       JclFileUtils.UnitVersioning
 0003:00003304       JclFileUtils.VerKeyNames
 0001:0004A320       JclFileUtils.VersionFixedFileInfo
 0001:00049EB0       JclFileUtils.WindowToModuleFileName
 0004:00088C4C       JclHookExcept..1
 0001:00060B98       JclHookExcept.DoExceptNotify
 0004:00088C58       JclHookExcept.Filters
 0001:00060E28       JclHookExcept.Finalization
 0001:00060AC4       JclHookExcept.FreeThreadObjList
 0001:00060B94       JclHookExcept.GetFramePointer
 0001:00060CCC       JclHookExcept.HookedRaiseException
 0001:00060D34       JclHookExcept.JclBelongsHookedCode
 0001:00060DF8       JclHookExcept.JclHookedExceptModulesList
 0002:00000B18       JclHookExcept.JclHookExcept
 0001:00060D50       JclHookExcept.JclRemoveExceptNotifier
 0004:00088C50       JclHookExcept.Kernel32_RaiseException
 0005:00000014       JclHookExcept.NewResultExc
 0004:00088C54       JclHookExcept.Notifiers
 0005:00000010       JclHookExcept.Recursive
 0001:00060B48       JclHookExcept.TNotifierItem.DoNotify
 0003:000034C0       JclHookExcept.UnitVersioning
 0004:000872E4       JclIniFiles..1
 0001:0004406C       JclIniFiles.Finalization
 0002:00000914       JclIniFiles.JclIniFiles
 0003:00002288       JclIniFiles.UnitVersioning
 0004:000071D0       JclLogic..1
 0001:0003CAD8       JclLogic.Finalization
 0002:0000034C       JclLogic.JclLogic
 0001:0003CAD0       JclLogic.Min
 0003:0000171C       JclLogic.UnitVersioning
 0004:000071E4       JclMath..7
 0001:000408E0       JclMath.Finalization
 0002:000003D0       JclMath.JclMath
 0003:0000213C       JclMath.PolarComplexFormatStr
 0003:00002138       JclMath.RectComplexFormatStr
 0003:00002120       JclMath.UnitVersioning
 0004:00088C44       JclPeImage..82
 0001:0004FB18       JclPeImage..EJclPeImageError
 0001:00054384       JclPeImage..TJclPeBorForm
 0001:000546F4       JclPeImage..TJclPeBorImage
 0001:000525C0       JclPeImage..TJclPeCertificate
 0001:00052728       JclPeImage..TJclPeCertificateList
 0001:00052820       JclPeImage..TJclPeCLRHeader
 0001:000524D4       JclPeImage..TJclPeDebugList
 0001:00050CBC       JclPeImage..TJclPeExportFuncItem
 0001:0005117C       JclPeImage..TJclPeExportFuncList
 0001:00053134       JclPeImage..TJclPeImage
 0001:0004FBC0       JclPeImage..TJclPeImageBaseList
 0001:0004FCF4       JclPeImage..TJclPeImagesCache
 0001:0004FFFC       JclPeImage..TJclPeImportFuncItem
 0001:000502E4       JclPeImage..TJclPeImportLibItem
 0001:00050790       JclPeImage..TJclPeImportList
 0001:00053E8C       JclPeImage..TJclPePackageInfo
 0001:00052200       JclPeImage..TJclPeRelocEntry
 0001:00052398       JclPeImage..TJclPeRelocList
 0001:0005192C       JclPeImage..TJclPeResourceItem
 0001:00051DB8       JclPeImage..TJclPeResourceList
 0001:000517D0       JclPeImage..TJclPeResourceRawStream
 0001:00051FA0       JclPeImage..TJclPeRootResourceList
 0001:00054AC8       JclPeImage..TJclPeSectionStream
 0001:00054E68       JclPeImage.AddFlagTextRes
 0001:00058914       JclPeImage.AttachLoadedModule32
 0001:00058A34       JclPeImage.AttachLoadedModule64
 0001:0005AC54       JclPeImage.CheckName
 0001:00054F18       JclPeImage.CompareResourceName
 0001:00055F1C       JclPeImage.CreateDelayImportList32
 0001:0005604C       JclPeImage.CreateDelayImportList64
 0001:000558C4       JclPeImage.CreateList32
 0001:00055A30       JclPeImage.CreateList64
 0001:00057000       JclPeImage.ExportSortByAddress
 0001:00057014       JclPeImage.ExportSortByAddressDESC
 0001:00057048       JclPeImage.ExportSortByAddrOrFwd
 0001:000570B0       JclPeImage.ExportSortByAddrOrFwdDESC
 0001:0005701C       JclPeImage.ExportSortByForwarded
 0001:00057040       JclPeImage.ExportSortByForwardedDESC
 0001:00056FEC       JclPeImage.ExportSortByHint
 0001:00056FF8       JclPeImage.ExportSortByHintDESC
 0001:00056FC4       JclPeImage.ExportSortByName
 0001:00056FD0       JclPeImage.ExportSortByNameDESC
 0001:00056FD8       JclPeImage.ExportSortByOrdinal
 0001:00056FE4       JclPeImage.ExportSortByOrdinalDESC
 0001:000570B8       JclPeImage.ExportSortBySection
 0001:00057134       JclPeImage.ExportSortBySectionDESC
 0003:00003494       JclPeImage.FilerSignature
 0001:0005B9CC       JclPeImage.Finalization
 0001:000556E0       JclPeImage.GetImportLibSortFunction
 0001:00055648       JclPeImage.GetImportSortFunction
 0001:0005565C       JclPeImage.ImportLibSortByIndex
 0001:00055664       JclPeImage.ImportLibSortByName
 0001:00055540       JclPeImage.ImportSortByDll
 0001:000555BC       JclPeImage.ImportSortByDllDESC
 0001:0005552C       JclPeImage.ImportSortByHint
 0001:00055538       JclPeImage.ImportSortByHintDESC
 0001:00055498       JclPeImage.ImportSortByName
 0001:00055524       JclPeImage.ImportSortByNameDESC
 0001:000555C4       JclPeImage.ImportSortByOrdinal
 0001:00055640       JclPeImage.ImportSortByOrdinalDESC
 0003:00003464       JclPeImage.Info
 0001:0005504C       JclPeImage.InternalImportedLibraries
 0001:00059844       JclPeImage.IsBrokenFormat32
 0001:000598E8       JclPeImage.IsBrokenFormat64
 0002:00000AE0       JclPeImage.JclPeImage
 0001:0005B378       JclPeImage.MarkQualifier
 0001:0005A37C       JclPeImage.PackageInfoProc
 0001:0005B5BC       JclPeImage.PeBorUnmangleName
 0001:0005B030       JclPeImage.PeMapImgFindSection32
 0001:0005B0F4       JclPeImage.PeMapImgFindSection64
 0001:0005B1F8       JclPeImage.PeMapImgFindSectionFromModule
 0001:0005B1B8       JclPeImage.PeMapImgFindSectionFromModule32
 0001:0005B1D8       JclPeImage.PeMapImgFindSectionFromModule64
 0001:0005AF04       JclPeImage.PeMapImgNtHeaders32
 0001:0005AF48       JclPeImage.PeMapImgNtHeaders64
 0001:0005B008       JclPeImage.PeMapImgSections32
 0001:0005B01C       JclPeImage.PeMapImgSections64
 0001:0005AF8C       JclPeImage.PeMapImgSize
 0001:0005AFB8       JclPeImage.PeMapImgSize32
 0001:0005AFCC       JclPeImage.PeMapImgSize64
 0001:0005AFE0       JclPeImage.PeMapImgTarget
 0001:000571CC       JclPeImage.PerformCheck
 0001:00055244       JclPeImage.PeSmartFunctionNameSame
 0001:00055114       JclPeImage.PeStripFunctionAW
 0001:00054F60       JclPeImage.ProcessLibraries
 0001:0005A8B8       JclPeImage.ProcessListItem
 0001:0005B4C4       JclPeImage.ReadName
 0001:0005B480       JclPeImage.ReadNameSymbol
 0001:0005B41C       JclPeImage.ReadRTTI
 0001:0005B3A4       JclPeImage.ReadSpecialSymbol
 0001:00059DC0       JclPeImage.RvaToVaEx32
 0001:00059E0C       JclPeImage.RvaToVaEx64
 0003:00003424       JclPeImage.SortFunctions
 0003:00003404       JclPeImage.SortFunctions
 0003:0000342C       JclPeImage.SortFunctions
 0001:0005A650       JclPeImage.TJclPeBorForm.ConvertFormToText
 0001:0005A5FC       JclPeImage.TJclPeBorForm.ConvertFormToText
 0001:0005A594       JclPeImage.TJclPeBorForm.Create
 0001:0005A6BC       JclPeImage.TJclPeBorForm.GetDisplayName
 0001:0005A794       JclPeImage.TJclPeBorImage.AfterOpen
 0001:0005A87C       JclPeImage.TJclPeBorImage.Clear
 0001:0005A704       JclPeImage.TJclPeBorImage.Create
 0001:0005AA0C       JclPeImage.TJclPeBorImage.CreateFormsList
 0001:0005AA70       JclPeImage.TJclPeBorImage.DependedPackages
 0001:0005A75C       JclPeImage.TJclPeBorImage.Destroy
 0001:0005ABD8       JclPeImage.TJclPeBorImage.FreeLibHandle
 0001:0005ABFC       JclPeImage.TJclPeBorImage.GetFormCount
 0001:0005AC18       JclPeImage.TJclPeBorImage.GetLibHandle
 0001:0005AE04       JclPeImage.TJclPeBorImage.GetPackageCompilerVersion
 0001:0005AEC0       JclPeImage.TJclPeBorImage.GetPackageInfo
 0001:000586E0       JclPeImage.TJclPeCertificate.Create
 0001:00058744       JclPeImage.TJclPeCertificateList.Create
 0001:00058780       JclPeImage.TJclPeCertificateList.CreateList
 0001:000587E0       JclPeImage.TJclPeCLRHeader.Create
 0001:00058818       JclPeImage.TJclPeCLRHeader.GetHasMetadata
 0001:00058844       JclPeImage.TJclPeCLRHeader.GetVersionString
 0001:0005885C       JclPeImage.TJclPeCLRHeader.ReadHeader
 0001:00058584       JclPeImage.TJclPeDebugList.Create
 0001:000585C4       JclPeImage.TJclPeDebugList.CreateList
 0001:000586C0       JclPeImage.TJclPeDebugList.GetItems
 0001:00056CC0       JclPeImage.TJclPeExportFuncItem.Create
 0001:00056D88       JclPeImage.TJclPeExportFuncItem.GetAddressOrForwardStr
 0001:00056DE4       JclPeImage.TJclPeExportFuncItem.GetForwardedFuncName
 0001:00056E28       JclPeImage.TJclPeExportFuncItem.GetForwardedFuncOrdinal
[...]
  3726 0001:00067416  3733 0001:00067450  3734 0001:00067471  3735 0001:00067478
  3737 0001:00067485  3738 0001:0006748E  3740 0001:00067497  3742 0001:0006749F
  3744 0001:000674AC  3745 0001:000674BF  3747 0001:000674F0  3748 0001:0006750E
  3749 0001:00067544  3750 0001:00067562  3754 0001:00067598  3758 0001:000675B0
  3760 0001:000675B8  3762 0001:000675C2  3765 0001:000675CB  3768 0001:000675D2
  3769 0001:000675DB  3771 0001:00067602  3772 0001:0006760B  3774 0001:00067637
  3776 0001:00067639  3778 0001:0006763D  3780 0001:00067653  3781 0001:00067658
  3784 0001:0006765F  3787 0001:00067667  3789 0001:0006766E  3792 0001:00067724
  3793 0001:00067728  3795 0001:0006772A  3796 0001:00067733  3798 0001:00067745
  3799 0001:0006774C  3814 0001:00067754  3815 0001:00067793  3817 0001:0006779B
  3819 0001:000677A8  3820 0001:000677B5  3821 0001:000677C3  3822 0001:000677D2
  3823 0001:000677DB  3824 0001:000677E5  3826 0001:000677EA  3827 0001:00067809
  3829 0001:0006780F  3830 0001:00067815  3831 0001:0006781D  3832 0001:00067835
  3833 0001:0006783E  3836 0001:00067883  3840 0001:00067893  3842 0001:000678A0
  3843 0001:000678AD  3844 0001:000678BB  3845 0001:000678CA  3846 0001:000678D3
  3847 0001:000678DD  3849 0001:000678E2  3850 0001:00067901  3852 0001:00067907
  3853 0001:0006790D  3854 0001:00067915  3855 0001:0006792D  3856 0001:00067936
  3859 0001:0006797D  3863 0001:0006798D  3866 0001:00067991  3868 0001:000679A0
  3869 0001:000679AF  3870 0001:000679B6  3872 0001:000679BB  3874 0001:000679D9
  3875 0001:000679E2  3876 0001:000679F0  3880 0001:000679FB  3882 0001:00067A0A
  3883 0001:00067A19  3884 0001:00067A20  3886 0001:00067A25  3888 0001:00067A3F
  3889 0001:00067A48  3890 0001:00067A56  3893 0001:00067A5F  3901 0001:00067AB0
  3902 0001:00067ADD  3903 0001:00067AE6  3905 0001:00067AEE  3907 0001:00067AF8
  3910 0001:00067B01  3912 0001:00067B08  3914 0001:00067B15  3915 0001:00067B27
  3916 0001:00067B31  3917 0001:00067B49  3920 0001:00067B4D  3921 0001:00067B58
  3922 0001:00067B6A  3925 0001:00067B74  3928 0001:00067BC2  3932 0001:00067BEB
  3934 0001:00067BF8  3935 0001:00067C0A  3936 0001:00067C14  3937 0001:00067C2C
  3940 0001:00067C30  3941 0001:00067C3B  3942 0001:00067C4D  3945 0001:00067C57
  3948 0001:00067CA5  3952 0001:00067CCB  3954 0001:00067CCD  3957 0001:00067D04
  3958 0001:00067D0A  3960 0001:00067D1B  3962 0001:00067D24  3963 0001:00067D36
  3964 0001:00067D48  3965 0001:00067D5A  3966 0001:00067D6C  3967 0001:00067D7E
  3968 0001:00067D90  3969 0001:00067DA2  3970 0001:00067DB4  3971 0001:00067DC6
  3972 0001:00067DD8  3973 0001:00067DEA  3977 0001:00067DFC  3983 0001:00067E61
  3986 0001:00068018  3987 0001:00068019  3989 0001:00068023  3990 0001:00068027
  3992 0001:00068032  3994 0001:00068039  3995 0001:00068040  3996 0001:00068047
  3997 0001:0006804E  3998 0001:00068055  3999 0001:0006805C  4000 0001:00068063
  4001 0001:0006806A  4002 0001:00068071  4003 0001:00068078  4004 0001:0006807F
  4005 0001:00068086  4006 0001:0006808D  4054 0001:00068094  4055 0001:000680A2
  4056 0001:000680B0  4057 0001:000680BA  4058 0001:000680C8  4059 0001:000680CD
  4061 0001:000680F6  4064 0001:00068117  4065 0001:00068125  4067 0001:00068142
  4070 0001:0006814C  4071 0001:00068168  4072 0001:00068176  4073 0001:00068180
  4074 0001:0006818E  4075 0001:00068193  4077 0001:000681BF  4080 0001:000681E0
  4082 0001:000681E9  4090 0001:000681F4  4091 0001:00068258  4092 0001:00068262
  4095 0001:00068281  4096 0001:0006828C  4097 0001:000682AA  4099 0001:00068322
  4101 0001:0006832C  4103 0001:00068357  4105 0001:00068379  4106 0001:00068383
  4108 0001:00068389  4109 0001:0006838F  4111 0001:000683AE  4113 0001:000683CD
  4118 0001:0006844C  4119 0001:00068452  4120 0001:0006846F  4121 0001:00068475
  4123 0001:000684CA  4128 0001:0006850F  4129 0001:00068526  4131 0001:00068528
  4133 0001:00068534  4134 0001:0006853E  4136 0001:00068542  4137 0001:00068565
  4139 0001:00068571  4140 0001:00068577  4142 0001:000685CB  4309 0001:00068764
  4310 0001:00068776  4311 0001:00068781  4312 0001:00068789  4313 0001:00068792
  4316 0001:000687AC  4317 0001:000687B7  4318 0001:000687BE  4319 0001:000687C6
  4320 0001:000687D2  4349 0001:00068A40  4350 0001:00068A52  4351 0001:00068A5C
  4353 0001:00068A6C  4352 0001:00068A7A  4355 0001:00068A8D  4357 0001:00068AA7
  4358 0001:00068AB6  4363 0001:00068ACC  4364 0001:00068ADA  4365 0001:00068AE7
  4366 0001:00068AF1  4367 0001:00068AFF  4368 0001:00068B12  4370 0001:00068B16
  4371 0001:00068B21  4373 0001:00068B28  4375 0001:00068B3E  4377 0001:00068B58
  4380 0001:00068B60  4381 0001:00068B6A  4382 0001:00068B74  4384 0001:00068B84
  4383 0001:00068B92  4389 0001:00068B98  4391 0001:00068BAC  4393 0001:00068BC6
  4399 0001:00068BCC  4400 0001:00068BDE  4401 0001:00068BE3  4402 0001:00068BEE
  4403 0001:00068BFC  4404 0001:00068C14  4405 0001:00068C1D  4407 0001:00068C2B
  4408 0001:00068C37  4410 0001:00068C4D  4411 0001:00068C50  4413 0001:00068C52
  4405 0001:00068C53  4415 0001:00068C63  4417 0001:00068C7D  4430 0001:00068C88
  4431 0001:00068C94  4432 0001:00068C9C  4433 0001:00068CAA  4435 0001:00068CC0
  4437 0001:00068CDA  4440 0001:00068CE0  4441 0001:00068CEC  4442 0001:00068CF4
  4443 0001:00068D02  4445 0001:00068D11  4446 0001:00068D18  4449 0001:00068D20
  4451 0001:00068D34  4453 0001:00068D4E  4456 0001:00068D54  4457 0001:00068D5D
  4458 0001:00068D65  4459 0001:00068D73  4461 0001:00068D87  4463 0001:00068DA1
  4487 0001:00069030  4488 0001:00069042  4489 0001:00069051  4492 0001:0006906C
  4493 0001:00069077  4494 0001:00069087  4495 0001:00069097  4496 0001:000690A7
  4497 0001:000690B3  4502 0001:000690C4  4503 0001:000690D1  4504 0001:000690DC
  4505 0001:000690E2  4506 0001:000690ED  4507 0001:000690FB  4509 0001:00069104
  4510 0001:00069118  4511 0001:00069121  4513 0001:0006912B  4515 0001:00069145
  4516 0001:0006914B  4518 0001:0006915E  4526 0001:00069164  4527 0001:00069183
  4528 0001:0006918E  4529 0001:00069194  4530 0001:0006919F  4531 0001:000691AD
  4533 0001:000691BB  4534 0001:000691C8  4536 0001:000691DA  4537 0001:000691F8
  4538 0001:0006920C  4537 0001:00069220  4539 0001:00069223  4540 0001:0006922D
  4542 0001:0006923E  4543 0001:0006925E  4545 0001:00069270  4546 0001:0006927C
  4540 0001:0006927D  4547 0001:00069280  4548 0001:00069289  4551 0001:00069294
  4553 0001:000692A4  4554 0001:000692AA  4556 0001:000692BD  4561 0001:000692E4
  4562 0001:000692F0  4564 0001:000692FA  4565 0001:00069305  4566 0001:0006930B
  4567 0001:00069316  4568 0001:00069324  4570 0001:0006933C  4571 0001:00069342
  4574 0001:00069355  4579 0001:0006935C  4580 0001:00069368  4581 0001:00069373
  4582 0001:00069381  4584 0001:0006939B  4586 0001:000693AE  4599 0001:000693B8
  4600 0001:000693C1  4602 0001:000693C8  4603 0001:000693CE  4608 0001:000693D0
  4609 0001:000693D7  4610 0001:000693DA  4611 0001:000693DE  4613 0001:000693E7
  4616 0001:000693EC  4617 0001:000693FE  4619 0001:00069415  4620 0001:00069417
  4621 0001:00069419  4616 0001:0006941A  4622 0001:0006941D  4623 0001:00069422
  4624 0001:0006942C  4623 0001:00069436  4626 0001:00069439  4637 0001:00069440
  4638 0001:0006944F  4639 0001:0006945C  4640 0001:00069469  4642 0001:0006946D
  4643 0001:00069474  4646 0001:0006947B  4647 0001:0006947E  4649 0001:00069484
  4650 0001:00069489  4652 0001:0006948D  4653 0001:0006948E  4656 0001:00069490
  4657 0001:00069492  4658 0001:000694AE  4715 0001:000694B8  4716 0001:000694BC
  4717 0001:000694DB  4718 0001:000694E7  4798 0001:000694F0  4799 0001:000694F3
  4802 0001:000694F4  4803 0001:000694FA  4804 0001:0006950D  4810 0001:00069510
  4811 0001:00069525  4812 0001:0006953C  4816 0001:0006955C  4817 0001:00069571
  4818 0001:0006958B  4822 0001:000695A8  4823 0001:000695BD  4824 0001:000695D9
  4830 0001:000695F8  4831 0001:00069619  4832 0001:00069622  4833 0001:00069628
  4834 0001:0006962F  4835 0001:00069636  4836 0001:00069639  4837 0001:00069647
  4839 0001:0006964A  4840 0001:00069650  4842 0001:0006965A  4844 0001:00069660
  4845 0001:0006966D  4847 0001:00069671  4848 0001:0006967D  4849 0001:00069680
  4851 0001:00069689  4852 0001:0006968F  4854 0001:00069698  4855 0001:0006969E
  4857 0001:000696A7  4858 0001:000696AE  4861 0001:000696D0  4862 0001:000696DE
  4863 0001:000696E5  4864 0001:000696EA  4865 0001:000696F7  4866 0001:00069703
  4869 0001:00069714  4870 0001:0006971B  4872 0001:00069736  4873 0001:0006973D
  4874 0001:0006974B  4875 0001:00069754  4877 0001:0006975E  4878 0001:00069766
  4879 0001:0006976F  4881 0001:0006978B  4882 0001:00069792  4885 0001:000697A1
  4888 0001:000697A4  4889 0001:000697AA  4890 0001:000697B1  4891 0001:000697B4
  4895 0001:000697B8  4896 0001:000697BC  4897 0001:000697BF  4903 0001:000697C0
  4904 0001:000697E4  4905 0001:000697EC  4906 0001:000697F4  4907 0001:00069802
  4908 0001:00069814  4909 0001:00069849  4907 0001:0006984A  4911 0001:0006985A
  4913 0001:0006986A  4916 0001:00069890  4917 0001:00069899  4918 0001:000698A0
  4919 0001:000698A9  4926 0001:000698B0  4930 0001:000698C0  4934 0001:000698CB
  4935 0001:000698D2  4937 0001:000698DB  4941 0001:000698DE  4942 0001:000698E6
  4944 0001:0006990D  4945 0001:00069913  4946 0001:0006991B  4948 0001:00069926
  4949 0001:00069932  4956 0001:00069938  4957 0001:00069949  4959 0001:00069956
  4961 0001:0006995E  4963 0001:00069962  4964 0001:0006996C  4965 0001:0006997E
  4968 0001:00069986  4969 0001:00069992  4970 0001:00069996  4973 0001:00069998
  4931 0001:000699B0  4975 0001:000699C1  4976 0001:000699C5  4981 0001:000699D0
  4982 0001:000699DA  4985 0001:000699F0  4986 0001:000699FC  4987 0001:00069A06
  4989 0001:00069A0F  4995 0001:00069A14  4996 0001:00069A1D  4999 0001:00069A29
  5000 0001:00069A2E  5001 0001:00069A33  5003 0001:00069A39  5007 0001:00069A41
  5008 0001:00069A47  5010 0001:00069A4F  5016 0001:00069A55  5019 0001:00069A5E
  5018 0001:00069A68  5020 0001:00069A82  5075 0001:00069A88  5076 0001:00069A93
  5078 0001:00069A9F  5080 0001:00069AA5  5082 0001:00069AB0  5087 0001:00069AB4
  5088 0001:00069ABA  5090 0001:00069AC2  5093 0001:00069AC5  5095 0001:00069ACB
  5096 0001:00069AD6  5100 0001:00069AE3  5102 0001:00069AF0  5107 0001:00069AF4
  5110 0001:00069B08  5112 0001:00069B10  5114 0001:00069B12  5116 0001:00069B15
  5120 0001:00069B1F  5104 0001:00069B22  5122 0001:00069B30  5124 0001:00069B37
  5125 0001:00069B3C  5127 0001:00069B41  5133 0001:00069B48  5134 0001:00069B50
  5136 0001:00069B57  5137 0001:00069B5C  5140 0001:00069B61  5142 0001:00069B67
  5143 0001:00069B6F  5147 0001:00069B77  5148 0001:00069B7A  5150 0001:00069B83
  5151 0001:00069B87  5152 0001:00069B91  5156 0001:00069B9D  5157 0001:00069BB7
  5158 0001:00069BC5  5159 0001:00069BCB  5173 0001:00069BD0  5177 0001:00069BDE
  5178 0001:00069BE4  5180 0001:00069BEC  5181 0001:00069BF1  5182 0001:00069BF7
  5186 0001:00069C17  5188 0001:00069C1F  5189 0001:00069C2D  5190 0001:00069C2F
  5198 0001:00069C34  5199 0001:00069C3B  5202 0001:00069C46  5209 0001:00069C51
  5211 0001:00069C61  5213 0001:00069C6F  5216 0001:00069C85  5218 0001:00069C93
  5220 0001:00069CA1  5222 0001:00069CAF  5225 0001:00069CBD  5227 0001:00069CCB
  5229 0001:00069CDF  5231 0001:00069CED  5234 0001:00069CFB  5236 0001:00069D06
  5238 0001:00069D14  5240 0001:00069D1F  5242 0001:00069D33  5244 0001:00069D3E
  5246 0001:00069D4C  5248 0001:00069D57  5250 0001:00069D65  5252 0001:00069D70
  5257 0001:00069D81  5261 0001:00069D88  5269 0001:00069D94  5270 0001:00069DA3
  5275 0001:00069DA4  5276 0001:00069DA5  5277 0001:00069DB5  5278 0001:00069DC1
  5295 0001:00069DC8  5296 0001:00069DD2  5301 0001:00069DD4  5303 0001:00069DD6
  5304 0001:00069DDE  5306 0001:00069DE8  5307 0001:00069DED  5309 0001:00069DF8
  5310 0001:00069DFA  5311 0001:00069E05  5312 0001:00069E16  5313 0001:00069E1B
  5322 0001:00069E20  5323 0001:00069E38  5324 0001:00069E41  5325 0001:00069E45
  5326 0001:00069E48  5327 0001:00069E4D  5328 0001:00069E57  5338 0001:00069E78
  5339 0001:00069EA6  5340 0001:00069EAF  5343 0001:00069EB7  5344 0001:00069EC1
  5346 0001:00069ED6  5347 0001:00069EE1  5348 0001:00069EF0  5349 0001:00069EF4
  5350 0001:00069F39  5351 0001:00069F4A  5353 0001:00069F50  5354 0001:00069F61
  5356 0001:00069F67  5357 0001:00069F78  5359 0001:00069F7E  5360 0001:00069F8F
  5364 0001:00069F93  5366 0001:00069F99  5367 0001:00069FA6  5368 0001:00069FAA
  5372 0001:00069FB2  5373 0001:00069FBE  5374 0001:00069FC2  5378 0001:00069FC5
  5380 0001:00069FCB  5381 0001:00069FE5  5383 0001:00069FF3  5385 0001:00069FFA
  5386 0001:0006A011  5389 0001:0006A013  5390 0001:0006A025  5381 0001:0006A026
  5393 0001:0006A02B  5402 0001:0006A158  5403 0001:0006A159  5404 0001:0006A160
  5412 0001:0006A164  5413 0001:0006A170  5414 0001:0006A182  5416 0001:0006A194
  5417 0001:0006A19B  5418 0001:0006A1A3  5420 0001:0006A1BA  5421 0001:0006A1BE
  5424 0001:0006A1CA  5427 0001:0006A1F7  5428 0001:0006A1FB  5431 0001:0006A209
  5432 0001:0006A214  5433 0001:0006A21A  5435 0001:0006A21E  5422 0001:0006A222
  5438 0001:0006A22A  5440 0001:0006A22E  5418 0001:0006A22F  5443 0001:0006A237
  5444 0001:0006A23B  5446 0001:0006A245  5447 0001:0006A24C  5456 0001:0006A258
  5457 0001:0006A26D  5458 0001:0006A276  5459 0001:0006A279  5460 0001:0006A280
  5463 0001:0006A29C  5464 0001:0006A2A0  5465 0001:0006A2B4  5466 0001:0006A2BD
  5478 0001:0006A2C4  5479 0001:0006A2CD  5480 0001:0006A2D4  5481 0001:0006A2E1
  5482 0001:0006A2EF  5483 0001:0006A2F1  5486 0001:0006A2FA  5487 0001:0006A30E
  5488 0001:0006A317  5489 0001:0006A318  5484 0001:0006A31A  5492 0001:0006A32C
  5494 0001:0006A341  5505 0001:0006A348  5506 0001:0006A34B  5508 0001:0006A34F
  5509 0001:0006A358  5511 0001:0006A369  5513 0001:0006A375  5572 0001:0006A378
  5573 0001:0006A39A  5574 0001:0006A39E  5576 0001:0006A3B0  5577 0001:0006A3BC
  5578 0001:0006A3CA  5579 0001:0006A3D5  5581 0001:0006A3EC  5582 0001:0006A3F0
  5583 0001:0006A3F2  5578 0001:0006A3F3  5585 0001:0006A403  5588 0001:0006A41F
  5590 0001:0006A443  5591 0001:0006A44D  5592 0001:0006A45B  5593 0001:0006A478
  5594 0001:0006A47E  5595 0001:0006A492  5597 0001:0006A4B0  5598 0001:0006A4B4
  5599 0001:0006A4B6  5594 0001:0006A4B7  5601 0001:0006A4C7  5604 0001:0006A4D9
  5613 0001:0006A508  5614 0001:0006A516  5618 0001:0006A562  5619 0001:0006A56B
  5620 0001:0006A57C  5621 0001:0006A585  5623 0001:0006A58A  5650 0001:0006A594
  5652 0001:0006A59D  5653 0001:0006A5A7  5654 0001:0006A5AB  5658 0001:0006A5B2
  5659 0001:0006A5BB  5660 0001:0006A5C1  5662 0001:0006A5C3  6473 0001:0006A5C4
  6474 0001:0006A5C7  6475 0001:0006A5D3  6476 0001:0006A5E2  6479 0001:0006A5E6
  6484 0001:0006A5EA  6485 0001:0006A5F5  6487 0001:0006A5FA  6528 0001:0006A660
  6534 0001:0006A687  6536 0001:0006A68C  6537 0001:0006A69E  6538 0001:0006A6B0
  6539 0001:0006A6C2  6540 0001:0006A6D4  6541 0001:0006A6E6  6542 0001:0006A6F8
  6543 0001:0006A70A  6544 0001:0006A71C  6546 0001:0006A72E  6548 0001:0006A738

Line numbers for JclDebug(JCLDebug.pas) segment .itext

  6517 0002:00000B54  6518 0002:00000B5D  6519 0002:00000B6E  6520 0002:00000B7F
  6521 0002:00000B90  6523 0002:00000B9A  6526 0002:00000BA9

Line numbers for FastMM_FullDebugMode(FastMM_FullDebugMode.dpr) segment .text

    83 0001:0006A7B8    86 0001:0006A7C2    87 0001:0006A7C9    88 0001:0006A7CC
    89 0001:0006A7CF    92 0001:0006A7D2    99 0001:0006A7D7   101 0001:0006A7DB
   102 0001:0006A7E2   103 0001:0006A7E5   106 0001:0006A7E8   108 0001:0006A7E9
    94 0001:0006A7EB   111 0001:0006A7F9   113 0001:0006A7FD   114 0001:0006A801
   115 0001:0006A804   111 0001:0006A805   117 0001:0006A809   140 0001:0006A810
   142 0001:0006A819   145 0001:0006A829   150 0001:0006A83E   153 0001:0006A842
   155 0001:0006A844   156 0001:0006A84A   157 0001:0006A850   158 0001:0006A85B
   163 0001:0006A86A   165 0001:0006A874   172 0001:0006A87C   173 0001:0006A883
   176 0001:0006A88E   178 0001:0006A894   179 0001:0006A8A3   181 0001:0006A8AB
   187 0001:0006A8D4   189 0001:0006A8E2   191 0001:0006A8EB   192 0001:0006A8ED
   195 0001:0006A8FA   197 0001:0006A902   199 0001:0006A90A   201 0001:0006A912
   202 0001:0006A914   205 0001:0006A921   207 0001:0006A929   208 0001:0006A92F
   210 0001:0006A93F   211 0001:0006A941   215 0001:0006A94E   217 0001:0006A95E
   218 0001:0006A960   221 0001:0006A96D   224 0001:0006A98D   225 0001:0006A98F
   228 0001:0006A99C   230 0001:0006A9A2   231 0001:0006A9A4   234 0001:0006A9B1
   235 0001:0006A9B6   237 0001:0006A9C6   238 0001:0006A9C8   241 0001:0006A9D5
   244 0001:0006A9F5   245 0001:0006A9F7   248 0001:0006AA01   250 0001:0006AA11
   251 0001:0006AA13   254 0001:0006AA1D   256 0001:0006AA29   257 0001:0006AA2B
   260 0001:0006AA35   263 0001:0006AA46   265 0001:0006AA4E   269 0001:0006AA57
   272 0001:0006AA5B   273 0001:0006AA5D   282 0001:0006AA68   285 0001:0006AA7A
   288 0001:0006AA88   291 0001:0006AA90   292 0001:0006AA97   293 0001:0006AA9A
   294 0001:0006AA9D   297 0001:0006AAA0   303 0001:0006AAAB   305 0001:0006AAB0
   310 0001:0006AABA   312 0001:0006AAC2   317 0001:0006AACA   318 0001:0006AADB
   320 0001:0006AAE5   323 0001:0006AAF0   325 0001:0006AAF6   326 0001:0006AAFB
   327 0001:0006AAFF   334 0001:0006AB04   340 0001:0006AB09   346 0001:0006AB0E
   349 0001:0006AB11   351 0001:0006AB17   356 0001:0006AB1C   361 0001:0006AB24
   363 0001:0006AB26   365 0001:0006AB31   366 0001:0006AB36   367 0001:0006AB3A
   370 0001:0006AB3D   357 0001:0006AB40   374 0001:0006AB4A   299 0001:0006AB4D
   377 0001:0006AB5F   379 0001:0006AB65   380 0001:0006AB6C   381 0001:0006AB70
   377 0001:0006AB73   385 0001:0006AB79   390 0001:0006AB84   392 0001:0006AB92
   406 0001:0006AB9C   407 0001:0006AB9D   409 0001:0006AB9E   411 0001:0006ABA0
   413 0001:0006ABA2   415 0001:0006ABA4   416 0001:0006ABAA   418 0001:0006ABB0
   419 0001:0006ABB3   421 0001:0006ABB6   422 0001:0006ABB9   423 0001:0006ABBB
   424 0001:0006ABC1   425 0001:0006ABC3   426 0001:0006ABC6   428 0001:0006ABC9
   429 0001:0006ABCC   430 0001:0006ABCE   431 0001:0006ABD4   432 0001:0006ABD6
   433 0001:0006ABD9   435 0001:0006ABDC   436 0001:0006ABDF   437 0001:0006ABE1
   438 0001:0006ABE7   439 0001:0006ABE9   440 0001:0006ABEC   442 0001:0006ABEF
   443 0001:0006ABF2   444 0001:0006ABF4   445 0001:0006ABFA   446 0001:0006ABFC
   447 0001:0006ABFF   449 0001:0006AC02   450 0001:0006AC05   452 0001:0006AC08
   453 0001:0006AC0B   454 0001:0006AC0D   455 0001:0006AC13   456 0001:0006AC15
   457 0001:0006AC18   459 0001:0006AC1B   460 0001:0006AC1E   461 0001:0006AC20
   462 0001:0006AC26   463 0001:0006AC28   464 0001:0006AC2B   466 0001:0006AC2E
   467 0001:0006AC31   468 0001:0006AC33   469 0001:0006AC39   470 0001:0006AC3B
   471 0001:0006AC3E   473 0001:0006AC41   474 0001:0006AC44   475 0001:0006AC4A
   477 0001:0006AC4C   479 0001:0006AC4F   480 0001:0006AC50   481 0001:0006AC51
   485 0001:0006AC54   486 0001:0006AC73   487 0001:0006AC77   488 0001:0006ACA7
   497 0001:0006ACE8   499 0001:0006AD1E   501 0001:0006AD2B   502 0001:0006AD30
   504 0001:0006AD38   505 0001:0006AD3B   506 0001:0006AD3C   507 0001:0006AD3F
   508 0001:0006AD40   511 0001:0006AD4B   513 0001:0006AD63   514 0001:0006AD70
   515 0001:0006AD7B   516 0001:0006AD86   517 0001:0006AD91   518 0001:0006AD98
   520 0001:0006ADAD   521 0001:0006ADDA   523 0001:0006AE04   524 0001:0006AE09
   525 0001:0006AE2C   527 0001:0006AE2E   499 0001:0006AE32   529 0001:0006AE3B

Line numbers for FastMM_FullDebugMode(FastMM_FullDebugMode.dpr) segment .itext

   584 0002:00000BAC   586 0002:00000BBC   588 0002:00000BD4

Bound resource files

c:\program files (x86)\embarcadero\rad studio\7.0\lib\Character.res
..\..\jcl-2.3.1.4197\jcl-2.3.1.4197\source\common\JclUnicode.res
FastMM_FullDebugMode.res
FastMM_FullDebugMode.drf


Program entry point at 0002:00000BAC
