
 Start         Length     Name                   Class
 0001:00401000 00004898H .text                   CODE
 0002:00406000 000000E8H .itext                  ICODE
 0003:00407000 000007DCH .data                   DATA
 0004:00408000 00002B94H .bss                    BSS
 0005:00000000 00000000H .tls                    TLS


Detailed map of segments

 0001:00000000 00002FA1 C=CODE     S=.text    G=(none)   M=System   ACBP=A9
 0001:00002FA4 000001A8 C=CODE     S=.text    G=(none)   M=SysInit  ACBP=A9
 0001:0000314C 000000C1 C=CODE     S=.text    G=(none)   M=Windows  ACBP=A9
 0001:00003210 00001686 C=CODE     S=.text    G=(none)   M=SniffDll ACBP=A9
 0002:00000000 000000AA C=ICODE    S=.itext   G=(none)   M=System   ACBP=A9
 0002:000000AC 00000016 C=ICODE    S=.itext   G=(none)   M=Windows  ACBP=A9
 0002:000000C4 00000023 C=ICODE    S=.itext   G=(none)   M=SniffDll ACBP=A9
 0003:00000000 00000798 C=DATA     S=.data    G=DGROUP   M=System   ACBP=A9
 0003:00000798 00000034 C=DATA     S=.data    G=DGROUP   M=SysInit  ACBP=A9
 0003:000007CC 0000000C C=DATA     S=.data    G=DGROUP   M=Windows  ACBP=A9
 0003:000007D8 00000004 C=DATA     S=.data    G=DGROUP   M=SniffDll ACBP=A9
 0004:00000000 00002B6C C=BSS      S=.bss     G=DGROUP   M=System   ACBP=A9
 0004:00002B6C 00000010 C=BSS      S=.bss     G=DGROUP   M=SysInit  ACBP=A9
 0004:00002B7C 00000008 C=BSS      S=.bss     G=DGROUP   M=Windows  ACBP=A9
 0004:00002B84 00000010 C=BSS      S=.bss     G=DGROUP   M=SniffDll ACBP=A9
 0005:00000000 00000008 C=TLS      S=.tls     G=(none)   M=System   ACBP=A9


  Address             Publics by Name

 0001:0000347C       SniffDll.CloseGlobalData
 0001:00003494       SniffDll.DLLEntryPoint
 0001:000034B4       SniffDll.Finalization
 0004:00002B84       SniffDll.GlobalData
 0001:00003220       SniffDll.KeyHookProc
 0004:00002B88       SniffDll.MMFHandle
 0003:000007D8       SniffDll.MMFName
 0001:000032FC       SniffDll.OpenGlobalData
 0001:000032B4       SniffDll.SetHook
 0002:000000C4       SniffDll.SniffDll
 0004:00002B8C       SniffDll.WM_KeyHOOK
 0004:00002B90       SniffDll.wm_MouseHook
 0001:000030B4       SysInit.@GetTls
 0001:00003100       SysInit.@InitLib
 0001:00002FD4       SysInit.AllocTlsBuffer
 0004:00002B74       SysInit.DllProc
 0001:00003090       SysInit.ExitProcessTLS
 0001:00003058       SysInit.ExitThreadTLS
 0001:00002FE0       SysInit.GetTlsSize
 0004:00002B70       SysInit.HInstance
 0001:000030F4       SysInit.InitializeModule
 0001:0000302C       SysInit.InitProcessTLS
 0001:00002FE8       SysInit.InitThreadTLS
 0001:00002FA4       SysInit.LocalAlloc
 0001:00002FAC       SysInit.LocalFree
 0003:000007A0       SysInit.Module
 0004:00002B6C       SysInit.ModuleIsLib
 0003:0000079C       SysInit.PtrToNil
 0001:00002FB4       SysInit.TlsAlloc
 0004:00002B78       SysInit.tlsBuffer
 0001:00002FBC       SysInit.TlsFree
 0001:00002FC4       SysInit.TlsGetValue
 0003:00000798       SysInit.TlsIndex
 0005:00000008       SysInit.TlsLast
 0003:000007BC       SysInit.TlsProc
 0001:00002FCC       SysInit.TlsSetValue
 0001:00002B4C       System...
 0003:0000078C       System...
 0004:00002B54       System...
 0004:000008BC       System..8
 0001:00001F68       System.@BoundErr
 0001:00001E68       System.@Close
 0001:000028D8       System.@DispCallByIDError
 0001:000022CC       System.@DoneExcept
 0001:0000239C       System.@ExceptionHandler
 0001:00001EC0       System.@FillChar
 0001:00001F5C       System.@FpuInit
 0001:00001CDC       System.@FreeMem
 0001:00002874       System.@Halt
 0001:00002768       System.@Halt0
 0001:0000206C       System.@HandleAnyException
 0001:00002198       System.@HandleFinally
 0001:00002240       System.@HandleFinallyInternal
 0001:00002F08       System.@InitDelayHelp
 0001:0000288C       System.@LStrClr
 0001:00002B24       System.@memcpy
 0001:00002B38       System.@memset
 0001:000028B0       System.@PCharLen
 0001:00002278       System.@RaiseAgain
 0001:00002880       System.@RunError
 0001:00002F17       System.@ShutdownDelayHelp
 0001:00002558       System.@StartLib
 0001:00002C32       System.@_delayLoadHelper
 0001:00002E9E       System.@_FUnloadDelayLoadedDLL
 0003:00000790       System.@__pfnDliFailureHook
 0003:00000794       System.@__pfnDliNotifyHook
 0001:00000594       System.AllocateLargeBlock
 0001:000004D4       System.AllocNewSequentialFeedMediumPool
 0004:000008C0       System.AllocSize2SmallBlockTypeIndX4
 0003:0000003C       System.AnsiStringBlockMessage
 0001:00001284       System.AppendClassNameToBuffer
 0001:0000126C       System.AppendStringToBuffer
 0001:00000468       System.BinMediumSequentialFeedRemainder
 0001:00001A8C       System.BuildBlockTypeLookupTable
 0003:00000034       System.BytesMessage
 0004:00002B50       System.CachedLangID
 0001:00001150       System.CardinalToStrBuf
 0001:00001FE8       System.CheckJmp
 0001:000014E8       System.CheckSmallBlockPoolForLeaks
 0001:00000000       System.CloseHandle
 0004:0000002C       System.CmdLine
 0004:00000028       System.CmdShow
 0003:00000024       System.Copyright
 0004:00000038       System.CPUCount
 0004:00002B38       System.CrSec
 0003:00000010       System.DebugHook
 0003:0000000C       System.Default8087CW
 0004:000008AC       System.DefaultSystemCodePage
 0004:000008B0       System.DefaultUnicodeCodePage
 0001:00000020       System.DeleteCriticalSection
 0003:00000788       System.dig
 0004:00000000       System.DispCallByIDProc
 0004:00002AF8       System.DLLThreadContext
 0001:00000010       System.EnterCriticalSection
 0003:00000760       System.errCaption
 0001:00001D4C       System.Error
 0003:00000004       System.ErrorAddr
 0001:00001D00       System.ErrorAt
 0004:00000008       System.ErrorProc
 0004:000005DC       System.ErrOutput
 0004:0000000C       System.ExceptObjProc
 0004:00000004       System.ExceptProc
 0003:00000000       System.ExitCode
 0001:000026AC       System.ExitDll
 0004:00000030       System.ExitProc
 0001:00000050       System.ExitProcess
 0004:00000018       System.ExitProcessProc
 0004:00002ABC       System.ExpectedMemoryLeaks
 0004:00002AC0       System.ExpectedMemoryLeaksListLocked
 0003:00000008       System.FileMode
 0001:00002F30       System.Finalization
 0001:000029C4       System.FinalizeLocaleDate
 0001:00001C88       System.FinalizeMemoryManager
 0001:00002484       System.FinalizeUnits
 0001:00001BF8       System.FreeAllMemory
 0001:000005F8       System.FreeLargeBlock
 0001:00000060       System.FreeLibrary
 0001:00002AAC       System.GetACP
 0001:000000B0       System.GetCmdShow
 0001:00000068       System.GetCommandLine
 0001:00002AB4       System.GetCPUCount
 0001:00000098       System.GetCurrentThreadId
 0001:00001114       System.GetFirstAndLastSmallBlockInPool
 0001:000010D4       System.GetFirstMediumBlockInPool
 0001:00000070       System.GetLastError
 0001:00000078       System.GetModuleHandle
 0001:000013B4       System.GetObjectClass
 0001:00000080       System.GetProcAddress
 0001:00000088       System.GetStartupInfo
 0001:00000028       System.GetStdHandle
 0001:000000A8       System.GetSystemInfo
 0004:00002B28       System.GetThreadPreferredUILanguages
 0004:00002B2C       System.GetThreadUILanguage
 0001:000000A0       System.GetVersion
 0004:00002AC8       System.InitContext
 0001:00000008       System.InitializeCriticalSection
 0001:000028E0       System.InitializeLocaleData
 0001:00001AD0       System.InitializeMemoryManager
 0001:000024EC       System.InitUnits
 0005:00000004       System.InOutRes
 0004:0000003C       System.Input
 0001:00000408       System.InsertMediumBlockIntoBin
 0001:00001334       System.InternalIsValidClass
 0004:00000034       System.IsConsole
 0004:00000024       System.IsLibrary
 0004:00000035       System.IsMultiThread
 0001:000012B8       System.IsValidVMTAddress
 0003:00000014       System.JITEnable
 0004:00002AAC       System.LargeBlocksCircularList
 0004:00002AA8       System.LargeBlocksLocked
 0003:00000030       System.LargeLeakDetail
 0004:00000A1C       System.LastSequentiallyFedMediumBlock
 0003:00000044       System.LeakMessageFooter
 0003:00000028       System.LeakMessageHeader
 0003:00000048       System.LeakMessageTitle
 0001:00000018       System.LeaveCriticalSection
 0003:0000001C       System.LibModuleList
 0001:00002B14       System.LoadLibraryA
 0001:00002B04       System.LocalAlloc
 0001:00002B0C       System.LocalFree
 0001:0000023C       System.LockCmpxchg
 0001:000013DC       System.LockExpectedMemoryLeaksList
 0001:0000054C       System.LockLargeBlocks
 0001:00002B1C       System.lstrcmpiA
 0004:0000001C       System.MainInstance
 0004:00000020       System.MainThreadID
 0001:00002640       System.MakeErrorMessage
 0004:00002AC4       System.MappingObjectHandle
 0001:000022FC       System.MapToRunError
 0004:00000A28       System.MediumBlockBinBitmaps
 0004:00000A24       System.MediumBlockBinGroupBitmap
 0004:00000AA8       System.MediumBlockBins
 0004:00000A08       System.MediumBlockPoolsCircularList
 0004:00000A18       System.MediumBlocksLocked
 0004:00000A20       System.MediumSequentialFeedBytesLeft
 0003:0000072C       System.MemoryManager
 0001:00000058       System.MessageBoxA
 0004:00000A06       System.MinimumBlockAlignment
 0003:00000020       System.ModuleUnloadList
 0001:00001D68       System.Move
 0001:00000244       System.Move12
 0001:00000258       System.Move20
 0001:00000278       System.Move28
 0001:000002A4       System.Move36
 0001:000002C4       System.Move44
 0001:000002E8       System.Move52
 0001:00000314       System.Move60
 0001:00000344       System.Move68
 0001:0000037C       System.MoveX16L4
 0001:000003AC       System.MoveX8L4
 0004:000008B9       System.NeverSleepOnMMThreadContention
 0001:000010B0       System.NextMediumBlock
 0003:00000018       System.NoErrMsg
 0001:00001FD4       System.NotifyAnyExcept
 0001:00001FBC       System.NotifyExcept
 0001:00002008       System.NotifyExceptFinally
 0001:000029D0       System.NotifyModuleUnload
 0001:00001F98       System.NotifyNonDelphiException
 0001:00001F7C       System.NotifyReRaise
 0001:00002030       System.NotifyTerminate
 0001:0000204C       System.NotifyUnhandled
 0004:0000030C       System.Output
 0001:00000030       System.RaiseException
 0004:00000010       System.RaiseExceptionProc
 0005:00000000       System.RaiseListPtr
 0001:0000069C       System.ReallocateLargeBlock
 0001:00002A2C       System.RegisterModule
 0003:00000744       System.reMap
 0001:000003C8       System.RemoveMediumFreeBlock
 0004:000008B8       System.ReportMemoryLeaksOnShutdown
 0001:00000038       System.RtlUnwind
 0004:00000014       System.RTLUnwindProc
 0003:00000768       System.runErrMsg
 0001:00001CF4       System.RunErrorAt
 0001:000016A8       System.ScanForMemoryLeaks
 0001:0000243C       System.SetExceptionHandler
 0001:00001D58       System.SetInOutRes
 0004:00002B30       System.SetThreadUILanguage
 0001:00002AC8       System.SetUtf8CompareLocale
 0001:000000EC       System.Sleep
 0003:0000004C       System.SmallBlockTypes
 0003:0000002C       System.SmallLeakDetail
 0001:0000107C       System.SysAllocMem
 0001:00000B6C       System.SysFreeMem
 0001:000007E8       System.SysGetMem
 0001:00000D64       System.SysReallocMem
 0001:00001450       System.SysRegisterExpectedMemoryLeak
 0002:00000000       System.System
 0001:00001490       System.SysUnregisterExpectedMemoryLeak
 0004:00000036       System.Test8086
 0001:00001F70       System.TObject.Free
 0001:00000040       System.UnhandledExceptionFilter
 0003:00000040       System.UnicodeStringBlockMessage
 0003:00000038       System.UnknownClassNameMsg
 0001:00002A3C       System.UnregisterModule
 0001:0000245C       System.UnsetExceptionHandler
 0004:00002B34       System.UseThreadUILanguageAPI
 0004:000008B4       System.UTF8CompareLocale
 0001:000000DC       System.VirtualAlloc
 0001:000000E4       System.VirtualFree
 0001:00000090       System.VirtualQuery
 0001:000026D8       System.WriteErrorMessage
 0001:00000048       System.WriteFile
 0004:00002B7C       Windows..2
 0001:0000317C       Windows.CallNextHookEx
 0001:0000314C       Windows.CloseHandle
 0001:00003154       Windows.CreateFileMapping
 0001:000031F0       Windows.Finalization
 0001:0000315C       Windows.FreeLibrary
 0001:00003184       Windows.GetForegroundWindow
 0001:00003164       Windows.GetVersionEx
 0004:00002B80       Windows.HtmlHelpModule
 0001:000031B4       Windows.InitVersionInfo
 0001:0000316C       Windows.MapViewOfFile
 0001:0000318C       Windows.MessageBox
 0001:00003194       Windows.RegisterWindowMessage
 0001:0000319C       Windows.SendMessage
 0001:000031A4       Windows.SetWindowsHookEx
 0001:000031AC       Windows.UnhookWindowsHookEx
 0001:00003174       Windows.UnmapViewOfFile
 0003:000007CC       Windows.Win32MajorVersion
 0003:000007D0       Windows.Win32MinorVersion
 0003:000007D4       Windows.Win32Platform
 0002:000000AC       Windows.Windows


  Address             Publics by Value

 0001:00000000       System.CloseHandle
 0001:00000008       System.InitializeCriticalSection
 0001:00000010       System.EnterCriticalSection
 0001:00000018       System.LeaveCriticalSection
 0001:00000020       System.DeleteCriticalSection
 0001:00000028       System.GetStdHandle
 0001:00000030       System.RaiseException
 0001:00000038       System.RtlUnwind
 0001:00000040       System.UnhandledExceptionFilter
 0001:00000048       System.WriteFile
 0001:00000050       System.ExitProcess
 0001:00000058       System.MessageBoxA
 0001:00000060       System.FreeLibrary
 0001:00000068       System.GetCommandLine
 0001:00000070       System.GetLastError
 0001:00000078       System.GetModuleHandle
 0001:00000080       System.GetProcAddress
 0001:00000088       System.GetStartupInfo
 0001:00000090       System.VirtualQuery
 0001:00000098       System.GetCurrentThreadId
 0001:000000A0       System.GetVersion
 0001:000000A8       System.GetSystemInfo
 0001:000000B0       System.GetCmdShow
 0001:000000DC       System.VirtualAlloc
 0001:000000E4       System.VirtualFree
 0001:000000EC       System.Sleep
 0001:0000023C       System.LockCmpxchg
 0001:00000244       System.Move12
 0001:00000258       System.Move20
 0001:00000278       System.Move28
 0001:000002A4       System.Move36
 0001:000002C4       System.Move44
 0001:000002E8       System.Move52
 0001:00000314       System.Move60
 0001:00000344       System.Move68
 0001:0000037C       System.MoveX16L4
 0001:000003AC       System.MoveX8L4
 0001:000003C8       System.RemoveMediumFreeBlock
 0001:00000408       System.InsertMediumBlockIntoBin
 0001:00000468       System.BinMediumSequentialFeedRemainder
 0001:000004D4       System.AllocNewSequentialFeedMediumPool
 0001:0000054C       System.LockLargeBlocks
 0001:00000594       System.AllocateLargeBlock
 0001:000005F8       System.FreeLargeBlock
 0001:0000069C       System.ReallocateLargeBlock
 0001:000007E8       System.SysGetMem
 0001:00000B6C       System.SysFreeMem
 0001:00000D64       System.SysReallocMem
 0001:0000107C       System.SysAllocMem
 0001:000010B0       System.NextMediumBlock
 0001:000010D4       System.GetFirstMediumBlockInPool
 0001:00001114       System.GetFirstAndLastSmallBlockInPool
 0001:00001150       System.CardinalToStrBuf
 0001:0000126C       System.AppendStringToBuffer
 0001:00001284       System.AppendClassNameToBuffer
 0001:000012B8       System.IsValidVMTAddress
 0001:00001334       System.InternalIsValidClass
 0001:000013B4       System.GetObjectClass
 0001:000013DC       System.LockExpectedMemoryLeaksList
 0001:00001450       System.SysRegisterExpectedMemoryLeak
 0001:00001490       System.SysUnregisterExpectedMemoryLeak
 0001:000014E8       System.CheckSmallBlockPoolForLeaks
 0001:000016A8       System.ScanForMemoryLeaks
 0001:00001A8C       System.BuildBlockTypeLookupTable
 0001:00001AD0       System.InitializeMemoryManager
 0001:00001BF8       System.FreeAllMemory
 0001:00001C88       System.FinalizeMemoryManager
 0001:00001CDC       System.@FreeMem
 0001:00001CF4       System.RunErrorAt
 0001:00001D00       System.ErrorAt
 0001:00001D4C       System.Error
 0001:00001D58       System.SetInOutRes
 0001:00001D68       System.Move
 0001:00001E68       System.@Close
 0001:00001EC0       System.@FillChar
 0001:00001F5C       System.@FpuInit
 0001:00001F68       System.@BoundErr
 0001:00001F70       System.TObject.Free
 0001:00001F7C       System.NotifyReRaise
 0001:00001F98       System.NotifyNonDelphiException
 0001:00001FBC       System.NotifyExcept
 0001:00001FD4       System.NotifyAnyExcept
 0001:00001FE8       System.CheckJmp
 0001:00002008       System.NotifyExceptFinally
 0001:00002030       System.NotifyTerminate
 0001:0000204C       System.NotifyUnhandled
 0001:0000206C       System.@HandleAnyException
 0001:00002198       System.@HandleFinally
 0001:00002240       System.@HandleFinallyInternal
 0001:00002278       System.@RaiseAgain
 0001:000022CC       System.@DoneExcept
 0001:000022FC       System.MapToRunError
 0001:0000239C       System.@ExceptionHandler
 0001:0000243C       System.SetExceptionHandler
 0001:0000245C       System.UnsetExceptionHandler
 0001:00002484       System.FinalizeUnits
 0001:000024EC       System.InitUnits
 0001:00002558       System.@StartLib
 0001:00002640       System.MakeErrorMessage
 0001:000026AC       System.ExitDll
 0001:000026D8       System.WriteErrorMessage
 0001:00002768       System.@Halt0
 0001:00002874       System.@Halt
 0001:00002880       System.@RunError
 0001:0000288C       System.@LStrClr
 0001:000028B0       System.@PCharLen
 0001:000028D8       System.@DispCallByIDError
 0001:000028E0       System.InitializeLocaleData
 0001:000029C4       System.FinalizeLocaleDate
 0001:000029D0       System.NotifyModuleUnload
 0001:00002A2C       System.RegisterModule
 0001:00002A3C       System.UnregisterModule
 0001:00002AAC       System.GetACP
 0001:00002AB4       System.GetCPUCount
 0001:00002AC8       System.SetUtf8CompareLocale
 0001:00002B04       System.LocalAlloc
 0001:00002B0C       System.LocalFree
 0001:00002B14       System.LoadLibraryA
 0001:00002B1C       System.lstrcmpiA
 0001:00002B24       System.@memcpy
 0001:00002B38       System.@memset
 0001:00002B4C       System...
 0001:00002C32       System.@_delayLoadHelper
 0001:00002E9E       System.@_FUnloadDelayLoadedDLL
 0001:00002F08       System.@InitDelayHelp
 0001:00002F17       System.@ShutdownDelayHelp
 0001:00002F30       System.Finalization
 0001:00002FA4       SysInit.LocalAlloc
 0001:00002FAC       SysInit.LocalFree
 0001:00002FB4       SysInit.TlsAlloc
 0001:00002FBC       SysInit.TlsFree
 0001:00002FC4       SysInit.TlsGetValue
 0001:00002FCC       SysInit.TlsSetValue
 0001:00002FD4       SysInit.AllocTlsBuffer
 0001:00002FE0       SysInit.GetTlsSize
 0001:00002FE8       SysInit.InitThreadTLS
 0001:0000302C       SysInit.InitProcessTLS
 0001:00003058       SysInit.ExitThreadTLS
 0001:00003090       SysInit.ExitProcessTLS
 0001:000030B4       SysInit.@GetTls
 0001:000030F4       SysInit.InitializeModule
 0001:00003100       SysInit.@InitLib
 0001:0000314C       Windows.CloseHandle
 0001:00003154       Windows.CreateFileMapping
 0001:0000315C       Windows.FreeLibrary
 0001:00003164       Windows.GetVersionEx
 0001:0000316C       Windows.MapViewOfFile
 0001:00003174       Windows.UnmapViewOfFile
 0001:0000317C       Windows.CallNextHookEx
 0001:00003184       Windows.GetForegroundWindow
 0001:0000318C       Windows.MessageBox
 0001:00003194       Windows.RegisterWindowMessage
 0001:0000319C       Windows.SendMessage
 0001:000031A4       Windows.SetWindowsHookEx
 0001:000031AC       Windows.UnhookWindowsHookEx
 0001:000031B4       Windows.InitVersionInfo
 0001:000031F0       Windows.Finalization
 0001:00003220       SniffDll.KeyHookProc
 0001:000032B4       SniffDll.SetHook
 0001:000032FC       SniffDll.OpenGlobalData
 0001:0000347C       SniffDll.CloseGlobalData
 0001:00003494       SniffDll.DLLEntryPoint
 0001:000034B4       SniffDll.Finalization
 0002:00000000       System.System
 0002:000000AC       Windows.Windows
 0002:000000C4       SniffDll.SniffDll
 0003:00000000       System.ExitCode
 0003:00000004       System.ErrorAddr
 0003:00000008       System.FileMode
 0003:0000000C       System.Default8087CW
 0003:00000010       System.DebugHook
 0003:00000014       System.JITEnable
 0003:00000018       System.NoErrMsg
 0003:0000001C       System.LibModuleList
 0003:00000020       System.ModuleUnloadList
 0003:00000024       System.Copyright
 0003:00000028       System.LeakMessageHeader
 0003:0000002C       System.SmallLeakDetail
 0003:00000030       System.LargeLeakDetail
 0003:00000034       System.BytesMessage
 0003:00000038       System.UnknownClassNameMsg
 0003:0000003C       System.AnsiStringBlockMessage
 0003:00000040       System.UnicodeStringBlockMessage
 0003:00000044       System.LeakMessageFooter
 0003:00000048       System.LeakMessageTitle
 0003:0000004C       System.SmallBlockTypes
 0003:0000072C       System.MemoryManager
 0003:00000744       System.reMap
 0003:00000760       System.errCaption
 0003:00000768       System.runErrMsg
 0003:00000788       System.dig
 0003:0000078C       System...
 0003:00000790       System.@__pfnDliFailureHook
 0003:00000794       System.@__pfnDliNotifyHook
 0003:00000798       SysInit.TlsIndex
 0003:0000079C       SysInit.PtrToNil
 0003:000007A0       SysInit.Module
 0003:000007BC       SysInit.TlsProc
 0003:000007CC       Windows.Win32MajorVersion
 0003:000007D0       Windows.Win32MinorVersion
 0003:000007D4       Windows.Win32Platform
 0003:000007D8       SniffDll.MMFName
 0004:00000000       System.DispCallByIDProc
 0004:00000004       System.ExceptProc
 0004:00000008       System.ErrorProc
 0004:0000000C       System.ExceptObjProc
 0004:00000010       System.RaiseExceptionProc
 0004:00000014       System.RTLUnwindProc
 0004:00000018       System.ExitProcessProc
 0004:0000001C       System.MainInstance
 0004:00000020       System.MainThreadID
 0004:00000024       System.IsLibrary
 0004:00000028       System.CmdShow
 0004:0000002C       System.CmdLine
 0004:00000030       System.ExitProc
 0004:00000034       System.IsConsole
 0004:00000035       System.IsMultiThread
 0004:00000036       System.Test8086
 0004:00000038       System.CPUCount
 0004:0000003C       System.Input
 0004:0000030C       System.Output
 0004:000005DC       System.ErrOutput
 0004:000008AC       System.DefaultSystemCodePage
 0004:000008B0       System.DefaultUnicodeCodePage
 0004:000008B4       System.UTF8CompareLocale
 0004:000008B8       System.ReportMemoryLeaksOnShutdown
 0004:000008B9       System.NeverSleepOnMMThreadContention
 0004:000008BC       System..8
 0004:000008C0       System.AllocSize2SmallBlockTypeIndX4
 0004:00000A06       System.MinimumBlockAlignment
 0004:00000A08       System.MediumBlockPoolsCircularList
 0004:00000A18       System.MediumBlocksLocked
 0004:00000A1C       System.LastSequentiallyFedMediumBlock
 0004:00000A20       System.MediumSequentialFeedBytesLeft
 0004:00000A24       System.MediumBlockBinGroupBitmap
 0004:00000A28       System.MediumBlockBinBitmaps
 0004:00000AA8       System.MediumBlockBins
 0004:00002AA8       System.LargeBlocksLocked
 0004:00002AAC       System.LargeBlocksCircularList
 0004:00002ABC       System.ExpectedMemoryLeaks
 0004:00002AC0       System.ExpectedMemoryLeaksListLocked
 0004:00002AC4       System.MappingObjectHandle
 0004:00002AC8       System.InitContext
 0004:00002AF8       System.DLLThreadContext
 0004:00002B28       System.GetThreadPreferredUILanguages
 0004:00002B2C       System.GetThreadUILanguage
 0004:00002B30       System.SetThreadUILanguage
 0004:00002B34       System.UseThreadUILanguageAPI
 0004:00002B38       System.CrSec
 0004:00002B50       System.CachedLangID
 0004:00002B54       System...
 0004:00002B6C       SysInit.ModuleIsLib
 0004:00002B70       SysInit.HInstance
 0004:00002B74       SysInit.DllProc
 0004:00002B78       SysInit.tlsBuffer
 0004:00002B7C       Windows..2
 0004:00002B80       Windows.HtmlHelpModule
 0004:00002B84       SniffDll.GlobalData
 0004:00002B88       SniffDll.MMFHandle
 0004:00002B8C       SniffDll.WM_KeyHOOK
 0004:00002B90       SniffDll.wm_MouseHook
 0005:00000000       System.RaiseListPtr
 0005:00000004       System.InOutRes
 0005:00000008       SysInit.TlsLast


Line numbers for System(WindowsAPIs.INC) segment .text

   100 0001:00000000   123 0001:00000008   125 0001:00000010   127 0001:00000018
   129 0001:00000020   149 0001:00000028   163 0001:00000030   167 0001:00000038
   174 0001:00000040   177 0001:00000048   216 0001:00000050   219 0001:00000058
   258 0001:00000060   281 0001:00000068   297 0001:00000070   338 0001:00000078
   342 0001:00000080   345 0001:00000088   504 0001:00000090   520 0001:00000098
   523 0001:000000A0   532 0001:000000A8

Line numbers for System(System.pas) segment .text

  2788 0001:000000B0  2789 0001:000000B4  2790 0001:000000B9  2791 0001:000000C0
  2792 0001:000000C6  2793 0001:000000CD  2794 0001:000000D2

Line numbers for System(GETMEM.INC) segment .text

    69 0001:000000DC    71 0001:000000E4    73 0001:000000EC   506 0001:0000023C
   507 0001:00000240   527 0001:00000244   528 0001:00000246   529 0001:00000248
   530 0001:0000024B   531 0001:0000024E   532 0001:00000251   533 0001:00000254
   537 0001:00000258   538 0001:0000025A   539 0001:0000025C   540 0001:0000025F
   541 0001:00000262   542 0001:00000265   543 0001:00000268   544 0001:0000026B
   545 0001:0000026E   546 0001:00000271   547 0001:00000274   551 0001:00000278
   552 0001:0000027A   553 0001:0000027C   554 0001:0000027F   555 0001:00000282
   556 0001:00000285   557 0001:00000288   558 0001:0000028B   559 0001:0000028E
   560 0001:00000291   561 0001:00000294   562 0001:00000297   563 0001:0000029A
   564 0001:0000029D   565 0001:000002A0   569 0001:000002A4   570 0001:000002A6
   571 0001:000002A9   572 0001:000002AC   573 0001:000002AF   574 0001:000002B2
   575 0001:000002B5   576 0001:000002B8   577 0001:000002BB   578 0001:000002BE
   579 0001:000002C0   583 0001:000002C4   584 0001:000002C6   585 0001:000002C9
   586 0001:000002CC   587 0001:000002CF   588 0001:000002D2   589 0001:000002D5
   590 0001:000002D8   591 0001:000002DB   592 0001:000002DE   593 0001:000002E1
   594 0001:000002E4   595 0001:000002E6   599 0001:000002E8   600 0001:000002EA
   601 0001:000002ED   602 0001:000002F0   603 0001:000002F3   604 0001:000002F6
   605 0001:000002F9   606 0001:000002FC   607 0001:000002FF   608 0001:00000302
   609 0001:00000305   610 0001:00000308   611 0001:0000030B   612 0001:0000030E
   613 0001:00000310   617 0001:00000314   618 0001:00000316   619 0001:00000319
   620 0001:0000031C   621 0001:0000031F   622 0001:00000322   623 0001:00000325
   624 0001:00000328   625 0001:0000032B   626 0001:0000032E   627 0001:00000331
   628 0001:00000334   629 0001:00000337   630 0001:0000033A   631 0001:0000033D
   632 0001:00000340   633 0001:00000342   637 0001:00000344   638 0001:00000346
   639 0001:00000349   640 0001:0000034C   641 0001:0000034F   642 0001:00000352
   643 0001:00000355   644 0001:00000358   645 0001:0000035B   646 0001:0000035E
   647 0001:00000361   648 0001:00000364   649 0001:00000367   650 0001:0000036A
   651 0001:0000036D   652 0001:00000370   653 0001:00000373   654 0001:00000376
   655 0001:00000378   664 0001:0000037C   665 0001:0000037F   666 0001:00000381
   667 0001:00000383   668 0001:00000385   671 0001:00000387   672 0001:0000038A
   673 0001:0000038E   674 0001:00000392   676 0001:00000395   677 0001:00000398
   680 0001:0000039A   681 0001:0000039D   682 0001:000003A0   683 0001:000003A4
   684 0001:000003A8   691 0001:000003AC   692 0001:000003AF   693 0001:000003B1
   694 0001:000003B3   697 0001:000003B5   698 0001:000003B8   700 0001:000003BB
   701 0001:000003BE   703 0001:000003C0   704 0001:000003C3   705 0001:000003C6
   793 0001:000003C8   794 0001:000003CB   797 0001:000003CD   799 0001:000003CF
   800 0001:000003D1   803 0001:000003D4   805 0001:000003D6   807 0001:000003D7
   810 0001:000003D8   811 0001:000003DE   812 0001:000003E0   814 0001:000003E3
   816 0001:000003E6   817 0001:000003EB   818 0001:000003ED   819 0001:000003F4
   821 0001:000003F6   822 0001:000003FB   823 0001:000003FD   824 0001:000003FF
   825 0001:00000405   867 0001:00000408   868 0001:0000040E   870 0001:00000411
   871 0001:00000417   872 0001:00000419   873 0001:0000041B   875 0001:00000421
   877 0001:00000428   879 0001:0000042B   880 0001:0000042D   881 0001:0000042F
   882 0001:00000432   883 0001:00000434   885 0001:00000437   886 0001:00000439
   888 0001:0000043A   889 0001:0000043B   892 0001:0000043C   893 0001:00000442
   894 0001:00000444   896 0001:00000447   898 0001:0000044A   899 0001:0000044F
   900 0001:00000451   902 0001:00000458   903 0001:0000045D   904 0001:0000045F
   905 0001:00000461   906 0001:00000467   953 0001:00000468   954 0001:0000046F
   956 0001:00000471   958 0001:00000472   959 0001:00000473   962 0001:00000474
   964 0001:00000479   965 0001:0000047D   967 0001:0000047F   969 0001:00000483
   971 0001:00000489   975 0001:0000048B   976 0001:0000048E   978 0001:00000491
   980 0001:00000495   981 0001:0000049B   982 0001:000004A1   984 0001:000004A2
   985 0001:000004A3   988 0001:000004A4   989 0001:000004A9   991 0001:000004AC
   992 0001:000004B2   994 0001:000004B4   996 0001:000004B9   997 0001:000004BE
   998 0001:000004C3  1001 0001:000004C6  1003 0001:000004CC  1005 0001:000004CE
  1006 0001:000004D0  1007 0001:000004D2  1017 0001:000004D4  1019 0001:000004D7
  1021 0001:000004DC  1022 0001:000004EF  1025 0001:000004F3  1026 0001:000004F9
  1027 0001:00000501  1028 0001:00000506  1029 0001:00000509  1031 0001:0000050B
  1033 0001:0000051E  1035 0001:0000052B  1036 0001:0000052F  1038 0001:00000534
  1043 0001:00000540  1044 0001:00000547  1046 0001:00000549  1068 0001:0000054C
  1072 0001:00000557  1074 0001:00000560  1075 0001:00000567  1077 0001:00000579
  1070 0001:00000580  1081 0001:00000592  1091 0001:00000594  1095 0001:0000059A
  1098 0001:000005AA  1101 0001:000005BB  1104 0001:000005BF  1105 0001:000005C4
  1107 0001:000005CA  1108 0001:000005CF  1109 0001:000005D4  1110 0001:000005DA
  1111 0001:000005E0  1112 0001:000005E3  1113 0001:000005E5  1115 0001:000005EC
  1117 0001:000005EF  1126 0001:000005F8  1128 0001:00000601  1130 0001:00000604
  1131 0001:00000609  1132 0001:00000610  1134 0001:00000617  1137 0001:0000061F
  1138 0001:00000630  1140 0001:00000634  1145 0001:00000639  1146 0001:0000063B
  1147 0001:00000640  1151 0001:00000642  1153 0001:0000064F  1155 0001:00000660
  1156 0001:00000663  1159 0001:00000665  1162 0001:0000066D  1163 0001:0000066F
  1148 0001:00000671  1167 0001:00000673  1170 0001:00000677  1171 0001:00000680
  1174 0001:0000068A  1175 0001:00000691  1186 0001:0000069C  1188 0001:000006A7
  1190 0001:000006AE  1192 0001:000006B6  1199 0001:000006BE  1201 0001:000006C5
  1202 0001:000006C9  1204 0001:000006CD  1207 0001:000006CF  1208 0001:000006DC
  1209 0001:000006ED  1212 0001:000006F7  1214 0001:000006FF  1218 0001:0000070B
  1219 0001:0000071E  1220 0001:00000722  1221 0001:00000724  1225 0001:00000750
  1226 0001:00000758  1230 0001:00000763  1231 0001:00000765  1236 0001:00000767
  1237 0001:00000770  1242 0001:00000774  1243 0001:0000077C  1245 0001:00000784
  1248 0001:0000078C  1253 0001:00000796  1260 0001:0000079F  1263 0001:000007A5
  1265 0001:000007A7  1270 0001:000007AF  1271 0001:000007B8  1274 0001:000007BC
  1275 0001:000007C4  1278 0001:000007CC  1283 0001:000007D7  1287 0001:000007DE
  1620 0001:000007E8  1621 0001:000007EB  1623 0001:000007EE  1625 0001:000007F3
  1627 0001:000007F4  1629 0001:000007FA  1631 0001:00000800  1633 0001:00000802
  1634 0001:00000809  1636 0001:00000810  1639 0001:00000812  1641 0001:00000815
  1643 0001:00000818  1645 0001:0000081D  1646 0001:0000081F  1648 0001:00000821
  1650 0001:00000825  1652 0001:00000828  1654 0001:0000082B  1656 0001:0000082E
  1658 0001:00000830  1660 0001:00000833  1662 0001:00000834  1664 0001:00000835
  1665 0001:00000836  1666 0001:00000837  1669 0001:00000838  1671 0001:0000083B
  1672 0001:0000083F  1674 0001:00000841  1676 0001:00000844  1678 0001:00000846
  1680 0001:0000084A  1682 0001:0000084D  1684 0001:00000850  1686 0001:00000853
  1688 0001:00000854  1690 0001:00000855  1691 0001:00000856  1692 0001:00000857
  1695 0001:00000858  1696 0001:0000085B  1697 0001:0000085E  1699 0001:00000861
  1701 0001:00000864  1703 0001:00000865  1705 0001:00000866  1706 0001:00000867
  1708 0001:00000868  1710 0001:0000086D  1711 0001:00000871  1713 0001:00000873
  1714 0001:00000876  1715 0001:0000087B  1716 0001:0000087F  1718 0001:00000881
  1719 0001:00000884  1720 0001:00000889  1721 0001:0000088D  1723 0001:0000088F
  1725 0001:00000892  1727 0001:00000894  1728 0001:0000089B  1730 0001:0000089D
  1731 0001:0000089F  1733 0001:000008A4  1735 0001:000008A9  1736 0001:000008AD
  1738 0001:000008B3  1739 0001:000008B5  1741 0001:000008BA  1745 0001:000008BC
  1746 0001:000008BD  1748 0001:000008BE  1749 0001:000008C5  1751 0001:000008C7
  1753 0001:000008CC  1754 0001:000008D4  1756 0001:000008D6  1758 0001:000008D8
  1759 0001:000008DF  1761 0001:000008E1  1762 0001:000008E3  1764 0001:000008E8
  1766 0001:000008ED  1767 0001:000008F5  1769 0001:000008F7  1770 0001:000008F9
  1772 0001:000008FE  1776 0001:00000900  1777 0001:00000904  1778 0001:0000090A
  1780 0001:0000090C  1782 0001:0000090F  1783 0001:00000916  1784 0001:0000091D
  1785 0001:00000920  1787 0001:00000923  1789 0001:0000092A  1791 0001:0000092D
  1792 0001:00000930  1793 0001:00000933  1795 0001:00000935  1796 0001:00000937
  1799 0001:00000939  1800 0001:0000093E  1801 0001:00000940  1802 0001:00000947
  1804 0001:00000949  1808 0001:00000950  1809 0001:00000955  1810 0001:00000958
  1811 0001:0000095E  1814 0001:00000960  1815 0001:00000962  1816 0001:00000966
  1818 0001:00000968  1819 0001:0000096B  1820 0001:0000096E  1822 0001:00000971
  1824 0001:00000975  1825 0001:0000097A  1829 0001:0000097C  1830 0001:00000980
  1831 0001:00000986  1832 0001:00000988  1834 0001:0000098A  1836 0001:00000990
  1837 0001:00000994  1838 0001:0000099A  1839 0001:0000099C  1840 0001:0000099E
  1842 0001:000009A0  1844 0001:000009A2  1845 0001:000009A8  1847 0001:000009AE
  1852 0001:000009B0  1853 0001:000009B4  1855 0001:000009B6  1856 0001:000009BB
  1857 0001:000009BD  1858 0001:000009BF  1859 0001:000009C1  1860 0001:000009C6
  1861 0001:000009C8  1862 0001:000009C9  1863 0001:000009CA  1864 0001:000009CB
  1869 0001:000009CC  1873 0001:000009D1  1874 0001:000009D4  1876 0001:000009D7
  1877 0001:000009D9  1879 0001:000009DE  1880 0001:000009E0  1881 0001:000009E3
  1883 0001:000009EA  1885 0001:000009ED  1886 0001:000009F0  1887 0001:000009F4
  1888 0001:000009F7  1889 0001:000009FA  1890 0001:000009FC  1891 0001:000009FE
  1893 0001:00000A01  1895 0001:00000A04  1897 0001:00000A07  1898 0001:00000A08
  1899 0001:00000A09  1901 0001:00000A0A  1904 0001:00000A0B  1906 0001:00000A0C
  1908 0001:00000A11  1909 0001:00000A19  1911 0001:00000A1B  1913 0001:00000A1D
  1914 0001:00000A24  1916 0001:00000A26  1917 0001:00000A28  1919 0001:00000A2D
  1921 0001:00000A32  1922 0001:00000A3A  1924 0001:00000A3C  1925 0001:00000A3E
  1927 0001:00000A43  1929 0001:00000A45  1930 0001:00000A46  1931 0001:00000A47
  1933 0001:00000A48  1934 0001:00000A4D  1937 0001:00000A53  1938 0001:00000A59
  1939 0001:00000A5F  1941 0001:00000A62  1942 0001:00000A64  1945 0001:00000A66
  1946 0001:00000A6C  1947 0001:00000A6E  1948 0001:00000A71  1950 0001:00000A74
  1951 0001:00000A79  1952 0001:00000A7B  1953 0001:00000A82  1955 0001:00000A84
  1956 0001:00000A87  1957 0001:00000A8A  1958 0001:00000A8C  1960 0001:00000A8E
  1961 0001:00000A8F  1964 0001:00000A90  1965 0001:00000A95  1966 0001:00000A97
  1967 0001:00000A99  1968 0001:00000A9F  1970 0001:00000AA1  1972 0001:00000AA4
  1973 0001:00000AAB  1974 0001:00000AAE  1975 0001:00000AB0  1976 0001:00000AB3
  1977 0001:00000AB5  1979 0001:00000AB7  1981 0001:00000AB8  1983 0001:00000ABE
  1984 0001:00000AC0  1986 0001:00000AC2  1987 0001:00000AC7  1988 0001:00000AC9
  1990 0001:00000ACE  1992 0001:00000AD4  1993 0001:00000AD7  1994 0001:00000ADA
  1997 0001:00000ADC  1998 0001:00000ADE  2000 0001:00000AE3  2001 0001:00000AEA
  2002 0001:00000AEB  2006 0001:00000AEC  2007 0001:00000AED  2009 0001:00000AEE
  2011 0001:00000AF5  2013 0001:00000AF8  2014 0001:00000AFB  2015 0001:00000AFE
  2017 0001:00000B00  2018 0001:00000B02  2021 0001:00000B04  2022 0001:00000B09
  2023 0001:00000B0B  2024 0001:00000B12  2026 0001:00000B14  2030 0001:00000B1B
  2031 0001:00000B20  2033 0001:00000B23  2034 0001:00000B25  2035 0001:00000B27
  2037 0001:00000B29  2038 0001:00000B2C  2039 0001:00000B2F  2041 0001:00000B32
  2043 0001:00000B36  2044 0001:00000B3C  2045 0001:00000B3E  2046 0001:00000B43
  2048 0001:00000B45  2049 0001:00000B46  2050 0001:00000B47  2053 0001:00000B48
  2056 0001:00000B4D  2057 0001:00000B50  2059 0001:00000B53  2060 0001:00000B5A
  2061 0001:00000B5C  2062 0001:00000B5D  2063 0001:00000B5E  2064 0001:00000B5F
  2068 0001:00000B60  2069 0001:00000B61  2070 0001:00000B63  2071 0001:00000B69
  2072 0001:00000B6B  2276 0001:00000B6C  2278 0001:00000B6F  2280 0001:00000B72
  2282 0001:00000B74  2284 0001:00000B75  2286 0001:00000B7B  2288 0001:00000B81
  2290 0001:00000B83  2292 0001:00000B85  2296 0001:00000B87  2298 0001:00000B8B
  2300 0001:00000B8E  2302 0001:00000B90  2304 0001:00000B92  2306 0001:00000B95
  2307 0001:00000B98  2309 0001:00000B9B  2311 0001:00000B9D  2313 0001:00000B9F
  2315 0001:00000BA1  2317 0001:00000BA2  2319 0001:00000BA3  2322 0001:00000BA4
  2323 0001:00000BA7  2324 0001:00000BAA  2325 0001:00000BAD  2326 0001:00000BB0
  2328 0001:00000BB3  2330 0001:00000BB6  2332 0001:00000BB8  2334 0001:00000BB9
  2336 0001:00000BBA  2337 0001:00000BBB  2342 0001:00000BBC  2343 0001:00000BBE
  2345 0001:00000BC0  2346 0001:00000BC3  2348 0001:00000BC6  2349 0001:00000BC9
  2351 0001:00000BCC  2353 0001:00000BCE  2354 0001:00000BD1  2356 0001:00000BD3
  2359 0001:00000BD6  2361 0001:00000BD8  2362 0001:00000BDA  2363 0001:00000BDD
  2364 0001:00000BE3  2367 0001:00000BE8  2369 0001:00000BED  2370 0001:00000BF1
  2372 0001:00000BF3  2374 0001:00000BF5  2375 0001:00000BFC  2377 0001:00000BFE
  2378 0001:00000BFF  2379 0001:00000C00  2380 0001:00000C02  2381 0001:00000C07
  2382 0001:00000C08  2384 0001:00000C09  2386 0001:00000C0E  2387 0001:00000C12
  2389 0001:00000C18  2390 0001:00000C19  2391 0001:00000C1A  2392 0001:00000C1C
  2393 0001:00000C21  2394 0001:00000C22  2396 0001:00000C23  2398 0001:00000C25
  2399 0001:00000C26  2400 0001:00000C27  2403 0001:00000C28  2405 0001:00000C2D
  2406 0001:00000C35  2408 0001:00000C37  2410 0001:00000C39  2411 0001:00000C40
  2413 0001:00000C42  2414 0001:00000C44  2416 0001:00000C49  2418 0001:00000C4E
  2419 0001:00000C56  2421 0001:00000C58  2422 0001:00000C5A  2424 0001:00000C5F
  2426 0001:00000C61  2427 0001:00000C62  2428 0001:00000C63  2431 0001:00000C64
  2432 0001:00000C67  2435 0001:00000C6D  2438 0001:00000C70  2440 0001:00000C72
  2442 0001:00000C74  2444 0001:00000C75  2446 0001:00000C77  2449 0001:00000C79
  2451 0001:00000C81  2452 0001:00000C85  2454 0001:00000C87  2455 0001:00000C8A
  2460 0001:00000C8E  2461 0001:00000C92  2465 0001:00000C94  2466 0001:00000C9A
  2469 0001:00000C9C  2470 0001:00000C9F  2472 0001:00000CA2  2476 0001:00000CA6
  2477 0001:00000CA8  2479 0001:00000CAA  2481 0001:00000CAF  2483 0001:00000CB6
  2485 0001:00000CB8  2486 0001:00000CB9  2488 0001:00000CBA  2490 0001:00000CBB
  2493 0001:00000CBC  2495 0001:00000CBF  2496 0001:00000CC2  2498 0001:00000CC4
  2499 0001:00000CCA  2500 0001:00000CCC  2501 0001:00000CD1  2503 0001:00000CD3
  2506 0001:00000CD4  2508 0001:00000CD7  2510 0001:00000CD9  2512 0001:00000CDB
  2513 0001:00000CE1  2514 0001:00000CE3  2515 0001:00000CE5  2516 0001:00000CEA
  2522 0001:00000CEC  2523 0001:00000CF6  2525 0001:00000CF8  2527 0001:00000CFB
  2528 0001:00000CFD  2529 0001:00000D00  2530 0001:00000D03  2532 0001:00000D05
  2534 0001:00000D0C  2535 0001:00000D11  2536 0001:00000D13  2537 0001:00000D14
  2539 0001:00000D19  2541 0001:00000D1C  2543 0001:00000D1E  2544 0001:00000D1F
  2545 0001:00000D20  2547 0001:00000D21  2548 0001:00000D22  2549 0001:00000D23
  2552 0001:00000D24  2554 0001:00000D2A  2557 0001:00000D2F  2559 0001:00000D36
  2561 0001:00000D40  2563 0001:00000D46  2565 0001:00000D4D  2567 0001:00000D4F
  2568 0001:00000D50  2569 0001:00000D51  2571 0001:00000D52  2572 0001:00000D53
  2575 0001:00000D54  2577 0001:00000D55  2578 0001:00000D58  2580 0001:00000D5E
  2581 0001:00000D63  2929 0001:00000D64  2931 0001:00000D67  2933 0001:00000D6A
  2935 0001:00000D6B  2937 0001:00000D6C  2939 0001:00000D6E  2942 0001:00000D74
  2944 0001:00000D76  2945 0001:00000D7A  2947 0001:00000D7D  2948 0001:00000D7F
  2952 0001:00000D81  2953 0001:00000D88  2954 0001:00000D8A  2956 0001:00000D8C
  2957 0001:00000D8D  2958 0001:00000D8E  2960 0001:00000D8F  2963 0001:00000D90
  2965 0001:00000D92  2966 0001:00000D94  2968 0001:00000D99  2969 0001:00000D9B
  2971 0001:00000D9D  2973 0001:00000D9F  2975 0001:00000DA1  2977 0001:00000DA3
  2980 0001:00000DA5  2985 0001:00000DAA  2986 0001:00000DAC  2988 0001:00000DB1
  2990 0001:00000DB3  2991 0001:00000DB4  2992 0001:00000DB5  2994 0001:00000DB6
  2995 0001:00000DB7  3003 0001:00000DB8  3005 0001:00000DBC  3007 0001:00000DBD
  3010 0001:00000DBF  3011 0001:00000DC1  3012 0001:00000DC3  3013 0001:00000DC6
  3014 0001:00000DC8  3016 0001:00000DCA  3018 0001:00000DCF  3019 0001:00000DD1
  3022 0001:00000DD3  3023 0001:00000DD9  3025 0001:00000DDB  3028 0001:00000DDE
  3029 0001:00000DE2  3031 0001:00000DE5  3033 0001:00000DE7  3035 0001:00000DE9
  3038 0001:00000DEB  3043 0001:00000DEE  3044 0001:00000DF0  3046 0001:00000DF5
  3048 0001:00000DF7  3049 0001:00000DF8  3050 0001:00000DF9  3051 0001:00000DFA
  3057 0001:00000DFB  3060 0001:00000DFC  3061 0001:00000DFF  3065 0001:00000E05
  3067 0001:00000E07  3069 0001:00000E0A  3071 0001:00000E0B  3073 0001:00000E0E
  3075 0001:00000E11  3077 0001:00000E14  3079 0001:00000E16  3081 0001:00000E17
  3085 0001:00000E1D  3086 0001:00000E20  3087 0001:00000E22  3090 0001:00000E24
  3091 0001:00000E25  3092 0001:00000E26  3093 0001:00000E27  3095 0001:00000E28
  3097 0001:00000E29  3098 0001:00000E2A  3099 0001:00000E2B  3104 0001:00000E2C
  3105 0001:00000E32  3110 0001:00000E34  3111 0001:00000E3A  3115 0001:00000E40
  3117 0001:00000E45  3118 0001:00000E47  3121 0001:00000E49  3122 0001:00000E4F
  3123 0001:00000E55  3125 0001:00000E58  3126 0001:00000E5B  3128 0001:00000E5D
  3129 0001:00000E64  3133 0001:00000E66  3135 0001:00000E6B  3136 0001:00000E73
  3138 0001:00000E75  3140 0001:00000E77  3141 0001:00000E7E  3143 0001:00000E80
  3144 0001:00000E81  3145 0001:00000E83  3146 0001:00000E88  3148 0001:00000E89
  3150 0001:00000E8E  3151 0001:00000E96  3153 0001:00000E98  3154 0001:00000E99
  3155 0001:00000E9B  3156 0001:00000EA0  3158 0001:00000EA1  3160 0001:00000EA3
  3162 0001:00000EA4  3163 0001:00000EA9  3166 0001:00000EAC  3167 0001:00000EAE
  3169 0001:00000EB1  3171 0001:00000EB3  3172 0001:00000EB6  3173 0001:00000EB9
  3175 0001:00000EBB  3176 0001:00000EBE  3177 0001:00000EC1  3179 0001:00000EC3
  3182 0001:00000EC4  3183 0001:00000EC6  3184 0001:00000EC9  3185 0001:00000ECB
  3186 0001:00000ECD  3187 0001:00000ED3  3188 0001:00000ED5  3191 0001:00000EDA
  3193 0001:00000EDD  3194 0001:00000EE0  3196 0001:00000EE4  3197 0001:00000EEA
  3198 0001:00000EEC  3199 0001:00000EEF  3200 0001:00000EF1  3203 0001:00000EF6
  3205 0001:00000EFD  3207 0001:00000EFF  3208 0001:00000F00  3209 0001:00000F01
  3210 0001:00000F02  3212 0001:00000F03  3216 0001:00000F04  3217 0001:00000F06
  3219 0001:00000F08  3220 0001:00000F0D  3221 0001:00000F0F  3223 0001:00000F11
  3224 0001:00000F13  3225 0001:00000F15  3226 0001:00000F17  3229 0001:00000F19
  3233 0001:00000F1E  3234 0001:00000F20  3236 0001:00000F25  3238 0001:00000F27
  3239 0001:00000F28  3240 0001:00000F29  3241 0001:00000F2A  3242 0001:00000F2B
  3248 0001:00000F2C  3249 0001:00000F2F  3250 0001:00000F31  3252 0001:00000F37
  3254 0001:00000F3A  3256 0001:00000F3D  3257 0001:00000F3F  3260 0001:00000F45
  3261 0001:00000F4C  3264 0001:00000F4E  3266 0001:00000F53  3267 0001:00000F5B
  3269 0001:00000F5D  3271 0001:00000F5F  3272 0001:00000F66  3274 0001:00000F68
  3275 0001:00000F69  3276 0001:00000F6A  3277 0001:00000F6C  3278 0001:00000F71
  3279 0001:00000F72  3281 0001:00000F73  3283 0001:00000F78  3284 0001:00000F80
  3286 0001:00000F82  3287 0001:00000F83  3288 0001:00000F84  3289 0001:00000F86
  3290 0001:00000F8B  3291 0001:00000F8C  3293 0001:00000F8D  3295 0001:00000F8F
  3298 0001:00000F90  3299 0001:00000F95  3301 0001:00000F98  3303 0001:00000F9B
  3304 0001:00000F9D  3306 0001:00000F9F  3308 0001:00000FA2  3310 0001:00000FA5
  3311 0001:00000FA7  3314 0001:00000FA9  3316 0001:00000FAE  3317 0001:00000FB0
  3318 0001:00000FB2  3319 0001:00000FB3  3320 0001:00000FB4  3321 0001:00000FB9
  3322 0001:00000FBA  3325 0001:00000FBB  3326 0001:00000FBD  3327 0001:00000FC0
  3329 0001:00000FC2  3330 0001:00000FC4  3331 0001:00000FC6  3332 0001:00000FC9
  3334 0001:00000FCB  3335 0001:00000FD2  3336 0001:00000FD7  3338 0001:00000FDA
  3339 0001:00000FDD  3341 0001:00000FDF  3343 0001:00000FE1  3345 0001:00000FE5
  3347 0001:00000FE8  3349 0001:00000FEA  3350 0001:00000FEB  3353 0001:00000FEC
  3355 0001:00000FF0  3356 0001:00000FF3  3357 0001:00000FF7  3358 0001:00000FF9
  3359 0001:00000FFF  3360 0001:00001001  3361 0001:00001003  3364 0001:00001008
  3365 0001:0000100A  3367 0001:0000100D  3369 0001:00001014  3372 0001:00001016
  3373 0001:00001017  3374 0001:00001018  3375 0001:00001019  3377 0001:0000101A
  3379 0001:0000101B  3380 0001:0000101C  3383 0001:0000101D  3388 0001:00001024
  3389 0001:00001026  3390 0001:00001029  3392 0001:0000102B  3393 0001:0000102D
  3394 0001:0000102F  3395 0001:00001032  3396 0001:00001034  3398 0001:00001036
  3400 0001:00001038  3402 0001:0000103A  3403 0001:0000103B  3404 0001:00001040
  3406 0001:00001041  3407 0001:00001043  3409 0001:00001045  3410 0001:0000104B
  3411 0001:0000104D  3414 0001:00001050  3416 0001:00001052  3417 0001:00001054
  3418 0001:00001056  3420 0001:00001058  3425 0001:0000105D  3426 0001:0000105F
  3428 0001:00001064  3430 0001:00001066  3431 0001:00001067  3432 0001:00001068
  3433 0001:00001069  3435 0001:0000106A  3437 0001:0000106B  3441 0001:0000106C
  3442 0001:0000106D  3444 0001:0000106E  3445 0001:00001071  3447 0001:00001077
  3448 0001:00001079  3463 0001:0000107C  3465 0001:0000107D  3466 0001:00001080
  3468 0001:00001083  3470 0001:00001088  3471 0001:0000108B  3473 0001:0000108D
  3476 0001:00001090  3478 0001:00001092  3479 0001:00001098  3481 0001:0000109A
  3483 0001:0000109C  3487 0001:0000109E  3488 0001:000010A1  3489 0001:000010A4
  3491 0001:000010A6  3493 0001:000010A8  3495 0001:000010AA  3497 0001:000010AC
  3498 0001:000010AD  3510 0001:000010B0  3512 0001:000010BC  3514 0001:000010C0
  3515 0001:000010CA  3516 0001:000010CE  3517 0001:000010D0  3522 0001:000010D4
  3526 0001:000010F7  3531 0001:000010FB  3532 0001:00001107  3534 0001:0000110E
  3536 0001:00001110  3543 0001:00001114  3545 0001:00001116  3547 0001:0000111D
  3551 0001:0000112C  3552 0001:00001138  3557 0001:00001145  3559 0001:0000114B
  3569 0001:00001150  3570 0001:00001151  3572 0001:00001153  3573 0001:00001156
  3574 0001:0000115B  3575 0001:0000115D  3576 0001:00001160  3577 0001:00001162
  3578 0001:00001168  3579 0001:0000116B  3580 0001:0000116E  3581 0001:00001170
  3582 0001:00001172  3583 0001:00001175  3585 0001:00001177  3586 0001:00001179
  3587 0001:0000117C  3588 0001:0000117F  3589 0001:00001182  3590 0001:00001188
  3591 0001:0000118A  3592 0001:0000118D  3594 0001:0000118F  3595 0001:00001192
  3596 0001:00001195  3597 0001:00001198  3598 0001:0000119B  3599 0001:0000119E
  3600 0001:000011A4  3601 0001:000011A6  3602 0001:000011A9  3604 0001:000011AB
  3605 0001:000011AE  3606 0001:000011B1  3607 0001:000011B4  3608 0001:000011B7
  3609 0001:000011BA  3610 0001:000011C0  3611 0001:000011C2  3612 0001:000011C5
  3614 0001:000011C7  3615 0001:000011CA  3616 0001:000011CD  3617 0001:000011D0
  3618 0001:000011D3  3619 0001:000011D6  3620 0001:000011DC  3621 0001:000011DE
  3622 0001:000011E1  3624 0001:000011E3  3625 0001:000011E6  3626 0001:000011E9
  3627 0001:000011EC  3628 0001:000011EF  3629 0001:000011F2  3630 0001:000011F8
  3631 0001:000011FA  3632 0001:000011FD  3634 0001:000011FF  3635 0001:00001202
  3636 0001:00001205  3637 0001:00001208  3638 0001:0000120B  3639 0001:0000120E
  3640 0001:00001214  3641 0001:00001216  3642 0001:00001219  3644 0001:0000121B
  3645 0001:0000121E  3646 0001:00001221  3647 0001:00001224  3648 0001:00001227
  3649 0001:0000122A  3650 0001:00001230  3651 0001:00001232  3652 0001:00001235
  3654 0001:00001237  3655 0001:0000123A  3656 0001:0000123D  3657 0001:00001240
  3658 0001:00001243  3659 0001:00001246  3660 0001:0000124C  3661 0001:0000124E
  3662 0001:00001251  3664 0001:00001253  3665 0001:00001256  3666 0001:00001259
  3667 0001:0000125C  3668 0001:0000125F  3669 0001:00001262  3671 0001:00001264
  3673 0001:00001267  3674 0001:00001268  3679 0001:0000126C  3680 0001:00001272
  3681 0001:0000127B  3682 0001:0000127F  3689 0001:00001284  3691 0001:00001287
  3693 0001:0000128B  3695 0001:00001290  3699 0001:0000129D  3701 0001:000012B5
  3710 0001:000012B8  3712 0001:000012BC  3716 0001:000012CB  3720 0001:000012E7
  3721 0001:000012EF  3724 0001:000012FE  3731 0001:0000132E  3732 0001:00001330
  3738 0001:00001334  3741 0001:0000133E  3746 0001:0000136C  3748 0001:00001373
  3754 0001:000013AB  3755 0001:000013AD  3757 0001:000013B4  3759 0001:000013BB
  3761 0001:000013BD  3763 0001:000013C2  3764 0001:000013D1  3765 0001:000013D3
  3773 0001:000013DC  3777 0001:000013E7  3779 0001:000013F0  3780 0001:000013F7
  3782 0001:00001409  3775 0001:00001410  3787 0001:00001422  3788 0001:0000142B
  3790 0001:00001443  3791 0001:0000144D  3797 0001:00001450  3799 0001:00001453
  3802 0001:00001469  3803 0001:0000147A  3804 0001:00001481  3807 0001:00001485
  3808 0001:00001487  3812 0001:0000148E  3819 0001:00001490  3821 0001:0000149A
  3823 0001:0000149C  3825 0001:000014AA  3827 0001:000014B6  3829 0001:000014BE
  3831 0001:000014CD  3832 0001:000014D1  3833 0001:000014D3  3835 0001:000014D5
  3825 0001:000014D6  3836 0001:000014D9  3839 0001:000014E0  3893 0001:000014E8
  3895 0001:000014F4  3896 0001:00001502  3898 0001:0000150F  3903 0001:00001522
  3906 0001:00001541  3908 0001:0000154B  3910 0001:0000154D  3912 0001:00001557
  3915 0001:0000155F  3918 0001:0000156F  3920 0001:00001578  3925 0001:00001582
  3928 0001:00001592  3930 0001:0000159F  3934 0001:000015BE  3937 0001:000015C2
  3940 0001:000015C8  3941 0001:000015D1  3943 0001:000015DB  3944 0001:000015F2
  3941 0001:000015F5  3947 0001:000015FA  3949 0001:0000160C  3955 0001:00001613
  3956 0001:0000161C  3958 0001:00001626  3959 0001:0000163E  3956 0001:00001642
  3962 0001:00001647  3964 0001:00001656  3974 0001:0000165D  3977 0001:00001662
  3982 0001:0000166D  3975 0001:0000166E  3984 0001:00001676  3985 0001:0000167E
  3987 0001:00001683  3990 0001:00001685  3993 0001:00001689  3900 0001:00001695
  3995 0001:000016A1  3997 0001:000016A8  3999 0001:000016C7  4000 0001:000016D9
  4002 0001:000016EB  4004 0001:000016F3  4006 0001:000016FA  4009 0001:00001705
  4010 0001:0000170E  4012 0001:00001712  4014 0001:00001719  4016 0001:00001721
  4019 0001:00001729  4023 0001:00001734  4025 0001:00001740  4027 0001:0000174C
  4029 0001:00001757  4031 0001:0000175E  4032 0001:00001771  4038 0001:00001777
  4010 0001:00001780  4041 0001:00001784  4007 0001:00001787  4044 0001:00001793
  4049 0001:0000179B  4052 0001:000017A9  4053 0001:000017B0  4055 0001:000017BC
  4056 0001:000017C9  4059 0001:000017CF  4045 0001:000017D2  4062 0001:000017E6
  4065 0001:000017F3  4066 0001:000017FA  4068 0001:00001802  4070 0001:00001820
  4072 0001:00001840  4073 0001:00001852  4075 0001:00001859  4079 0001:00001866
  4082 0001:00001874  4085 0001:0000187D  4087 0001:00001886  4088 0001:000018A0
  4091 0001:000018A7  4093 0001:000018B0  4094 0001:000018B3  4095 0001:000018B4
  4096 0001:000018B7  4097 0001:000018B8  4098 0001:000018C8  4099 0001:000018CB
  4100 0001:000018CC  4101 0001:000018CF  4102 0001:000018D0  4103 0001:000018D3
  4104 0001:000018D4  4105 0001:000018E3  4106 0001:000018FD  4110 0001:00001906
  4111 0001:00001909  4112 0001:0000190A  4113 0001:0000190D  4116 0001:0000190E
  4120 0001:0000191C  4125 0001:00001938  4130 0001:00001954  4135 0001:00001970
  4139 0001:0000197C  4140 0001:0000197F  4141 0001:00001980  4142 0001:00001983
  4143 0001:00001984  4144 0001:00001987  4145 0001:00001988  4147 0001:00001993
  4075 0001:00001997  4148 0001:000019A0  4149 0001:000019AC  4070 0001:000019BD
  4151 0001:000019C9  4154 0001:000019D2  4156 0001:000019DB  4157 0001:000019DE
  4158 0001:000019DF  4159 0001:000019E2  4160 0001:000019E3  4161 0001:000019E6
  4162 0001:000019E7  4163 0001:000019EA  4166 0001:000019EB  4168 0001:00001A05
  4170 0001:00001A1F  4172 0001:00001A23  4173 0001:00001A26  4174 0001:00001A27
  4175 0001:00001A2A  4177 0001:00001A2B  4180 0001:00001A3C  4182 0001:00001A46
  4168 0001:00001A4E  4185 0001:00001A51  4187 0001:00001A69  4190 0001:00001A82
  4570 0001:00001A8C  4571 0001:00001A8E  4572 0001:00001A90  4575 0001:00001A97
  4578 0001:00001AA5  4580 0001:00001AAB  4581 0001:00001AB1  4583 0001:00001AB5
  4584 0001:00001ABB  4581 0001:00001ABC  4587 0001:00001AC0  4589 0001:00001AC2
  4572 0001:00001AC6  4590 0001:00001ACB  4612 0001:00001AD0  4614 0001:00001AD3
  4620 0001:00001ADD  4622 0001:00001AE2  4630 0001:00001AE8  4631 0001:00001AEE
  4634 0001:00001AF4  4635 0001:00001AF9  4637 0001:00001B00  4641 0001:00001B18
  4642 0001:00001B1F  4644 0001:00001B24  4647 0001:00001B2C  4648 0001:00001B31
  4650 0001:00001B36  4652 0001:00001B3F  4654 0001:00001B4A  4658 0001:00001B68
  4659 0001:00001B70  4660 0001:00001B75  4661 0001:00001B7D  4663 0001:00001B82
  4666 0001:00001B90  4669 0001:00001BA3  4614 0001:00001BA6  4671 0001:00001BAD
  4674 0001:00001BB2  4675 0001:00001BBC  4677 0001:00001BC6  4679 0001:00001BD0
  4680 0001:00001BD2  4681 0001:00001BD4  4682 0001:00001BD7  4677 0001:00001BDA
  4684 0001:00001BDD  4685 0001:00001BE7  4686 0001:00001BF1  4695 0001:00001BF8
  4697 0001:00001C06  4701 0001:00001C0B  4703 0001:00001C0E  4705 0001:00001C1B
  4698 0001:00001C1D  4708 0001:00001C21  4710 0001:00001C2B  4711 0001:00001C30
  4712 0001:00001C35  4713 0001:00001C3C  4714 0001:00001C41  4708 0001:00001C44
  4716 0001:00001C47  4717 0001:00001C49  4719 0001:00001C4C  4721 0001:00001C56
  4722 0001:00001C58  4723 0001:00001C5A  4724 0001:00001C5D  4719 0001:00001C60
  4726 0001:00001C63  4730 0001:00001C68  4732 0001:00001C6B  4734 0001:00001C78
  4727 0001:00001C7A  4737 0001:00001C7E  4738 0001:00001C80  4739 0001:00001C83
  4744 0001:00001C88  4746 0001:00001C91  4747 0001:00001C9C  4751 0001:00001CA3
  4752 0001:00001CAC  4754 0001:00001CB1  4756 0001:00001CBA  4757 0001:00001CCC
  4763 0001:00001CD3  4764 0001:00001CD8

Line numbers for System(System.pas) segment .text

  3025 0001:00001CDC  3026 0001:00001CDE  3030 0001:00001CE0  3034 0001:00001CE6
  3035 0001:00001CE8  3037 0001:00001CEA  3038 0001:00001CEB  3040 0001:00001CEC
  3041 0001:00001CEE  3042 0001:00001CF3  3588 0001:00001CF4  3589 0001:00001CFA
  3590 0001:00001CFF  3641 0001:00001D00  3642 0001:00001D06  3643 0001:00001D09
  3644 0001:00001D12  3645 0001:00001D1C  3646 0001:00001D20  3647 0001:00001D2D
  3648 0001:00001D32  3649 0001:00001D3C  3650 0001:00001D46  3654 0001:00001D4C
  3655 0001:00001D4F  3656 0001:00001D52  3657 0001:00001D57  3677 0001:00001D58
  3678 0001:00001D5B  3679 0001:00001D66  4020 0001:00001D68  4021 0001:00001D6A
  4022 0001:00001D6C  4023 0001:00001D6F  4024 0001:00001D71  4025 0001:00001D74
  4027 0001:00001D76  4029 0001:00001D7D  4030 0001:00001D80  4031 0001:00001D82
  4032 0001:00001D85  4033 0001:00001D87  4034 0001:00001D8A  4035 0001:00001D8D
  4036 0001:00001D8F  4037 0001:00001D92  4039 0001:00001D95  4041 0001:00001D98
  4042 0001:00001D9A  4044 0001:00001D9D  4045 0001:00001D9E  4046 0001:00001D9F
  4048 0001:00001DA0  4050 0001:00001DC4  4051 0001:00001DC5  4052 0001:00001DC7
  4053 0001:00001DCB  4054 0001:00001DCF  4055 0001:00001DD1  4056 0001:00001DD2
  4057 0001:00001DD4  4058 0001:00001DD7  4059 0001:00001DDB  4061 0001:00001DDC
  4062 0001:00001DDF  4063 0001:00001DE2  4064 0001:00001DE5  4065 0001:00001DE7
  4066 0001:00001DE9  4067 0001:00001DEA  4068 0001:00001DEC  4070 0001:00001DED
  4071 0001:00001DEF  4072 0001:00001DF1  4073 0001:00001DF3  4074 0001:00001DF5
  4075 0001:00001DF7  4076 0001:00001DFA  4077 0001:00001DFC  4078 0001:00001DFF
  4079 0001:00001E00  4080 0001:00001E03  4081 0001:00001E05  4082 0001:00001E07
  4083 0001:00001E0A  4085 0001:00001E0C  4086 0001:00001E0F  4087 0001:00001E12
  4088 0001:00001E15  4089 0001:00001E17  4090 0001:00001E18  4091 0001:00001E1A
  4093 0001:00001E1D  4095 0001:00001E1E  4096 0001:00001E21  4097 0001:00001E23
  4099 0001:00001E24  4100 0001:00001E27  4101 0001:00001E2A  4103 0001:00001E2B
  4104 0001:00001E2E  4105 0001:00001E31  4106 0001:00001E34  4107 0001:00001E37
  4109 0001:00001E38  4110 0001:00001E3A  4111 0001:00001E3C  4113 0001:00001E3D
  4114 0001:00001E3F  4115 0001:00001E42  4116 0001:00001E44  4117 0001:00001E47
  4119 0001:00001E48  4120 0001:00001E4A  4121 0001:00001E4E  4122 0001:00001E50
  4123 0001:00001E54  4125 0001:00001E55  4126 0001:00001E57  4127 0001:00001E5A
  4128 0001:00001E5C  4129 0001:00001E5F  4131 0001:00001E60  4132 0001:00001E62
  4133 0001:00001E64  5323 0001:00001E68  5324 0001:00001E6C  5325 0001:00001E6E
  5327 0001:00001E7E  5328 0001:00001E88  5329 0001:00001E8F  5330 0001:00001E93
  5331 0001:00001E9A  5332 0001:00001E9E  5335 0001:00001EA7  5336 0001:00001EAF
  5337 0001:00001EB9  5998 0001:00001EC0  5999 0001:00001EC3  6000 0001:00001EC5
  6001 0001:00001EC7  6002 0001:00001ECA  6003 0001:00001ECE  6004 0001:00001ED2
  6005 0001:00001ED6  6006 0001:00001ED9  6007 0001:00001EDB  6008 0001:00001EDE
  6009 0001:00001EE2  6010 0001:00001EE4  6011 0001:00001EE7  6012 0001:00001EEA
  6013 0001:00001EEC  6014 0001:00001EEE  6015 0001:00001EF0  6017 0001:00001EF2
  6018 0001:00001EF5  6019 0001:00001EF9  6020 0001:00001EFC  6021 0001:00001EFE
  6022 0001:00001F00  6023 0001:00001F02  6024 0001:00001F03  6025 0001:00001F04
  6026 0001:00001F05  6028 0001:00001F06  6029 0001:00001F08  6030 0001:00001F0A
  6031 0001:00001F0E  6032 0001:00001F11  6033 0001:00001F13  6034 0001:00001F1A
  6035 0001:00001F1C  6036 0001:00001F1D  6038 0001:00001F1E  6039 0001:00001F22
  6040 0001:00001F26  6041 0001:00001F2A  6042 0001:00001F2E  6043 0001:00001F32
  6044 0001:00001F36  6045 0001:00001F3A  6046 0001:00001F3E  6047 0001:00001F42
  6048 0001:00001F46  6049 0001:00001F4A  6050 0001:00001F4E  6051 0001:00001F52
  6052 0001:00001F56  6053 0001:00001F59  6055 0001:00001F5A  9333 0001:00001F5C
  9334 0001:00001F5E  9340 0001:00001F5F  9342 0001:00001F65  9346 0001:00001F68
  9347 0001:00001F6A  9348 0001:00001F6F  9457 0001:00001F70  9458 0001:00001F74
  9459 0001:00001F7B 10932 0001:00001F7C 10933 0001:00001F83 10934 0001:00001F85
 10935 0001:00001F87 10936 0001:00001F89 10937 0001:00001F8B 10938 0001:00001F90
 10941 0001:00001F96 10947 0001:00001F98 10948 0001:00001F9F 10949 0001:00001FA1
 10950 0001:00001FA2 10951 0001:00001FA3 10952 0001:00001FA4 10953 0001:00001FA5
 10954 0001:00001FA7 10955 0001:00001FA9 10956 0001:00001FAE 10957 0001:00001FB4
 10958 0001:00001FB7 10960 0001:00001FB8 10983 0001:00001FBC 10984 0001:00001FBD
 10985 0001:00001FBF 10986 0001:00001FC1 10987 0001:00001FC6 10988 0001:00001FCC
 10989 0001:00001FCF 10991 0001:00001FD0 11019 0001:00001FD4 11020 0001:00001FDB
 11021 0001:00001FDD 11022 0001:00001FDE 11023 0001:00001FDF 11025 0001:00001FE4
 11029 0001:00001FE8 11030 0001:00001FEA 11031 0001:00001FEC 11032 0001:00001FEF
 11033 0001:00001FF2 11034 0001:00001FF4 11035 0001:00001FF7 11036 0001:00001FF9
 11037 0001:00001FFC 11038 0001:00001FFD 11039 0001:00001FFE 11041 0001:00002000
 11043 0001:00002003 11045 0001:00002005 11062 0001:00002008 11063 0001:0000200F
 11064 0001:00002011 11065 0001:00002012 11066 0001:00002013 11067 0001:00002014
 11068 0001:00002019 11069 0001:0000201A 11070 0001:0000201B 11071 0001:0000201D
 11072 0001:0000201F 11073 0001:00002024 11074 0001:0000202A 11075 0001:0000202B
 11076 0001:0000202C 11077 0001:0000202D 11080 0001:0000202E 11088 0001:00002030
 11089 0001:00002037 11090 0001:00002039 11091 0001:0000203A 11092 0001:0000203B
 11093 0001:0000203D 11094 0001:0000203F 11095 0001:00002044 11096 0001:0000204A
 11098 0001:0000204B 11122 0001:0000204C 11123 0001:0000204D 11124 0001:0000204E
 11125 0001:00002055 11126 0001:00002057 11127 0001:00002058 11128 0001:0000205A
 11129 0001:0000205C 11130 0001:00002061 11132 0001:00002067 11133 0001:00002068
 11135 0001:00002069 11232 0001:0000206C 11233 0001:00002070 11234 0001:00002077
 11236 0001:0000207D 11237 0001:00002083 11238 0001:00002086 11239 0001:00002089
 11240 0001:0000208B 11241 0001:0000208C 11242 0001:00002091 11243 0001:00002097
 11244 0001:00002099 11245 0001:0000209F 11246 0001:000020A1 11247 0001:000020A3
 11248 0001:000020A9 11249 0001:000020AD 11250 0001:000020B1 11251 0001:000020B7
 11252 0001:000020B9 11254 0001:000020BE 11255 0001:000020C5 11256 0001:000020C7
 11257 0001:000020CE 11258 0001:000020D0 11259 0001:000020D4 11260 0001:000020D5
 11261 0001:000020D6 11262 0001:000020DB 11263 0001:000020DE 11264 0001:000020DF
 11265 0001:000020E5 11266 0001:000020E7 11267 0001:000020EB 11268 0001:000020EE
 11271 0001:000020F0 11272 0001:000020F2 11273 0001:000020F6 11277 0001:000020F9
 11278 0001:00002100 11279 0001:00002102 11280 0001:00002109 11281 0001:0000210B
 11282 0001:0000210C 11283 0001:00002110 11284 0001:00002111 11285 0001:00002112
 11286 0001:00002113 11287 0001:00002118 11288 0001:0000211B 11289 0001:0000211C
 11290 0001:0000211D 11291 0001:0000211E 11295 0001:00002120 11297 0001:00002124
 11298 0001:00002125 11299 0001:00002127 11300 0001:00002128 11301 0001:00002129
 11303 0001:0000212A 11304 0001:0000212D 11305 0001:0000212E 11306 0001:0000212F
 11307 0001:00002130 11309 0001:00002131 11311 0001:00002135 11312 0001:00002137
 11313 0001:00002138 11314 0001:0000213D 11315 0001:0000213E 11318 0001:00002144
 11322 0001:00002148 11323 0001:0000214D 11324 0001:00002153 11326 0001:00002159
 11327 0001:0000215C 11328 0001:0000215F 11330 0001:00002166 11331 0001:00002169
 11332 0001:0000216E 11335 0001:00002170 11341 0001:00002175 11342 0001:0000217A
 11343 0001:00002180 11344 0001:00002182 11346 0001:00002188 11347 0001:0000218B
 11350 0001:00002190 11352 0001:00002195 11834 0001:00002198 11835 0001:0000219C
 11836 0001:000021A3 11838 0001:000021A9 11839 0001:000021AA 11840 0001:000021AC
 11841 0001:000021AD 11842 0001:000021AE 11846 0001:000021AF 11847 0001:000021B0
 11848 0001:000021B5 11849 0001:000021B8 11851 0001:000021BB 11852 0001:000021BE
 11853 0001:000021C1 11854 0001:000021C4 11855 0001:000021C5 11856 0001:000021C6
 11857 0001:000021C7 11859 0001:000021C8 11863 0001:000021CC 11864 0001:000021D1
 11865 0001:000021D7 11867 0001:000021DD 11868 0001:000021E0 11869 0001:000021E3
 11870 0001:000021EA 11871 0001:000021ED 11872 0001:000021F2 11874 0001:000021F4
 11875 0001:000021F9 11876 0001:000021FF 11877 0001:00002201 11878 0001:00002207
 11882 0001:0000220A 11883 0001:0000220C 11884 0001:0000220D 11885 0001:0000220E
 11886 0001:0000220F 11888 0001:00002212 11889 0001:00002213 11890 0001:00002214
 11891 0001:00002215 11892 0001:00002216 11895 0001:00002218 11902 0001:0000221D
 11903 0001:00002222 11904 0001:00002228 11905 0001:0000222A 11907 0001:00002230
 11908 0001:00002233 11911 0001:00002238 11913 0001:0000223D 11924 0001:00002240
 11925 0001:00002244 11926 0001:00002248 11927 0001:0000224F 11928 0001:00002251
 11929 0001:00002254 11931 0001:0000225B 11932 0001:0000225C 11933 0001:0000225D
 11934 0001:0000225E 11936 0001:0000225F 11937 0001:00002262 11938 0001:00002265
 11939 0001:0000226A 11941 0001:0000226C 11942 0001:0000226D 11943 0001:0000226E
 11944 0001:0000226F 11947 0001:00002270 11948 0001:00002275 12261 0001:00002278
 12262 0001:0000227C 12266 0001:00002283 12267 0001:00002288 12268 0001:0000228E
 12269 0001:00002290 12273 0001:00002296 12274 0001:00002299 12275 0001:0000229D
 12276 0001:000022A3 12277 0001:000022A5 12278 0001:000022A8 12279 0001:000022AD
 12283 0001:000022B2 12284 0001:000022B4 12285 0001:000022B7 12286 0001:000022BA
 12287 0001:000022BB 12288 0001:000022BD 12290 0001:000022BF 12291 0001:000022C0
 12292 0001:000022C1 12293 0001:000022C2 12295 0001:000022C3 12297 0001:000022C8
 12381 0001:000022CC 12382 0001:000022D1 12383 0001:000022D7 12384 0001:000022D9
 12388 0001:000022DF 12389 0001:000022E2 12391 0001:000022E7 12392 0001:000022E8
 12393 0001:000022EC 12394 0001:000022EE 12395 0001:000022EF 12396 0001:000022F2
 12397 0001:000022F3 12398 0001:000022F4 12399 0001:000022F9 12401 0001:000022FB
 12437 0001:000022FC 12438 0001:00002302 12439 0001:0000235D 12440 0001:00002361
 12441 0001:00002365 12444 0001:00002369 12445 0001:0000236D 12446 0001:00002371
 12448 0001:00002375 12449 0001:00002379 12450 0001:0000237D 12451 0001:00002381
 12452 0001:00002385 12453 0001:00002389 12455 0001:0000238B 12456 0001:00002396
 12460 0001:0000239C 12462 0001:000023A0 12463 0001:000023A7 12465 0001:000023AD
 12466 0001:000023B4 12467 0001:000023B6 12468 0001:000023BA 12469 0001:000023BB
 12470 0001:000023C0 12471 0001:000023C3 12476 0001:000023C5 12477 0001:000023C9
 12478 0001:000023CA 12479 0001:000023CF 12481 0001:000023D3 12482 0001:000023D5
 12483 0001:000023D6 12484 0001:000023DB 12485 0001:000023DC 12488 0001:000023E2
 12489 0001:000023E6 12490 0001:000023EC 12491 0001:000023EF 12492 0001:000023F2
 12494 0001:000023F4 12495 0001:000023FA 12496 0001:000023FC 12497 0001:00002402
 12498 0001:00002404 12499 0001:00002406 12500 0001:00002408 12501 0001:0000240E
 12505 0001:00002411 12506 0001:00002416 12507 0001:0000241C 12508 0001:0000241E
 12509 0001:00002420 12512 0001:00002422 12513 0001:00002426 12514 0001:0000242B
 12515 0001:0000242E 12516 0001:00002431 12519 0001:00002436 12520 0001:00002438
 12527 0001:0000243C 12528 0001:0000243D 12529 0001:0000243F 12530 0001:00002442
 12531 0001:00002445 12533 0001:00002448 12538 0001:0000244A 12540 0001:00002451
 12541 0001:00002454 12542 0001:00002455 12543 0001:00002458 12549 0001:0000245C
 12550 0001:0000245F 12551 0001:00002461 12552 0001:00002463 12554 0001:00002465
 12555 0001:00002468 12556 0001:0000246A 12557 0001:0000246C 12558 0001:0000246E
 12559 0001:00002471 12562 0001:00002472 12564 0001:00002474 12565 0001:00002477
 12566 0001:00002479 12567 0001:0000247B 12569 0001:0000247D 12570 0001:0000247F
 12572 0001:00002481 12598 0001:00002484 12599 0001:0000248A 12601 0001:00002493
 12602 0001:00002499 12606 0001:0000249C 12607 0001:000024AA 12609 0001:000024AE
 12610 0001:000024AF 12611 0001:000024B5 12612 0001:000024B9 12622 0001:000024C2
 12607 0001:000024C4 12627 0001:000024D7 12628 0001:000024DC 12630 0001:000024E6
 12748 0001:000024EC 12749 0001:000024F3 12751 0001:000024FC 12752 0001:000024FE
 12753 0001:00002500 12757 0001:00002506 12758 0001:00002514 12760 0001:00002518
 12761 0001:0000251E 12762 0001:0000251F 12763 0001:00002525 12773 0001:0000252E
 12758 0001:00002530 12778 0001:00002543 12779 0001:00002548 12781 0001:00002552
 12855 0001:00002558 12856 0001:00002559 12857 0001:0000255A 12858 0001:0000255B
 12862 0001:0000255C 12863 0001:00002561 12864 0001:00002565 12865 0001:00002567
 12870 0001:0000256C 12871 0001:0000256E 12872 0001:00002571 12873 0001:00002576
 12877 0001:00002578 12878 0001:0000257B 12879 0001:0000257E 12880 0001:00002581
 12881 0001:00002584 12882 0001:00002587 12883 0001:0000258A 12884 0001:0000258D
 12888 0001:0000258F 12889 0001:00002594 12890 0001:00002597 12894 0001:0000259A
 12895 0001:0000259C 12896 0001:000025A0 12897 0001:000025A2 12899 0001:000025A4
 12903 0001:000025A7 12904 0001:000025AC 12905 0001:000025B1 12906 0001:000025B6
 12908 0001:000025BB 12909 0001:000025BD 12911 0001:000025C2 12912 0001:000025C5
 12913 0001:000025C6 12914 0001:000025C9 12918 0001:000025CA 12919 0001:000025CB
 12920 0001:000025CD 12921 0001:000025D0 12922 0001:000025D2 12923 0001:000025D4
 12924 0001:000025D6 12930 0001:000025D9 12931 0001:000025DA 12932 0001:000025DE
 12933 0001:000025E0 12934 0001:000025E2 12935 0001:000025E5 12936 0001:000025E8
 12940 0001:000025EA 12941 0001:000025EB 12942 0001:000025EE 12943 0001:000025F0
 12944 0001:000025F2 12950 0001:000025F5 12951 0001:000025FC 12952 0001:000025FE
 12953 0001:00002605 12957 0001:0000260B 12958 0001:0000260E 12959 0001:0000260F
 12960 0001:00002615 12961 0001:0000261A 12962 0001:0000261D 13242 0001:00002640
 13243 0001:00002648 13244 0001:0000264A 13246 0001:00002650 13247 0001:00002663
 13248 0001:0000266F 13249 0001:00002670 13250 0001:00002674 13251 0001:00002676
 13253 0001:0000267C 13254 0001:00002693 13255 0001:000026A0 13256 0001:000026A1
 13257 0001:000026A5 13265 0001:000026AC 13266 0001:000026AE 13267 0001:000026B1
 13268 0001:000026B4 13269 0001:000026B7 13271 0001:000026BA 13272 0001:000026BC
 13273 0001:000026C1 13274 0001:000026C3 13275 0001:000026C4 13280 0001:000026C5
 13281 0001:000026C7 13282 0001:000026CD 13283 0001:000026CF 13284 0001:000026D1
 13287 0001:000026D2 13289 0001:000026D3 13294 0001:000026D6 13300 0001:000026D8
 13301 0001:000026D9 13305 0001:000026E2 13306 0001:000026F6 13309 0001:00002701
 13310 0001:0000271C 13312 0001:00002739 13313 0001:00002742 13328 0001:00002755
 13336 0001:00002768 13352 0001:00002776 13354 0001:0000277F 13355 0001:00002784
 13356 0001:00002789 13362 0001:00002790 13366 0001:000027A6 13368 0001:000027B0
 13372 0001:000027BA 13373 0001:000027C0 13375 0001:000027C5 13376 0001:000027C9
 13377 0001:000027CD 13373 0001:000027CF 13388 0001:000027D4 13389 0001:000027E3
 13393 0001:000027E8 13395 0001:000027ED 13397 0001:000027FC 13400 0001:00002803
 13404 0001:0000280A 13405 0001:00002819 13410 0001:0000281F 13414 0001:00002826
 13415 0001:0000282C 13418 0001:0000282F 13419 0001:00002835 13421 0001:0000283C
 13428 0001:00002841 13429 0001:0000284A 13430 0001:00002850 13433 0001:0000285B
 13383 0001:00002868 13435 0001:0000286D 13439 0001:00002874 13440 0001:00002879
 13441 0001:0000287E 13473 0001:00002880 13475 0001:00002886 13476 0001:0000288B
 13672 0001:0000288C 13673 0001:0000288E 13674 0001:00002890 13675 0001:00002892
 13676 0001:00002898 13677 0001:0000289B 13678 0001:0000289C 13679 0001:0000289E
 13680 0001:000028A2 13681 0001:000028A4 13682 0001:000028A5 13683 0001:000028A8
 13684 0001:000028AD 13686 0001:000028AE 14470 0001:000028B0 14471 0001:000028B2
 14472 0001:000028B4 14473 0001:000028B5 14474 0001:000028B7 14475 0001:000028B9
 14476 0001:000028BB 14477 0001:000028BE 14478 0001:000028C0 14479 0001:000028C3
 14480 0001:000028C5 14481 0001:000028C8 14482 0001:000028CA 14483 0001:000028CD
 14484 0001:000028CF 14485 0001:000028D0 14486 0001:000028D1 14487 0001:000028D2
 14488 0001:000028D3 14490 0001:000028D5 19703 0001:000028D8 19704 0001:000028DA
 19705 0001:000028DF

Line numbers for System(System.pas) segment .text

 21375 0001:000028E0 21376 0001:000028EA 21377 0001:000028F3 21378 0001:00002907
 21380 0001:00002910 21381 0001:0000292A 21382 0001:00002944 21384 0001:0000295E
 21388 0001:000029C4 21389 0001:000029CE 21859 0001:000029D0 21860 0001:000029DC
 21861 0001:000029E4 21863 0001:000029EA 21864 0001:000029F8 21867 0001:00002A10
 21868 0001:00002A15 21861 0001:00002A1D 21873 0001:00002A23 21877 0001:00002A2C
 21878 0001:00002A34 21879 0001:00002A39 21884 0001:00002A3C 21885 0001:00002A43
 21886 0001:00002A51 21888 0001:00002A69 21889 0001:00002A74 21892 0001:00002A80
 21893 0001:00002A85 21895 0001:00002A89 21897 0001:00002A90 21898 0001:00002A97
 21900 0001:00002A99 21893 0001:00002A9B 21904 0001:00002AA7 22910 0001:00002AAC
 22936 0001:00002AB4 22937 0001:00002AB7 22938 0001:00002ABD 22939 0001:00002AC1
 22950 0001:00002AC8 22951 0001:00002ACD 22952 0001:00002AD5 22954 0001:00002ADD
 22956 0001:00002AEC 22958 0001:00002AF7 22959 0001:00002B01 22963 0001:00002B04
 22964 0001:00002B0C 22965 0001:00002B14 22966 0001:00002B1C 22976 0001:00002B24
 22977 0001:00002B27 22978 0001:00002B35 22981 0001:00002B38 22982 0001:00002B3B
 22983 0001:00002B4A

Line numbers for System(C:\Builds\TP\rtl\sys\delayhlp.c) segment .text

    61 0001:00002B4C    65 0001:00002B54    66 0001:00002B5F    68 0001:00002B63
    75 0001:00002B72    76 0001:00002B75    77 0001:00002B7C    78 0001:00002B82
    80 0001:00002B86    82 0001:00002B8C    86 0001:00002B93    84 0001:00002B95
    89 0001:00002B9E    91 0001:00002BA2    94 0001:00002BA6    95 0001:00002BAC
    99 0001:00002BAE   103 0001:00002BB1   104 0001:00002BC1   108 0001:00002BC3
   110 0001:00002BC9   114 0001:00002BCD   115 0001:00002BD0   112 0001:00002BD1
   118 0001:00002BD6   119 0001:00002BD8   121 0001:00002BDA   123 0001:00002BE0
   124 0001:00002BE3   126 0001:00002BE7   128 0001:00002BEE   129 0001:00002C05
   131 0001:00002C0A   133 0001:00002C0D   134 0001:00002C13   136 0001:00002C17
   138 0001:00002C1A   139 0001:00002C25   141 0001:00002C2C   142 0001:00002C2E
   144 0001:00002C32   156 0001:00002C3E   157 0001:00002C4E   158 0001:00002C55
   159 0001:00002C58   160 0001:00002C5E   162 0001:00002C64   168 0001:00002C69
   170 0001:00002C7A   172 0001:00002C83   174 0001:00002C94   175 0001:00002C9C
   178 0001:00002C9E   184 0001:00002CA9   186 0001:00002CAB   188 0001:00002CB4
   190 0001:00002CC6   194 0001:00002CCB   196 0001:00002CD3   198 0001:00002CDC
   201 0001:00002CEA   203 0001:00002CEE   206 0001:00002CF8   208 0001:00002CFC
   209 0001:00002D04   215 0001:00002D0D   218 0001:00002D1B   220 0001:00002D1F
   222 0001:00002D25   233 0001:00002D37   241 0001:00002D3F   243 0001:00002D49
   245 0001:00002D4F   246 0001:00002D56   247 0001:00002D59   250 0001:00002D5B
   251 0001:00002D61   254 0001:00002D66   258 0001:00002D70   260 0001:00002D73
   262 0001:00002D7C   265 0001:00002D8A   267 0001:00002D8E   270 0001:00002D9A
   272 0001:00002DA2   277 0001:00002DC0   278 0001:00002DCB   279 0001:00002DD4
   283 0001:00002DD6   286 0001:00002DE1   288 0001:00002DE5   290 0001:00002DED
   295 0001:00002DF6   298 0001:00002E04   300 0001:00002E08   302 0001:00002E0E
   313 0001:00002E20   317 0001:00002E23   320 0001:00002E28   322 0001:00002E31
   323 0001:00002E36   324 0001:00002E39   325 0001:00002E3C   328 0001:00002E48
   329 0001:00002E4A   331 0001:00002E53   333 0001:00002E5C   335 0001:00002E69
   336 0001:00002E6E   346 0001:00002E73   347 0001:00002E7E   348 0001:00002E84
   350 0001:00002E89   352 0001:00002E90   355 0001:00002E97   356 0001:00002E99
   358 0001:00002E9E   363 0001:00002EAB   365 0001:00002EB5   367 0001:00002EB9
   369 0001:00002EBF   371 0001:00002ECF   374 0001:00002ED7   375 0001:00002EE0
   379 0001:00002EE4   378 0001:00002EEC   380 0001:00002EF1   383 0001:00002EF6
   385 0001:00002F00   386 0001:00002F02   388 0001:00002F08   395 0001:00002F0B
   396 0001:00002F15   398 0001:00002F17   406 0001:00002F1A   407 0001:00002F21
   408 0001:00002F2B

Line numbers for System(System.pas) segment .text

 23074 0001:00002F30 23075 0001:00002F53 23076 0001:00002F5D 23081 0001:00002F67
 23084 0001:00002F6C 23085 0001:00002F71 23087 0001:00002F76

Line numbers for System(System.pas) segment .itext

 23017 0002:00000000 23019 0002:0000000D 23020 0002:00000012 23021 0002:00000017
 23027 0002:0000001C 23030 0002:00000023 23031 0002:0000002D 23042 0002:00000037
 23043 0002:0000003E 23053 0002:00000048 23055 0002:00000052 23057 0002:00000057
 23058 0002:00000060 23059 0002:00000069 23062 0002:00000072 23063 0002:0000007C
 23064 0002:00000086 23065 0002:00000090 23067 0002:0000009A 23070 0002:000000A4
 23073 0002:000000A9

Line numbers for SysInit(SysInit.pas) segment .text

   124 0001:00002FA4   127 0001:00002FAC   130 0001:00002FB4   133 0001:00002FBC
   136 0001:00002FC4   139 0001:00002FCC   159 0001:00002FD4   160 0001:00002FDC
   274 0001:00002FE0   275 0001:00002FE5   282 0001:00002FE8   287 0001:00002FE9
   288 0001:00002FF0   292 0001:00002FF4   293 0001:00003007   294 0001:0000300E
   295 0001:00003012   297 0001:0000301E   298 0001:0000302A   303 0001:0000302C
   305 0001:00003035   306 0001:0000303F   307 0001:00003044   308 0001:00003054
   314 0001:00003058   316 0001:00003061   317 0001:0000306A   318 0001:00003075
   319 0001:00003079   320 0001:0000307F   323 0001:0000308C   327 0001:00003090
   329 0001:00003099   330 0001:0000309E   331 0001:000030A7   332 0001:000030B2
   354 0001:000030B4   355 0001:000030BA   356 0001:000030BF   357 0001:000030C1
   358 0001:000030C3   359 0001:000030CA   360 0001:000030CD   363 0001:000030CE
   364 0001:000030D3   365 0001:000030D8   366 0001:000030D9   367 0001:000030DE
   368 0001:000030E0   369 0001:000030E2   372 0001:000030E3   373 0001:000030E8
   376 0001:000030E9   377 0001:000030EA   378 0001:000030EF   379 0001:000030F1
   380 0001:000030F3   418 0001:000030F4   419 0001:000030FE   558 0001:00003100
   559 0001:00003105   560 0001:00003109   562 0001:0000310B   563 0001:0000310C
   564 0001:0000310D   565 0001:00003114   566 0001:00003117   567 0001:0000311D
   568 0001:00003120   569 0001:00003127   570 0001:0000312E   571 0001:00003131
   572 0001:00003134   573 0001:00003139   574 0001:0000313A   577 0001:0000313B
   578 0001:00003141   579 0001:00003146   580 0001:0000314B   849 0001:0000314C

Line numbers for Types(Types.pas) segment .text

   651 0001:00000000

Line numbers for Windows(Windows.pas) segment .text

 31346 0001:0000314C 31382 0001:00003154 31545 0001:0000315C 31780 0001:00003164
 31879 0001:0000316C 32078 0001:00003174 32778 0001:0000317C 33043 0001:00003184
 33271 0001:0000318C 33340 0001:00003194 33366 0001:0000319C 33487 0001:000031A4
 33543 0001:000031AC 34340 0001:000031B4 34341 0001:000031BA 34342 0001:000031C1
 34345 0001:000031CB 34346 0001:000031D4 34347 0001:000031DD 34349 0001:000031E6
 34376 0001:000031F0 34377 0001:0000320C

Line numbers for Windows(Windows.pas) segment .itext

 34372 0002:000000AC 34373 0002:000000B5 34374 0002:000000BA 34375 0002:000000C1

Line numbers for Messages(Messages.pas) segment .text

  1963 0001:00000000

Line numbers for SniffDll(SniffDll.dpr) segment .text

    35 0001:00003220    36 0001:0000322F    38 0001:00003233    39 0001:00003247
    41 0001:00003249    42 0001:0000325D    47 0001:0000327D    48 0001:00003282
    49 0001:00003286    58 0001:000032A8    59 0001:000032AA    62 0001:000032B4
    63 0001:000032B7    66 0001:000032BD    67 0001:000032C8    72 0001:000032E8
    74 0001:000032F6    80 0001:000032FC    81 0001:0000330B    84 0001:0000331A
    86 0001:00003334    88 0001:0000333D    89 0001:00003350    94 0001:00003351
    95 0001:0000336C    97 0001:00003375    98 0001:00003380   101 0001:00003393
   105 0001:0000347C   106 0001:00003487   107 0001:00003492   110 0001:00003494
   111 0001:00003497   112 0001:000034A1   113 0001:000034A8   115 0001:000034AD

Line numbers for SniffDll(SniffDll.dpr) segment .itext

   120 0002:000000C4   121 0002:000000D4   129 0002:000000DB   130 0002:000000E2

Bound resource files

SniffDll.drf


Program entry point at 0002:000000C4
